Archive member included because of file (symbol)

/OPT/altera/12.1/nios2eds/bin/gnu/H-i686-pc-linux-gnu/bin/../lib/gcc/nios2-elf/4.1.2/libgcc.a(lib2-divmod.o)
                              obj/default/srec_flash.o (__divsi3)
/OPT/altera/12.1/nios2eds/bin/gnu/H-i686-pc-linux-gnu/bin/../lib/gcc/nios2-elf/4.1.2/../../../../nios2-elf/lib/libc.a(lib_a-atoi.o)
                              obj/default/http.o (atoi)
/OPT/altera/12.1/nios2eds/bin/gnu/H-i686-pc-linux-gnu/bin/../lib/gcc/nios2-elf/4.1.2/../../../../nios2-elf/lib/libc.a(lib_a-ctype_.o)
                              obj/default/http.o (__ctype_ptr)
/OPT/altera/12.1/nios2eds/bin/gnu/H-i686-pc-linux-gnu/bin/../lib/gcc/nios2-elf/4.1.2/../../../../nios2-elf/lib/libc.a(lib_a-fclose.o)
                              obj/default/http.o (fclose)
/OPT/altera/12.1/nios2eds/bin/gnu/H-i686-pc-linux-gnu/bin/../lib/gcc/nios2-elf/4.1.2/../../../../nios2-elf/lib/libc.a(lib_a-fflush.o)
                              /OPT/altera/12.1/nios2eds/bin/gnu/H-i686-pc-linux-gnu/bin/../lib/gcc/nios2-elf/4.1.2/../../../../nios2-elf/lib/libc.a(lib_a-fclose.o) (_fflush_r)
/OPT/altera/12.1/nios2eds/bin/gnu/H-i686-pc-linux-gnu/bin/../lib/gcc/nios2-elf/4.1.2/../../../../nios2-elf/lib/libc.a(lib_a-fgetpos.o)
                              obj/default/http.o (fgetpos)
/OPT/altera/12.1/nios2eds/bin/gnu/H-i686-pc-linux-gnu/bin/../lib/gcc/nios2-elf/4.1.2/../../../../nios2-elf/lib/libc.a(lib_a-findfp.o)
                              /OPT/altera/12.1/nios2eds/bin/gnu/H-i686-pc-linux-gnu/bin/../lib/gcc/nios2-elf/4.1.2/../../../../nios2-elf/lib/libc.a(lib_a-fclose.o) (__sfp_lock_acquire)
/OPT/altera/12.1/nios2eds/bin/gnu/H-i686-pc-linux-gnu/bin/../lib/gcc/nios2-elf/4.1.2/../../../../nios2-elf/lib/libc.a(lib_a-fopen.o)
                              obj/default/http.o (fopen)
/OPT/altera/12.1/nios2eds/bin/gnu/H-i686-pc-linux-gnu/bin/../lib/gcc/nios2-elf/4.1.2/../../../../nios2-elf/lib/libc.a(lib_a-fprintf.o)
                              obj/default/alt_error_handler.o (fprintf)
/OPT/altera/12.1/nios2eds/bin/gnu/H-i686-pc-linux-gnu/bin/../lib/gcc/nios2-elf/4.1.2/../../../../nios2-elf/lib/libc.a(lib_a-fread.o)
                              obj/default/http.o (fread)
/OPT/altera/12.1/nios2eds/bin/gnu/H-i686-pc-linux-gnu/bin/../lib/gcc/nios2-elf/4.1.2/../../../../nios2-elf/lib/libc.a(lib_a-freer.o)
                              /OPT/altera/12.1/nios2eds/bin/gnu/H-i686-pc-linux-gnu/bin/../lib/gcc/nios2-elf/4.1.2/../../../../nios2-elf/lib/libc.a(lib_a-fclose.o) (_free_r)
/OPT/altera/12.1/nios2eds/bin/gnu/H-i686-pc-linux-gnu/bin/../lib/gcc/nios2-elf/4.1.2/../../../../nios2-elf/lib/libc.a(lib_a-fseek.o)
                              /OPT/altera/12.1/nios2eds/bin/gnu/H-i686-pc-linux-gnu/bin/../lib/gcc/nios2-elf/4.1.2/../../../../nios2-elf/lib/libc.a(lib_a-fopen.o) (_fseek_r)
/OPT/altera/12.1/nios2eds/bin/gnu/H-i686-pc-linux-gnu/bin/../lib/gcc/nios2-elf/4.1.2/../../../../nios2-elf/lib/libc.a(lib_a-fstatr.o)
                              /OPT/altera/12.1/nios2eds/bin/gnu/H-i686-pc-linux-gnu/bin/../lib/gcc/nios2-elf/4.1.2/../../../../nios2-elf/lib/libc.a(lib_a-fseek.o) (_fstat_r)
/OPT/altera/12.1/nios2eds/bin/gnu/H-i686-pc-linux-gnu/bin/../lib/gcc/nios2-elf/4.1.2/../../../../nios2-elf/lib/libc.a(lib_a-ftell.o)
                              /OPT/altera/12.1/nios2eds/bin/gnu/H-i686-pc-linux-gnu/bin/../lib/gcc/nios2-elf/4.1.2/../../../../nios2-elf/lib/libc.a(lib_a-fgetpos.o) (_ftell_r)
/OPT/altera/12.1/nios2eds/bin/gnu/H-i686-pc-linux-gnu/bin/../lib/gcc/nios2-elf/4.1.2/../../../../nios2-elf/lib/libc.a(lib_a-fwalk.o)
                              /OPT/altera/12.1/nios2eds/bin/gnu/H-i686-pc-linux-gnu/bin/../lib/gcc/nios2-elf/4.1.2/../../../../nios2-elf/lib/libc.a(lib_a-fflush.o) (_fwalk_reent)
/OPT/altera/12.1/nios2eds/bin/gnu/H-i686-pc-linux-gnu/bin/../lib/gcc/nios2-elf/4.1.2/../../../../nios2-elf/lib/libc.a(lib_a-fwrite.o)
                              obj/default/alt_error_handler.o (fwrite)
/OPT/altera/12.1/nios2eds/bin/gnu/H-i686-pc-linux-gnu/bin/../lib/gcc/nios2-elf/4.1.2/../../../../nios2-elf/lib/libc.a(lib_a-impure.o)
                              obj/default/alt_error_handler.o (_impure_ptr)
/OPT/altera/12.1/nios2eds/bin/gnu/H-i686-pc-linux-gnu/bin/../lib/gcc/nios2-elf/4.1.2/../../../../nios2-elf/lib/libc.a(lib_a-int_errno.o)
                              /OPT/altera/12.1/nios2eds/bin/gnu/H-i686-pc-linux-gnu/bin/../lib/gcc/nios2-elf/4.1.2/../../../../nios2-elf/lib/libc.a(lib_a-fstatr.o) (errno)
/OPT/altera/12.1/nios2eds/bin/gnu/H-i686-pc-linux-gnu/bin/../lib/gcc/nios2-elf/4.1.2/../../../../nios2-elf/lib/libc.a(lib_a-makebuf.o)
                              /OPT/altera/12.1/nios2eds/bin/gnu/H-i686-pc-linux-gnu/bin/../lib/gcc/nios2-elf/4.1.2/../../../../nios2-elf/lib/libc.a(lib_a-fseek.o) (__smakebuf_r)
/OPT/altera/12.1/nios2eds/bin/gnu/H-i686-pc-linux-gnu/bin/../lib/gcc/nios2-elf/4.1.2/../../../../nios2-elf/lib/libc.a(lib_a-mallocr.o)
[...]
Memory Configuration

Name             Origin             Length             Attributes
sdram_0          0x00800000         0x00800000
reset            0x01400000         0x00000020
generic_tristate_controller_0 0x01400020         0x003fffe0
onchip_memory2_0_BEFORE_EXCEPTION 0x01904000         0x00000020
onchip_memory2_0 0x01904020         0x00003fe0
*default*        0x00000000         0xffffffff

Linker script and memory map

LOAD ../Webserver_bsp//obj/HAL/src/crt0.o
LOAD obj/default/alt_error_handler.o
LOAD obj/default/dm9000a.o
LOAD obj/default/http.o
LOAD obj/default/network_utilities.o
LOAD obj/default/srec_flash.o
LOAD obj/default/web_server.o
LOAD /OPT/altera/12.1/nios2eds/bin/gnu/H-i686-pc-linux-gnu/bin/../lib/gcc/nios2-elf/4.1.2/../../../../nios2-elf/lib/libstdc++.a
LOAD /OPT/altera/12.1/nios2eds/bin/gnu/H-i686-pc-linux-gnu/bin/../lib/gcc/nios2-elf/4.1.2/../../../../nios2-elf/lib/libm.a
LOAD /OPT/altera/12.1/nios2eds/bin/gnu/H-i686-pc-linux-gnu/bin/../lib/gcc/nios2-elf/4.1.2/libgcc.a
START GROUP
LOAD /OPT/altera/12.1/nios2eds/bin/gnu/H-i686-pc-linux-gnu/bin/../lib/gcc/nios2-elf/4.1.2/../../../../nios2-elf/lib/libc.a
LOAD /OPT/altera/12.1/nios2eds/bin/gnu/H-i686-pc-linux-gnu/bin/../lib/gcc/nios2-elf/4.1.2/libgcc.a
LOAD ../Webserver_bsp//libucosii_bsp.a
END GROUP
LOAD /OPT/altera/12.1/nios2eds/bin/gnu/H-i686-pc-linux-gnu/bin/../lib/gcc/nios2-elf/4.1.2/libgcc.a
                0x00800000                __alt_mem_sdram_0 = 0x800000
                0x01400000                __alt_mem_generic_tristate_controller_0 = 0x1400000
                0x01904000                __alt_mem_onchip_memory2_0 = 0x1904000

.entry          0x01400000        0x0
 *(.entry)
 .entry         0x01400000        0x0 ../Webserver_bsp//obj/HAL/src/crt0.o
                0x01400000                __reset

.exceptions     0x01904020      0x19c
                0x01904020                PROVIDE (__ram_exceptions_start, ABSOLUTE (.))
                0x01904020                . = ALIGN (0x20)
 *(.irq)
 *(.exceptions.entry.label)
 .exceptions.entry.label
                0x01904020        0x0 ../Webserver_bsp//libucosii_bsp.a(alt_irq_entry.o)
                0x01904020                alt_irq_entry
 .exceptions.entry.label
                0x01904020        0x0 ../Webserver_bsp//libucosii_bsp.a(alt_exception_entry.o)
                0x01904020                alt_exception
 *(.exceptions.entry.user)
 *(.exceptions.entry)
 .exceptions.entry
                0x01904020       0x54 ../Webserver_bsp//libucosii_bsp.a(alt_exception_entry.o)
 *(.exceptions.irqtest.user)
 *(.exceptions.irqtest)
 .exceptions.irqtest
                0x01904074       0x10 ../Webserver_bsp//libucosii_bsp.a(alt_irq_entry.o)
 *(.exceptions.irqhandler.user)
 *(.exceptions.irqhandler)
 .exceptions.irqhandler
                0x01904084        0x4 ../Webserver_bsp//libucosii_bsp.a(alt_irq_entry.o)
 *(.exceptions.irqreturn.user)
 *(.exceptions.irqreturn)
 .exceptions.irqreturn
                0x01904088        0x4 ../Webserver_bsp//libucosii_bsp.a(alt_irq_entry.o)
 *(.exceptions.notirq.label)
 .exceptions.notirq.label
                0x0190408c        0x0 ../Webserver_bsp//libucosii_bsp.a(alt_irq_entry.o)
 *(.exceptions.notirq.user)
 *(.exceptions.notirq)
 .exceptions.notirq
                0x0190408c        0x8 ../Webserver_bsp//libucosii_bsp.a(alt_exception_entry.o)
 *(.exceptions.soft.user)
 *(.exceptions.soft)
 *(.exceptions.unknown.user)
 *(.exceptions.unknown)
 .exceptions.unknown
                0x01904094        0x4 ../Webserver_bsp//libucosii_bsp.a(alt_exception_entry.o)
 *(.exceptions.exit.label)
 .exceptions.exit.label
                0x01904098        0x0 ../Webserver_bsp//libucosii_bsp.a(alt_irq_entry.o)
 .exceptions.exit.label
                0x01904098        0x0 ../Webserver_bsp//libucosii_bsp.a(alt_exception_entry.o)
 *(.exceptions.exit.user)
 *(.exceptions.exit)
 .exceptions.exit
                0x01904098       0x54 ../Webserver_bsp//libucosii_bsp.a(alt_exception_entry.o)
 *(.exceptions)
 .exceptions    0x019040ec       0xd0 ../Webserver_bsp//libucosii_bsp.a(alt_irq_handler.o)
                0x019040ec                alt_irq_handler
                0x019041bc                PROVIDE (__ram_exceptions_end, ABSOLUTE (.))
                0x01904020                PROVIDE (__flash_exceptions_start, LOADADDR (.exceptions))

.text           0x00800000    0x4a558
                0x00800000                PROVIDE (stext, ABSOLUTE (.))
 *(.interp)
 *(.hash)
 *(.dynsym)
 *(.dynstr)
 *(.gnu.version)
 *(.gnu.version_d)
 *(.gnu.version_r)
 *(.rel.init)
 *(.rela.init)
 *(.rel.text .rel.text.* .rel.gnu.linkonce.t.*)
 *(.rela.text .rela.text.* .rela.gnu.linkonce.t.*)
 *(.rel.fini)
 *(.rela.fini)
 *(.rel.rodata .rel.rodata.* .rel.gnu.linkonce.r.*)
 *(.rela.rodata .rela.rodata.* .rela.gnu.linkonce.r.*)
 *(.rel.data .rel.data.* .rel.gnu.linkonce.d.*)
 *(.rela.data .rela.data.* .rela.gnu.linkonce.d.*)
 *(.rel.tdata .rel.tdata.* .rel.gnu.linkonce.td.*)
 *(.rela.tdata .rela.tdata.* .rela.gnu.linkonce.td.*)
 *(.rel.tbss .rel.tbss.* .rel.gnu.linkonce.tb.*)
 *(.rela.tbss .rela.tbss.* .rela.gnu.linkonce.tb.*)
 *(.rel.ctors)
 *(.rela.ctors)
 *(.rel.dtors)
 *(.rela.dtors)
 *(.rel.got)
 *(.rela.got)
 *(.rel.sdata .rel.sdata.* .rel.gnu.linkonce.s.*)
 *(.rela.sdata .rela.sdata.* .rela.gnu.linkonce.s.*)
 *(.rel.sbss .rel.sbss.* .rel.gnu.linkonce.sb.*)
 *(.rela.sbss .rela.sbss.* .rela.gnu.linkonce.sb.*)
 *(.rel.sdata2 .rel.sdata2.* .rel.gnu.linkonce.s2.*)
 *(.rela.sdata2 .rela.sdata2.* .rela.gnu.linkonce.s2.*)
 *(.rel.sbss2 .rel.sbss2.* .rel.gnu.linkonce.sb2.*)
 *(.rela.sbss2 .rela.sbss2.* .rela.gnu.linkonce.sb2.*)
 *(.rel.bss .rel.bss.* .rel.gnu.linkonce.b.*)
 *(.rela.bss .rela.bss.* .rela.gnu.linkonce.b.*)
 *(.rel.plt)
 *(.rela.plt)
 *(.rel.dyn)
 *(.init)
 *(.plt)
 *(.text .stub .text.* .gnu.linkonce.t.*)
 .text          0x00800000       0x48 ../Webserver_bsp//obj/HAL/src/crt0.o
                0x00800000                _start
 .text          0x00800048      0x624 obj/default/alt_error_handler.o
                0x00800048                alt_uCOSIIErrorHandler
 .text          0x0080066c      0xdf0 obj/default/dm9000a.o
                0x0080066c                dm9000a_iow
                0x008006c0                dm9000a_ior
                0x0080070c                phy_write
                0x008007a8                dm9000a_reset
                0x0080096c                TransmitPacket
                0x00800a88                prep_dm9000a
                0x00800c4c                dm9000a_init
                0x0080109c                dm9Ka_isr_wrap
                0x008010dc                dm9ka_init
                0x008011d4                dm9ka_close
                0x008012e4                dm9ka_stats
                0x00801340                dm9ka_pkt_send
 .text          0x0080145c     0x284c obj/default/http.o
                0x0080145c                print
                0x0080148c                sweep
                0x00801574                http_cleanup_lcd_text
                0x008015f8                lcd_output
                0x008016c0                http_parse_multipart_header
                0x00801910                file_upload
                0x00801b74                ProgFlashStub
                0x00801bc4                http_reset_connection
                0x00801cb4                http_manage_connection
                0x00801e60                http_handle_accept
                0x00801f88                http_read_line
                0x00802038                http_parse_type_boundary
                0x00802124                http_process_headers
                0x00802358                http_process_request
                0x0080264c                http_send_file_chunk
                0x008027f8                http_send_file_header
                0x00802f38                http_find_file
                0x008031b4                http_send_redirect
                0x008031e8                http_handle_post
                0x008034e0                http_prepare_response
                0x00803554                http_handle_receive
                0x00803910                http_handle_transmit
                0x00803970                WSTask
 .text          0x00803ca8      0x7a8 obj/default/network_utilities.o
                0x00803ca8                die_with_error
                0x00803cd8                get_serial_number
                0x00803ddc                generate_and_store_mac_addr
                0x00803f88                generate_mac_addr
                0x008040c4                get_board_mac_addr
                0x00804258                get_mac_addr
                0x008042b0                get_ip_addr
                0x0080430c                FindLastFlashSectorOffset
 .text          0x00804450      0x820 obj/default/srec_flash.o
                0x00804450                ProgFlash
                0x008046f4                ParseAndProgramLine
                0x008049b0                ParseSRECBuf
 .text          0x00804c70      0x368 obj/default/web_server.o
                0x00804c70                WSInitialTask
                0x00804ce8                main
                0x00804ecc                board_control_task
                0x00804f5c                LED_task
 .text          0x00804fd8      0x14c /OPT/altera/12.1/nios2eds/bin/gnu/H-i686-pc-linux-gnu/bin/../lib/gcc/nios2-elf/4.1.2/libgcc.a(lib2-divmod.o)
                0x00805054                __divsi3
                0x008050b4                __modsi3
                0x00805114                __udivsi3
                0x0080511c                __umodsi3
 .text          0x00805124       0x18 /OPT/altera/12.1/nios2eds/bin/gnu/H-i686-pc-linux-gnu/bin/../lib/gcc/nios2-elf/4.1.2/../../../../nios2-elf/lib/libc.a(lib_a-atoi.o)
                0x00805124                _atoi_r
                0x00805130                atoi
 .text          0x0080513c        0x0 /OPT/altera/12.1/nios2eds/bin/gnu/H-i686-pc-linux-gnu/bin/../lib/gcc/nios2-elf/4.1.2/../../../../nios2-elf/lib/libc.a(lib_a-ctype_.o)
 .text          0x0080513c      0x124 /OPT/altera/12.1/nios2eds/bin/gnu/H-i686-pc-linux-gnu/bin/../lib/gcc/nios2-elf/4.1.2/../../../../nios2-elf/lib/libc.a(lib_a-fclose.o)
                0x0080513c                _fclose_r
                0x0080524c                fclose
 .text          0x00805260      0x230 /OPT/altera/12.1/nios2eds/bin/gnu/H-i686-pc-linux-gnu/bin/../lib/gcc/nios2-elf/4.1.2/../../../../nios2-elf/lib/libc.a(lib_a-fflush.o)
                0x00805260                _fflush_r
                0x0080545c                fflush
 .text          0x00805490       0x48 /OPT/altera/12.1/nios2eds/bin/gnu/H-i686-pc-linux-gnu/bin/../lib/gcc/nios2-elf/4.1.2/../../../../nios2-elf/lib/libc.a(lib_a-fgetpos.o)
                0x00805490                _fgetpos_r
                0x008054bc                fgetpos
 .text          0x008054d8      0x2c0 /OPT/altera/12.1/nios2eds/bin/gnu/H-i686-pc-linux-gnu/bin/../lib/gcc/nios2-elf/4.1.2/../../../../nios2-elf/lib/libc.a(lib_a-findfp.o)
                0x00805530                __sfp_lock_acquire
                0x00805534                __sfp_lock_release
                0x00805538                __sinit_lock_acquire
                0x0080553c                __sinit_lock_release
                0x00805540                __sinit
                0x008055f4                __fp_unlock_all
                0x0080560c                __fp_lock_all
                0x00805624                _cleanup_r
                0x00805630                _cleanup
                0x00805640                __sfmoreglue
                0x008056a8                __sfp
 .text          0x00805798      0x110 /OPT/altera/12.1/nios2eds/bin/gnu/H-i686-pc-linux-gnu/bin/../lib/gcc/nios2-elf/4.1.2/../../../../nios2-elf/lib/libc.a(lib_a-fopen.o)
                0x00805798                _fopen_r
                0x0080588c                fopen
 .text          0x008058a8       0x60 /OPT/altera/12.1/nios2eds/bin/gnu/H-i686-pc-linux-gnu/bin/../lib/gcc/nios2-elf/4.1.2/../../../../nios2-elf/lib/libc.a(lib_a-fprintf.o)
                0x008058a8                fprintf
                0x008058d4                _fprintf_r
 .text          0x00805908      0x23c /OPT/altera/12.1/nios2eds/bin/gnu/H-i686-pc-linux-gnu/bin/../lib/gcc/nios2-elf/4.1.2/../../../../nios2-elf/lib/libc.a(lib_a-fread.o)
                0x00805908                _fread_r
                0x00805b04                fread
 .text          0x00805b44      0x440 /OPT/altera/12.1/nios2eds/bin/gnu/H-i686-pc-linux-gnu/bin/../lib/gcc/nios2-elf/4.1.2/../../../../nios2-elf/lib/libc.a(lib_a-freer.o)
                0x00805b44                _malloc_trim_r
                0x00805c70                _free_r
 .text          0x00805f84      0x460 /OPT/altera/12.1/nios2eds/bin/gnu/H-i686-pc-linux-gnu/bin/../lib/gcc/nios2-elf/4.1.2/../../../../nios2-elf/lib/libc.a(lib_a-fseek.o)
                0x00805f84                _fseek_r
                0x008063c0                fseek
 .text          0x008063e4       0x74 /OPT/altera/12.1/nios2eds/bin/gnu/H-i686-pc-linux-gnu/bin/../lib/gcc/nios2-elf/4.1.2/../../../../nios2-elf/lib/libc.a(lib_a-fstatr.o)
                0x008063e4                _fstat_r
 .text          0x00806458      0x10c /OPT/altera/12.1/nios2eds/bin/gnu/H-i686-pc-linux-gnu/bin/../lib/gcc/nios2-elf/4.1.2/../../../../nios2-elf/lib/libc.a(lib_a-ftell.o)
                0x00806458                _ftell_r
                0x00806550                ftell
 .text          0x00806564      0x180 /OPT/altera/12.1/nios2eds/bin/gnu/H-i686-pc-linux-gnu/bin/../lib/gcc/nios2-elf/4.1.2/../../../../nios2-elf/lib/libc.a(lib_a-fwalk.o)
                0x00806564                _fwalk_reent
                0x0080662c                _fwalk
 .text          0x008066e4       0xdc /OPT/altera/12.1/nios2eds/bin/gnu/H-i686-pc-linux-gnu/bin/../lib/gcc/nios2-elf/4.1.2/../../../../nios2-elf/lib/libc.a(lib_a-fwrite.o)
                0x008066e4                _fwrite_r
                0x00806780                fwrite
 .text          0x008067c0        0x0 /OPT/altera/12.1/nios2eds/bin/gnu/H-i686-pc-linux-gnu/bin/../lib/gcc/nios2-elf/4.1.2/../../../../nios2-elf/lib/libc.a(lib_a-impure.o)
 .text          0x008067c0        0x0 /OPT/altera/12.1/nios2eds/bin/gnu/H-i686-pc-linux-gnu/bin/../lib/gcc/nios2-elf/4.1.2/../../../../nios2-elf/lib/libc.a(lib_a-int_errno.o)
 .text          0x008067c0      0x194 /OPT/altera/12.1/nios2eds/bin/gnu/H-i686-pc-linux-gnu/bin/../lib/gcc/nios2-elf/4.1.2/../../../../nios2-elf/lib/libc.a(lib_a-makebuf.o)
                0x008067c0                __smakebuf_r
 .text          0x00806954      0x740 /OPT/altera/12.1/nios2eds/bin/gnu/H-i686-pc-linux-gnu/bin/../lib/gcc/nios2-elf/4.1.2/../../../../nios2-elf/lib/libc.a(lib_a-mallocr.o)
                0x00806954                _malloc_r
 .text          0x00807094       0xa0 /OPT/altera/12.1/nios2eds/bin/gnu/H-i686-pc-linux-gnu/bin/../lib/gcc/nios2-elf/4.1.2/../../../../nios2-elf/lib/libc.a(lib_a-memcpy.o)
                0x00807094                memcpy
 .text          0x00807134       0xe0 /OPT/altera/12.1/nios2eds/bin/gnu/H-i686-pc-linux-gnu/bin/../lib/gcc/nios2-elf/4.1.2/../../../../nios2-elf/lib/libc.a(lib_a-memmove.o)
                0x00807134                memmove
 .text          0x00807214       0x98 /OPT/altera/12.1/nios2eds/bin/gnu/H-i686-pc-linux-gnu/bin/../lib/gcc/nios2-elf/4.1.2/../../../../nios2-elf/lib/libc.a(lib_a-memset.o)
                0x00807214                memset
 .text          0x008072ac       0x78 /OPT/altera/12.1/nios2eds/bin/gnu/H-i686-pc-linux-gnu/bin/../lib/gcc/nios2-elf/4.1.2/../../../../nios2-elf/lib/libc.a(lib_a-openr.o)
                0x008072ac                _open_r
 .text          0x00807324       0x80 /OPT/altera/12.1/nios2eds/bin/gnu/H-i686-pc-linux-gnu/bin/../lib/gcc/nios2-elf/4.1.2/../../../../nios2-elf/lib/libc.a(lib_a-perror.o)
                0x00807324                _perror_r
                0x00807390                perror
 .text          0x008073a4       0x78 /OPT/altera/12.1/nios2eds/bin/gnu/H-i686-pc-linux-gnu/bin/../lib/gcc/nios2-elf/4.1.2/../../../../nios2-elf/lib/libc.a(lib_a-printf.o)
                0x008073a4                printf
                0x008073e8                _printf_r
 .text          0x0080741c       0xb4 /OPT/altera/12.1/nios2eds/bin/gnu/H-i686-pc-linux-gnu/bin/../lib/gcc/nios2-elf/4.1.2/../../../../nios2-elf/lib/libc.a(lib_a-puts.o)
                0x0080741c                _puts_r
                0x008074bc                puts
 .text          0x008074d0      0x1e0 /OPT/altera/12.1/nios2eds/bin/gnu/H-i686-pc-linux-gnu/bin/../lib/gcc/nios2-elf/4.1.2/../../../../nios2-elf/lib/libc.a(lib_a-refill.o)
                0x008074d0                __srefill_r
 .text          0x008076b0       0x70 /OPT/altera/12.1/nios2eds/bin/gnu/H-i686-pc-linux-gnu/bin/../lib/gcc/nios2-elf/4.1.2/../../../../nios2-elf/lib/libc.a(lib_a-sbrkr.o)
                0x008076b0                _sbrk_r
 .text          0x00807720       0xd4 /OPT/altera/12.1/nios2eds/bin/gnu/H-i686-pc-linux-gnu/bin/../lib/gcc/nios2-elf/4.1.2/../../../../nios2-elf/lib/libc.a(lib_a-sprintf.o)
                0x00807720                sprintf
                0x00807794                _sprintf_r
 .text          0x008077f4      0x114 /OPT/altera/12.1/nios2eds/bin/gnu/H-i686-pc-linux-gnu/bin/../lib/gcc/nios2-elf/4.1.2/../../../../nios2-elf/lib/libc.a(lib_a-sscanf.o)
                0x008077fc                _sscanf_r
                0x00807884                sscanf
 .text          0x00807908      0x14c /OPT/altera/12.1/nios2eds/bin/gnu/H-i686-pc-linux-gnu/bin/../lib/gcc/nios2-elf/4.1.2/../../../../nios2-elf/lib/libc.a(lib_a-stdio.o)
                0x00807908                __sclose
                0x00807910                __sseek
                0x00807978                __swrite
                0x008079f4                __sread
 .text          0x00807a54       0xb0 /OPT/altera/12.1/nios2eds/bin/gnu/H-i686-pc-linux-gnu/bin/../lib/gcc/nios2-elf/4.1.2/../../../../nios2-elf/lib/libc.a(lib_a-strcasecmp.o)
                0x00807a54                strcasecmp
 .text          0x00807b04       0x90 /OPT/altera/12.1/nios2eds/bin/gnu/H-i686-pc-linux-gnu/bin/../lib/gcc/nios2-elf/4.1.2/../../../../nios2-elf/lib/libc.a(lib_a-strcat.o)
                0x00807b04                strcat
 .text          0x00807b94       0xe0 /OPT/altera/12.1/nios2eds/bin/gnu/H-i686-pc-linux-gnu/bin/../lib/gcc/nios2-elf/4.1.2/../../../../nios2-elf/lib/libc.a(lib_a-strchr.o)
                0x00807b94                strchr
 .text          0x00807c74       0xbc /OPT/altera/12.1/nios2eds/bin/gnu/H-i686-pc-linux-gnu/bin/../lib/gcc/nios2-elf/4.1.2/../../../../nios2-elf/lib/libc.a(lib_a-strcmp.o)
                0x00807c74                strcmp
 .text          0x00807d30       0x8c /OPT/altera/12.1/nios2eds/bin/gnu/H-i686-pc-linux-gnu/bin/../lib/gcc/nios2-elf/4.1.2/../../../../nios2-elf/lib/libc.a(lib_a-strcpy.o)
                0x00807d30                strcpy
 .text          0x00807dbc      0x674 /OPT/altera/12.1/nios2eds/bin/gnu/H-i686-pc-linux-gnu/bin/../lib/gcc/nios2-elf/4.1.2/../../../../nios2-elf/lib/libc.a(lib_a-strerror.o)
                0x00807dbc                strerror
 .text          0x00808430       0x74 /OPT/altera/12.1/nios2eds/bin/gnu/H-i686-pc-linux-gnu/bin/../lib/gcc/nios2-elf/4.1.2/../../../../nios2-elf/lib/libc.a(lib_a-strlen.o)
                0x00808430                strlen
 .text          0x008084a4       0xf0 /OPT/altera/12.1/nios2eds/bin/gnu/H-i686-pc-linux-gnu/bin/../lib/gcc/nios2-elf/4.1.2/../../../../nios2-elf/lib/libc.a(lib_a-strncmp.o)
                0x008084a4                strncmp
 .text          0x00808594       0xbc /OPT/altera/12.1/nios2eds/bin/gnu/H-i686-pc-linux-gnu/bin/../lib/gcc/nios2-elf/4.1.2/../../../../nios2-elf/lib/libc.a(lib_a-strncpy.o)
                0x00808594                strncpy
 .text          0x00808650      0x794 /OPT/altera/12.1/nios2eds/bin/gnu/H-i686-pc-linux-gnu/bin/../lib/gcc/nios2-elf/4.1.2/../../../../nios2-elf/lib/libc.a(lib_a-strstr.o)
                0x00808784                strstr
 .text          0x00808de4       0x18 /OPT/altera/12.1/nios2eds/bin/gnu/H-i686-pc-linux-gnu/bin/../lib/gcc/nios2-elf/4.1.2/../../../../nios2-elf/lib/libc.a(lib_a-strtok.o)
                0x00808de4                strtok
 .text          0x00808dfc       0xac /OPT/altera/12.1/nios2eds/bin/gnu/H-i686-pc-linux-gnu/bin/../lib/gcc/nios2-elf/4.1.2/../../../../nios2-elf/lib/libc.a(lib_a-strtok_r.o)
                0x00808dfc                __strtok_r
                0x00808ea0                strtok_r
 .text          0x00808ea8      0x268 /OPT/altera/12.1/nios2eds/bin/gnu/H-i686-pc-linux-gnu/bin/../lib/gcc/nios2-elf/4.1.2/../../../../nios2-elf/lib/libc.a(lib_a-strtol.o)
                0x00808ea8                _strtol_r
                0x008090ec                strtol
 .text          0x00809110        0x8 /OPT/altera/12.1/nios2eds/bin/gnu/H-i686-pc-linux-gnu/bin/../lib/gcc/nios2-elf/4.1.2/../../../../nios2-elf/lib/libc.a(lib_a-u_strerr.o)
                0x00809110                _user_strerror
 .text          0x00809118     0x1f28 /OPT/altera/12.1/nios2eds/bin/gnu/H-i686-pc-linux-gnu/bin/../lib/gcc/nios2-elf/4.1.2/../../../../nios2-elf/lib/libc.a(lib_a-vfprintf.o)
                0x00809170                ___vfprintf_internal_r
                0x0080b01c                __vfprintf_internal
 .text          0x0080b040     0x1780 /OPT/altera/12.1/nios2eds/bin/gnu/H-i686-pc-linux-gnu/bin/../lib/gcc/nios2-elf/4.1.2/../../../../nios2-elf/lib/libc.a(lib_a-vfscanf.o)
                0x0080b040                __svfscanf_r
                0x0080c6c0                __svfscanf
                0x0080c6e4                _vfscanf_r
                0x0080c74c                vfscanf
 .text          0x0080c7c0       0x78 /OPT/altera/12.1/nios2eds/bin/gnu/H-i686-pc-linux-gnu/bin/../lib/gcc/nios2-elf/4.1.2/../../../../nios2-elf/lib/libc.a(lib_a-writer.o)
                0x0080c7c0                _write_r
 .text          0x0080c838      0x13c /OPT/altera/12.1/nios2eds/bin/gnu/H-i686-pc-linux-gnu/bin/../lib/gcc/nios2-elf/4.1.2/../../../../nios2-elf/lib/libc.a(lib_a-wsetup.o)
                0x0080c838                __swsetup_r
 .text          0x0080c974       0x70 /OPT/altera/12.1/nios2eds/bin/gnu/H-i686-pc-linux-gnu/bin/../lib/gcc/nios2-elf/4.1.2/../../../../nios2-elf/lib/libc.a(lib_a-closer.o)
                0x0080c974                _close_r
 .text          0x0080c9e4     0x17cc /OPT/altera/12.1/nios2eds/bin/gnu/H-i686-pc-linux-gnu/bin/../lib/gcc/nios2-elf/4.1.2/../../../../nios2-elf/lib/libc.a(lib_a-dtoa.o)
                0x0080cbfc                _dtoa_r
 .text          0x0080e1b0       0xa0 /OPT/altera/12.1/nios2eds/bin/gnu/H-i686-pc-linux-gnu/bin/../lib/gcc/nios2-elf/4.1.2/../../../../nios2-elf/lib/libc.a(lib_a-flags.o)
                0x0080e1b0                __sflags
 .text          0x0080e250       0xbc /OPT/altera/12.1/nios2eds/bin/gnu/H-i686-pc-linux-gnu/bin/../lib/gcc/nios2-elf/4.1.2/../../../../nios2-elf/lib/libc.a(lib_a-fputc.o)
                0x0080e250                fputc
                0x0080e2b4                _fputc_r
 .text          0x0080e30c       0x90 /OPT/altera/12.1/nios2eds/bin/gnu/H-i686-pc-linux-gnu/bin/../lib/gcc/nios2-elf/4.1.2/../../../../nios2-elf/lib/libc.a(lib_a-fputs.o)
                0x0080e30c                _fputs_r
                0x0080e380                fputs
 .text          0x0080e39c      0x49c /OPT/altera/12.1/nios2eds/bin/gnu/H-i686-pc-linux-gnu/bin/../lib/gcc/nios2-elf/4.1.2/../../../../nios2-elf/lib/libc.a(lib_a-fvwrite.o)
                0x0080e39c                __sfvwrite_r
 .text          0x0080e838       0x70 /OPT/altera/12.1/nios2eds/bin/gnu/H-i686-pc-linux-gnu/bin/../lib/gcc/nios2-elf/4.1.2/../../../../nios2-elf/lib/libc.a(lib_a-isattyr.o)
                0x0080e838                _isatty_r
 .text          0x0080e8a8       0x2c /OPT/altera/12.1/nios2eds/bin/gnu/H-i686-pc-linux-gnu/bin/../lib/gcc/nios2-elf/4.1.2/../../../../nios2-elf/lib/libc.a(lib_a-iswspace.o)
                0x0080e8a8                iswspace
 .text          0x0080e8d4       0xc4 /OPT/altera/12.1/nios2eds/bin/gnu/H-i686-pc-linux-gnu/bin/../lib/gcc/nios2-elf/4.1.2/../../../../nios2-elf/lib/libc.a(lib_a-locale.o)
                0x0080e8d4                __locale_charset
                0x0080e8dc                _localeconv_r
                0x0080e8e8                localeconv
                0x0080e8f8                _setlocale_r
                0x0080e97c                setlocale
 .text          0x0080e998       0x78 /OPT/altera/12.1/nios2eds/bin/gnu/H-i686-pc-linux-gnu/bin/../lib/gcc/nios2-elf/4.1.2/../../../../nios2-elf/lib/libc.a(lib_a-lseekr.o)
                0x0080e998                _lseek_r
 .text          0x0080ea10       0xc0 /OPT/altera/12.1/nios2eds/bin/gnu/H-i686-pc-linux-gnu/bin/../lib/gcc/nios2-elf/4.1.2/../../../../nios2-elf/lib/libc.a(lib_a-mbrtowc.o)
                0x0080ea10                _mbrtowc_r
                0x0080ea90                mbrtowc
 .text          0x0080ead0       0x40 /OPT/altera/12.1/nios2eds/bin/gnu/H-i686-pc-linux-gnu/bin/../lib/gcc/nios2-elf/4.1.2/../../../../nios2-elf/lib/libc.a(lib_a-mbtowc_r.o)
                0x0080ead0                _mbtowc_r
 .text          0x0080eb10       0xe4 /OPT/altera/12.1/nios2eds/bin/gnu/H-i686-pc-linux-gnu/bin/../lib/gcc/nios2-elf/4.1.2/../../../../nios2-elf/lib/libc.a(lib_a-memchr.o)
                0x0080eb10                memchr
 .text          0x0080ebf4       0x74 /OPT/altera/12.1/nios2eds/bin/gnu/H-i686-pc-linux-gnu/bin/../lib/gcc/nios2-elf/4.1.2/../../../../nios2-elf/lib/libc.a(lib_a-memcmp.o)
                0x0080ebf4                memcmp
 .text          0x0080ec68      0xff4 /OPT/altera/12.1/nios2eds/bin/gnu/H-i686-pc-linux-gnu/bin/../lib/gcc/nios2-elf/4.1.2/../../../../nios2-elf/lib/libc.a(lib_a-mprec.o)
                0x0080ec68                _Bfree
                0x0080ec90                __hi0bits
                0x0080ed00                __lo0bits
                0x0080edc4                __mcmp
                0x0080ee24                __ulp
                0x0080eea4                __b2d
                0x0080efc4                __ratio
                0x0080f074                _mprec_log10
                0x0080f108                __copybits
                0x0080f160                __any_on
                0x0080f1e8                _Balloc
                0x0080f2a4                __d2b
                0x0080f420                __mdiff
                0x0080f5ac                __lshift
                0x0080f6f8                __multiply
                0x0080f8e0                __i2b
                0x0080f91c                __multadd
                0x0080fa1c                __pow5mult
                0x0080fb3c                __s2b
 .text          0x0080fc5c      0x1ec /OPT/altera/12.1/nios2eds/bin/gnu/H-i686-pc-linux-gnu/bin/../lib/gcc/nios2-elf/4.1.2/../../../../nios2-elf/lib/libc.a(lib_a-putc.o)
                0x0080fc5c                putc
                0x0080fd60                _putc_r
 .text          0x0080fe48       0x78 /OPT/altera/12.1/nios2eds/bin/gnu/H-i686-pc-linux-gnu/bin/../lib/gcc/nios2-elf/4.1.2/../../../../nios2-elf/lib/libc.a(lib_a-readr.o)
                0x0080fe48                _read_r
 .text          0x0080fec0      0x5f4 /OPT/altera/12.1/nios2eds/bin/gnu/H-i686-pc-linux-gnu/bin/../lib/gcc/nios2-elf/4.1.2/../../../../nios2-elf/lib/libc.a(lib_a-reallocr.o)
                0x0080fec0                _realloc_r
 .text          0x008104b4       0x40 /OPT/altera/12.1/nios2eds/bin/gnu/H-i686-pc-linux-gnu/bin/../lib/gcc/nios2-elf/4.1.2/../../../../nios2-elf/lib/libc.a(lib_a-s_isinfd.o)
                0x008104b4                __isinfd
 .text          0x008104f4       0x30 /OPT/altera/12.1/nios2eds/bin/gnu/H-i686-pc-linux-gnu/bin/../lib/gcc/nios2-elf/4.1.2/../../../../nios2-elf/lib/libc.a(lib_a-s_isnand.o)
                0x008104f4                __isnand
 .text          0x00810524       0xc0 /OPT/altera/12.1/nios2eds/bin/gnu/H-i686-pc-linux-gnu/bin/../lib/gcc/nios2-elf/4.1.2/../../../../nios2-elf/lib/libc.a(lib_a-sccl.o)
                0x00810524                __sccl
 .text          0x008105e4        0x8 /OPT/altera/12.1/nios2eds/bin/gnu/H-i686-pc-linux-gnu/bin/../lib/gcc/nios2-elf/4.1.2/../../../../nios2-elf/lib/libc.a(lib_a-sf_nan.o)
                0x008105e4                nanf
 .text          0x008105ec     0x166c /OPT/altera/12.1/nios2eds/bin/gnu/H-i686-pc-linux-gnu/bin/../lib/gcc/nios2-elf/4.1.2/../../../../nios2-elf/lib/libc.a(lib_a-strtod.o)
                0x00810634                _strtod_r
                0x00811b18                strtof
                0x00811c3c                strtod
 .text          0x00811c58      0x318 /OPT/altera/12.1/nios2eds/bin/gnu/H-i686-pc-linux-gnu/bin/../lib/gcc/nios2-elf/4.1.2/../../../../nios2-elf/lib/libc.a(lib_a-strtoll_r.o)
                0x00811c58                _strtoll_r
 .text          0x00811f70      0x254 /OPT/altera/12.1/nios2eds/bin/gnu/H-i686-pc-linux-gnu/bin/../lib/gcc/nios2-elf/4.1.2/../../../../nios2-elf/lib/libc.a(lib_a-strtoul.o)
                0x00811f70                _strtoul_r
                0x008121a0                strtoul
 .text          0x008121c4      0x2f0 /OPT/altera/12.1/nios2eds/bin/gnu/H-i686-pc-linux-gnu/bin/../lib/gcc/nios2-elf/4.1.2/../../../../nios2-elf/lib/libc.a(lib_a-strtoull_r.o)
                0x008121c4                _strtoull_r
 .text          0x008124b4      0x294 /OPT/altera/12.1/nios2eds/bin/gnu/H-i686-pc-linux-gnu/bin/../lib/gcc/nios2-elf/4.1.2/../../../../nios2-elf/lib/libc.a(lib_a-ungetc.o)
                0x008124b4                __submore
                0x00812590                _ungetc_r
                0x0081272c                ungetc
 .text          0x00812748      0x14c /OPT/altera/12.1/nios2eds/bin/gnu/H-i686-pc-linux-gnu/bin/../lib/gcc/nios2-elf/4.1.2/../../../../nios2-elf/lib/libc.a(lib_a-wbuf.o)
                0x00812748                __swbuf_r
                0x00812878                __swbuf
 .text          0x00812894       0xb4 /OPT/altera/12.1/nios2eds/bin/gnu/H-i686-pc-linux-gnu/bin/../lib/gcc/nios2-elf/4.1.2/../../../../nios2-elf/lib/libc.a(lib_a-callocr.o)
                0x00812894                _calloc_r
 .text          0x00812948      0x8f4 /OPT/altera/12.1/nios2eds/bin/gnu/H-i686-pc-linux-gnu/bin/../lib/gcc/nios2-elf/4.1.2/../../../../nios2-elf/lib/libc.a(lib_a-gdtoa-gethex.o)
                0x0081296c                __hexdig_init
                0x00812a84                __gethex
 .text          0x0081323c      0x294 /OPT/altera/12.1/nios2eds/bin/gnu/H-i686-pc-linux-gnu/bin/../lib/gcc/nios2-elf/4.1.2/../../../../nios2-elf/lib/libc.a(lib_a-gdtoa-hexnan.o)
                0x00813288                __hexnan
 .text          0x008134d0       0x98 /OPT/altera/12.1/nios2eds/bin/gnu/H-i686-pc-linux-gnu/bin/../lib/gcc/nios2-elf/4.1.2/libgcc.a(_muldi3.o)
                0x008134d0                __muldi3
 .text          0x00813568       0xa4 /OPT/altera/12.1/nios2eds/bin/gnu/H-i686-pc-linux-gnu/bin/../lib/gcc/nios2-elf/4.1.2/libgcc.a(_fixunsdfsi.o)
                0x00813568                __fixunsdfsi
 .text          0x0081360c      0x5dc /OPT/altera/12.1/nios2eds/bin/gnu/H-i686-pc-linux-gnu/bin/../lib/gcc/nios2-elf/4.1.2/libgcc.a(_udivdi3.o)
                0x0081360c                __udivdi3
 .text          0x00813be8      0x5b0 /OPT/altera/12.1/nios2eds/bin/gnu/H-i686-pc-linux-gnu/bin/../lib/gcc/nios2-elf/4.1.2/libgcc.a(_umoddi3.o)
                0x00813be8                __umoddi3
 .text          0x00814198       0x78 /OPT/altera/12.1/nios2eds/bin/gnu/H-i686-pc-linux-gnu/bin/../lib/gcc/nios2-elf/4.1.2/libgcc.a(_ne_sf.o)
                0x00814198                __nesf2
 .text          0x00814210       0x78 /OPT/altera/12.1/nios2eds/bin/gnu/H-i686-pc-linux-gnu/bin/../lib/gcc/nios2-elf/4.1.2/libgcc.a(_gt_sf.o)
                0x00814210                __gtsf2
 .text          0x00814288       0x78 /OPT/altera/12.1/nios2eds/bin/gnu/H-i686-pc-linux-gnu/bin/../lib/gcc/nios2-elf/4.1.2/libgcc.a(_lt_sf.o)
                0x00814288                __ltsf2
 .text          0x00814300      0x504 /OPT/altera/12.1/nios2eds/bin/gnu/H-i686-pc-linux-gnu/bin/../lib/gcc/nios2-elf/4.1.2/libgcc.a(_addsub_df.o)
                0x00814710                __subdf3
                0x00814790                __adddf3
 .text          0x00814804      0x3c4 /OPT/altera/12.1/nios2eds/bin/gnu/H-i686-pc-linux-gnu/bin/../lib/gcc/nios2-elf/4.1.2/libgcc.a(_mul_df.o)
                0x00814804                __muldf3
 .text          0x00814bc8      0x258 /OPT/altera/12.1/nios2eds/bin/gnu/H-i686-pc-linux-gnu/bin/../lib/gcc/nios2-elf/4.1.2/libgcc.a(_div_df.o)
                0x00814bc8                __divdf3
 .text          0x00814e20       0x88 /OPT/altera/12.1/nios2eds/bin/gnu/H-i686-pc-linux-gnu/bin/../lib/gcc/nios2-elf/4.1.2/libgcc.a(_eq_df.o)
                0x00814e20                __eqdf2
 .text          0x00814ea8       0x88 /OPT/altera/12.1/nios2eds/bin/gnu/H-i686-pc-linux-gnu/bin/../lib/gcc/nios2-elf/4.1.2/libgcc.a(_ne_df.o)
                0x00814ea8                __nedf2
 .text          0x00814f30       0x88 /OPT/altera/12.1/nios2eds/bin/gnu/H-i686-pc-linux-gnu/bin/../lib/gcc/nios2-elf/4.1.2/libgcc.a(_gt_df.o)
                0x00814f30                __gtdf2
 .text          0x00814fb8       0x88 /OPT/altera/12.1/nios2eds/bin/gnu/H-i686-pc-linux-gnu/bin/../lib/gcc/nios2-elf/4.1.2/libgcc.a(_ge_df.o)
                0x00814fb8                __gedf2
 .text          0x00815040       0x88 /OPT/altera/12.1/nios2eds/bin/gnu/H-i686-pc-linux-gnu/bin/../lib/gcc/nios2-elf/4.1.2/libgcc.a(_lt_df.o)
                0x00815040                __ltdf2
 .text          0x008150c8       0x88 /OPT/altera/12.1/nios2eds/bin/gnu/H-i686-pc-linux-gnu/bin/../lib/gcc/nios2-elf/4.1.2/libgcc.a(_le_df.o)
                0x008150c8                __ledf2
 .text          0x00815150       0xf8 /OPT/altera/12.1/nios2eds/bin/gnu/H-i686-pc-linux-gnu/bin/../lib/gcc/nios2-elf/4.1.2/libgcc.a(_si_to_df.o)
                0x00815150                __floatsidf
 .text          0x00815248       0xd8 /OPT/altera/12.1/nios2eds/bin/gnu/H-i686-pc-linux-gnu/bin/../lib/gcc/nios2-elf/4.1.2/libgcc.a(_df_to_si.o)
                0x00815248                __fixdfsi
 .text          0x00815320       0x74 /OPT/altera/12.1/nios2eds/bin/gnu/H-i686-pc-linux-gnu/bin/../lib/gcc/nios2-elf/4.1.2/libgcc.a(_df_to_sf.o)
                0x00815320                __truncdfsf2
 .text          0x00815394        0x0 /OPT/altera/12.1/nios2eds/bin/gnu/H-i686-pc-linux-gnu/bin/../lib/gcc/nios2-elf/4.1.2/libgcc.a(_thenan_df.o)
 .text          0x00815394      0x194 /OPT/altera/12.1/nios2eds/bin/gnu/H-i686-pc-linux-gnu/bin/../lib/gcc/nios2-elf/4.1.2/libgcc.a(_usi_to_df.o)
                0x00815394                __floatunsidf
 .text          0x00815528        0x0 /OPT/altera/12.1/nios2eds/bin/gnu/H-i686-pc-linux-gnu/bin/../lib/gcc/nios2-elf/4.1.2/libgcc.a(_clz.o)
 .text          0x00815528       0x80 /OPT/altera/12.1/nios2eds/bin/gnu/H-i686-pc-linux-gnu/bin/../lib/gcc/nios2-elf/4.1.2/libgcc.a(_clzsi2.o)
                0x00815528                __clzsi2
 .text          0x008155a8       0xc8 /OPT/altera/12.1/nios2eds/bin/gnu/H-i686-pc-linux-gnu/bin/../lib/gcc/nios2-elf/4.1.2/libgcc.a(_unpack_sf.o)
                0x008155a8                __unpack_f
 .text          0x00815670       0xa8 /OPT/altera/12.1/nios2eds/bin/gnu/H-i686-pc-linux-gnu/bin/../lib/gcc/nios2-elf/4.1.2/libgcc.a(_fpcmp_parts_sf.o)
                0x00815670                __fpcmp_parts_f
 .text          0x00815718       0x2c /OPT/altera/12.1/nios2eds/bin/gnu/H-i686-pc-linux-gnu/bin/../lib/gcc/nios2-elf/4.1.2/libgcc.a(_make_sf.o)
                0x00815718                __make_fp
 .text          0x00815744      0x314 /OPT/altera/12.1/nios2eds/bin/gnu/H-i686-pc-linux-gnu/bin/../lib/gcc/nios2-elf/4.1.2/libgcc.a(_pack_df.o)
                0x00815744                __pack_d
 .text          0x00815a58      0x138 /OPT/altera/12.1/nios2eds/bin/gnu/H-i686-pc-linux-gnu/bin/../lib/gcc/nios2-elf/4.1.2/libgcc.a(_unpack_df.o)
                0x00815a58                __unpack_d
 .text          0x00815b90       0xc8 /OPT/altera/12.1/nios2eds/bin/gnu/H-i686-pc-linux-gnu/bin/../lib/gcc/nios2-elf/4.1.2/libgcc.a(_fpcmp_parts_df.o)
                0x00815b90                __fpcmp_parts_d
 .text          0x00815c58      0x160 /OPT/altera/12.1/nios2eds/bin/gnu/H-i686-pc-linux-gnu/bin/../lib/gcc/nios2-elf/4.1.2/libgcc.a(_pack_sf.o)
                0x00815c58                __pack_f
 .text          0x00815db8       0x78 ../Webserver_bsp//libucosii_bsp.a(alt_dcache_flush.o)
                0x00815db8                alt_dcache_flush
 .text          0x00815e30       0xd0 ../Webserver_bsp//libucosii_bsp.a(alt_flash_dev.o)
                0x00815e30                alt_flash_open_dev
                0x00815eac                alt_flash_close_dev
 .text          0x00815f00      0x134 ../Webserver_bsp//libucosii_bsp.a(alt_fstat.o)
                0x00815f00                fstat
 .text          0x00816034      0x1c0 ../Webserver_bsp//libucosii_bsp.a(alt_irq_register.o)
                0x00816034                alt_irq_register
 .text          0x008161f4        0x0 ../Webserver_bsp//libucosii_bsp.a(alt_irq_vars.o)
 .text          0x008161f4      0x120 ../Webserver_bsp//libucosii_bsp.a(alt_isatty.o)
                0x008161f4                isatty
 .text          0x00816314      0x150 ../Webserver_bsp//libucosii_bsp.a(alt_lseek.o)
                0x00816314                lseek
 .text          0x00816464       0xc8 ../Webserver_bsp//libucosii_bsp.a(alt_main.o)
                0x00816464                alt_main
 .text          0x0081652c      0x2c4 ../Webserver_bsp//libucosii_bsp.a(alt_open.o)
                0x00816608                open
 .text          0x008167f0       0x60 ../Webserver_bsp//libucosii_bsp.a(alt_release_fd.o)
                0x008167f0                alt_release_fd
 .text          0x00816850       0xbc ../Webserver_bsp//libucosii_bsp.a(alt_sbrk.o)
                0x00816850                sbrk
 .text          0x0081690c      0x1a8 ../Webserver_bsp//libucosii_bsp.a(alt_tick.o)
                0x0081690c                alt_alarm_stop
                0x008169a4                alt_tick
 .text          0x00816ab4      0x118 ../Webserver_bsp//libucosii_bsp.a(alt_usleep.o)
                0x00816ab4                usleep
 .text          0x00816bcc      0x108 ../Webserver_bsp//libucosii_bsp.a(alt_env_lock.o)
                0x00816bcc                __env_lock
                0x00816c78                __env_unlock
 .text          0x00816cd4      0x1d8 ../Webserver_bsp//libucosii_bsp.a(alt_malloc_lock.o)
                0x00816cd4                __malloc_lock
                0x00816ddc                __malloc_unlock
 .text          0x00816eac     0x2128 ../Webserver_bsp//libucosii_bsp.a(os_core.o)
                0x00816eac                OSEventNameGet
                0x00816fdc                OSEventNameSet
                0x00817120                OSEventPendMulti
                0x008177d4                OSInit
                0x00817828                OSIntEnter
                0x008178a4                OSIntExit
                0x008179a4                OSSchedLock
                0x00817a30                OSSchedUnlock
                0x00817b14                OSStart
                0x00817b84                OSStatInit
                0x00817c30                OSTimeTick
                0x00817e70                OSVersion
                0x00817e90                OS_Dummy
                0x00817eac                OS_EventTaskRdy
                0x00818040                OS_EventTaskWait
                0x00818150                OS_EventTaskWaitMulti
                0x008182a4                OS_EventTaskRemove
                0x0081835c                OS_EventTaskRemoveMulti
                0x00818460                OS_EventWaitListInit
                0x0081882c                OS_MemClr
                0x00818880                OS_MemCopy
                0x008188ec                OS_Sched
                0x00818a30                OS_StrCopy
                0x00818ab0                OS_StrLen
                0x00818b08                OS_TaskIdle
                0x00818b64                OS_TaskStat
                0x00818c2c                OS_TaskStatStkChk
                0x00818cf4                OS_TCBInit
 .text          0x00818fd4      0x18c ../Webserver_bsp//libucosii_bsp.a(os_dbg.o)
                0x00818fd4                OSDebugInit
 .text          0x00819160     0x193c ../Webserver_bsp//libucosii_bsp.a(os_flag.o)
                0x00819160                OSFlagAccept
                0x00819494                OSFlagCreate
                0x008195d0                OSFlagDel
                0x00819878                OSFlagNameGet
                0x008199bc                OSFlagNameSet
                0x00819b10                OSFlagPend
                0x0081a154                OSFlagPendGetFlagsRdy
                0x0081a1bc                OSFlagPost
                0x0081a564                OSFlagQuery
                0x0081a7fc                OS_FlagInit
                0x0081a9f0                OS_FlagUnlink
 .text          0x0081aa9c      0xc8c ../Webserver_bsp//libucosii_bsp.a(os_mbox.o)
                0x0081aa9c                OSMboxAccept
                0x0081ab40                OSMboxCreate
                0x0081ac54                OSMboxDel
                0x0081aef4                OSMboxPend
                0x0081b1bc                OSMboxPendAbort
                0x0081b338                OSMboxPost
                0x0081b46c                OSMboxPostOpt
                0x0081b5f8                OSMboxQuery
 .text          0x0081b728      0x808 ../Webserver_bsp//libucosii_bsp.a(os_mem.o)
                0x0081b728                OSMemCreate
                0x0081b944                OSMemGet
                0x0081ba48                OSMemNameGet
                0x0081bb54                OSMemNameSet
                0x0081bc74                OSMemPut
                0x0081bd64                OSMemQuery
                0x0081be60                OS_MemInit
 .text          0x0081bf30     0x1334 ../Webserver_bsp//libucosii_bsp.a(os_q.o)
                0x0081bf30                OSQAccept
                0x0081c084                OSQCreate
                0x0081c298                OSQDel
                0x0081c598                OSQFlush
                0x0081c660                OSQPend
                0x0081c980                OSQPendAbort
                0x0081cafc                OSQPost
                0x0081cc7c                OSQPostFront
                0x0081ce04                OSQPostOpt
                0x0081d038                OSQQuery
                0x0081d1b8                OS_QInit
 .text          0x0081d264      0xbc8 ../Webserver_bsp//libucosii_bsp.a(os_sem.o)
                0x0081d264                OSSemAccept
                0x0081d324                OSSemCreate
                0x0081d438                OSSemDel
                0x0081d6d8                OSSemPend
                0x0081d954                OSSemPendAbort
                0x0081dad0                OSSemPost
                0x0081dbf8                OSSemQuery
                0x0081dd28                OSSemSet
 .text          0x0081de2c     0x1a40 ../Webserver_bsp//libucosii_bsp.a(os_task.o)
                0x0081de2c                OSTaskChangePrio
                0x0081e3a0                OSTaskCreate
                0x0081e574                OSTaskCreateExt
                0x0081e774                OSTaskDel
                0x0081eb80                OSTaskDelReq
                0x0081ecf0                OSTaskNameGet
                0x0081eea8                OSTaskNameSet
                0x0081f06c                OSTaskResume
                0x0081f284                OSTaskStkChk
                0x0081f480                OSTaskSuspend
                0x0081f6ac                OSTaskQuery
                0x0081f7f0                OS_TaskStkClr
 .text          0x0081f86c      0x598 ../Webserver_bsp//libucosii_bsp.a(os_time.o)
                0x0081f86c                OSTimeDly
                0x0081f9b8                OSTimeDlyHMSM
                0x0081fb2c                OSTimeDlyResume
                0x0081fd3c                OSTimeGet
                0x0081fda0                OSTimeSet
 .text          0x0081fe04      0x304 ../Webserver_bsp//libucosii_bsp.a(alt_sys_init.o)
                0x0081fe04                alt_irq_init
                0x0081fe38                alt_sys_init
 .text          0x00820108      0x148 ../Webserver_bsp//libucosii_bsp.a(altera_avalon_jtag_uart_fd.o)
                0x00820108                altera_avalon_jtag_uart_read_fd
                0x00820160                altera_avalon_jtag_uart_write_fd
                0x008201b8                altera_avalon_jtag_uart_close_fd
                0x00820200                altera_avalon_jtag_uart_ioctl_fd
 .text          0x00820250      0x584 ../Webserver_bsp//libucosii_bsp.a(altera_avalon_jtag_uart_init.o)
                0x00820250                altera_avalon_jtag_uart_init
                0x00820760                altera_avalon_jtag_uart_close
 .text          0x008207d4       0xf4 ../Webserver_bsp//libucosii_bsp.a(altera_avalon_jtag_uart_ioctl.o)
                0x008207d4                altera_avalon_jtag_uart_ioctl
 .text          0x008208c8      0x2c0 ../Webserver_bsp//libucosii_bsp.a(altera_avalon_jtag_uart_read.o)
                0x008208c8                altera_avalon_jtag_uart_read
 .text          0x00820b88      0x2dc ../Webserver_bsp//libucosii_bsp.a(altera_avalon_jtag_uart_write.o)
                0x00820b88                altera_avalon_jtag_uart_write
 .text          0x00820e64      0x100 ../Webserver_bsp//libucosii_bsp.a(altera_avalon_timer_sc.o)
                0x00820ed4                alt_avalon_timer_sc_init
 .text          0x00820f64      0xb70 ../Webserver_bsp//libucosii_bsp.a(altera_ro_zipfs.o)
                0x008211d8                check_directory_header
                0x00821730                alt_ro_zipfs_open
                0x008217c8                alt_ro_zipfs_read
                0x008218c4                alt_ro_zipfs_seek
                0x00821a0c                alt_ro_zipfs_fstat
                0x00821a7c                alt_ro_zipfs_check_valid
 .text          0x00821ad4      0x530 ../Webserver_bsp//libucosii_bsp.a(altera_up_avalon_character_lcd.o)
                0x00821ad4                get_DDRAM_addr
                0x00821b50                alt_up_character_lcd_send_cmd
                0x00821b84                alt_up_character_lcd_init
                0x00821bb8                alt_up_character_lcd_open_dev
                0x00821bf8                alt_up_character_lcd_write
                0x00821c70                alt_up_character_lcd_string
                0x00821ce8                alt_up_character_lcd_write_fd
                0x00821d34                alt_up_character_lcd_set_cursor_pos
                0x00821dac                alt_up_character_lcd_shift_cursor
                0x00821e5c                alt_up_character_lcd_shift_display
                0x00821f0c                alt_up_character_lcd_erase_pos
                0x00821f9c                alt_up_character_lcd_cursor_off
                0x00821fd0                alt_up_character_lcd_cursor_blink_on
 .text          0x00822004       0x54 ../Webserver_bsp//libucosii_bsp.a(alt_iniche_close.o)
                0x00822004                close
 .text          0x00822058      0x144 ../Webserver_bsp//libucosii_bsp.a(alt_iniche_dev.o)
                0x00822058                iniche_devices_init
 .text          0x0082219c       0x78 ../Webserver_bsp//libucosii_bsp.a(alt_iniche_read.o)
                0x0082219c                read
 .text          0x00822214       0x70 ../Webserver_bsp//libucosii_bsp.a(alt_iniche_write.o)
                0x00822214                write
 .text          0x00822284      0xedc ../Webserver_bsp//libucosii_bsp.a(ipnet.o)
                0x00822284                Netinit
                0x008228d0                fixup_subnet_mask
                0x00822a30                netclose
                0x00822b18                pktdemux
                0x00822eec                c_older
                0x00822fbc                ip2mac
 .text          0x00823160      0x4b0 ../Webserver_bsp//libucosii_bsp.a(ipstart.o)
                0x00823160                ip_startup
                0x00823444                exit_hook
                0x008234b0                ip_exit
                0x00823580                if_netnumber
 .text          0x00823610     0x1010 ../Webserver_bsp//libucosii_bsp.a(igmp_cmn.o)
                0x00823610                igmp_init
                0x008236c0                igmp_input
                0x008237b8                igmp_fasttimo
                0x00823954                igmp_send
                0x00823bfc                igmp_joingroup
                0x00823e68                igmp_leavegroup
                0x00823ee4                igmp_validate
                0x00824240                igmp_print_stats
 .text          0x00824620      0xb50 ../Webserver_bsp//libucosii_bsp.a(bsdsock.o)
                0x00824620                bsd_accept
                0x00824758                bsd_getpeername
                0x00824884                bsd_getsockname
                0x008249b0                bsd_i_sockoptlen
                0x00824b68                bsd_getsockopt
                0x00824c88                bsd_ioctl
                0x00824d8c                bsd_inet_ntoa
                0x00824dbc                bsd_recvfrom
                0x00824f1c                bsd_select
                0x00825084                bsd_setsockopt
 .text          0x00825170      0x118 ../Webserver_bsp//libucosii_bsp.a(cksum.o)
                0x00825170                ccksum
                0x00825220                cksum
 .text          0x00825288      0xa9c ../Webserver_bsp//libucosii_bsp.a(in_utils.o)
                0x00825288                do_trap
                0x008252b4                nextarg
                0x00825330                hexdump
                0x00825478                print_ipad
                0x008254ec                print_uptime
                0x00825618                panic
                0x0082565c                print_eth
                0x008257c0                uslash
                0x00825840                ns_printf
                0x008259c4                std_out
                0x00825a08                con_page
                0x00825af8                parse_args
 .text          0x00825d24      0x1c8 ../Webserver_bsp//libucosii_bsp.a(netmain.o)
                0x00825d24                netmain
                0x00825e18                tk_netmain
                0x00825ea0                tk_nettick
 .text          0x00825eec      0x5e8 ../Webserver_bsp//libucosii_bsp.a(tk_crnos.o)
                0x00825eec                TK_OSTimeDly
                0x00825f18                TK_OSTaskResume
                0x00825f88                tcp_sleep
                0x00826128                tcp_wakeup
                0x0082622c                TK_OSTaskQuery
                0x008262a0                tk_yield
                0x008262cc                tk_stats
 .text          0x008264d4     0x2f40 ../Webserver_bsp//libucosii_bsp.a(dhcpclnt.o)
                0x008264d4                dhc_get_srv_ipaddr
                0x00826564                dhc_init
                0x00826620                dhc_set_callback
                0x00826664                dhc_upcall
                0x00826e94                dhc_buildheader
                0x008270b0                dhc_discover
                0x008275c8                dhc_rx_offer
                0x008276cc                dhc_request
                0x00828208                dhc_setip
                0x00828488                dhc_resetip
                0x0082856c                dhc_decline
                0x00828750                dhc_extract_opts
                0x00828a0c                dhc_second
                0x00828fa8                dhc_halt
                0x00829030                dhc_reclaim
                0x00829200                dhc_state_init
                0x00829260                dhc_alldone
                0x008292f0                dhc_ifacedone
                0x00829364                dhc_set_state
 .text          0x00829414       0xcc ../Webserver_bsp//libucosii_bsp.a(dhcputil.o)
                0x00829414                find_opt
 .text          0x008294e0      0x79c ../Webserver_bsp//libucosii_bsp.a(pktalloc.o)
                0x008294e0                pk_init
                0x00829770                pk_alloc
                0x0082984c                pk_validate
                0x00829b04                pk_free
                0x00829bb0                pk_get_max_intrsafe_buf_len
                0x00829bd0                dump_buf_estats
 .text          0x00829c7c      0x288 ../Webserver_bsp//libucosii_bsp.a(q.o)
                0x00829c7c                getq
                0x00829d44                putq
                0x00829df4                qdel
 .text          0x00829f04      0x31c ../Webserver_bsp//libucosii_bsp.a(udp_open.o)
                0x00829f04                udp_open
                0x0082a13c                udp_close
 .text          0x0082a220      0x194 ../Webserver_bsp//libucosii_bsp.a(asm_cksum.o)
                0x0082a220                asm_cksum
 .text          0x0082a3b4      0x2a0 ../Webserver_bsp//libucosii_bsp.a(brdutils.o)
                0x0082a3b4                dtrap
                0x0082a3e4                kbhit
                0x0082a490                getch
                0x0082a4f0                clock_init
                0x0082a52c                clock_c
                0x0082a548                cticks_hook
                0x0082a5b4                irq_Mask
                0x0082a610                irq_Unmask
 .text          0x0082a654      0x488 ../Webserver_bsp//libucosii_bsp.a(osportco.o)
                0x0082a654                LOCK_NET_RESOURCE
                0x0082a714                UNLOCK_NET_RESOURCE
                0x0082a79c                TK_NEWTASK
                0x0082a9b0                wait_app_sem
                0x0082aa64                post_app_sem
 .text          0x0082aadc      0x568 ../Webserver_bsp//libucosii_bsp.a(targnios.o)
                0x0082aadc                alt_iniche_init
                0x0082acf8                pre_task_setup
                0x0082ad6c                post_task_setup
                0x0082ad8c                prep_armintcp
                0x0082adc4                calloc2
                0x0082adf8                npalloc
                0x0082aeec                npfree
                0x0082afa4                ncpalloc
                0x0082aff8                ncpfree
 .text          0x0082b044     0x197c ../Webserver_bsp//libucosii_bsp.a(nptcp.o)
                0x0082b044                pffindtype
                0x0082b0e4                pffindproto
                0x0082b1b4                m_getnbuf
                0x0082b35c                m_free
                0x0082b490                m_freem
                0x0082b4d4                m_copy
                0x0082b7f8                m_adj
                0x0082b9c8                mbuf_len
                0x0082ba20                dtom
                0x0082bac8                remque
                0x0082bb38                insque
                0x0082bbb4                nptcp_init
                0x0082bcd8                tcp_rcv
                0x0082bec4                ip_output
                0x0082c4bc                in_broadcast
                0x0082c4fc                np_stripoptions
                0x0082c5e4                so_icmpdu
                0x0082c93c                tcp_tick
 .text          0x0082c9c0      0xa2c ../Webserver_bsp//libucosii_bsp.a(rawsock.o)
                0x0082c9c0                rawip_lookup
                0x0082ca30                rawip_soinput
                0x0082cc04                rawip_usrreq
 .text          0x0082d3ec     0x17fc ../Webserver_bsp//libucosii_bsp.a(sockcall.o)
                0x0082d3ec                DOMAIN_CHECK
                0x0082d438                t_socket
                0x0082d4c8                t_bind
                0x0082d644                t_listen
                0x0082d728                t_accept
                0x0082d9c0                t_connect
                0x0082dc68                t_getpeername
                0x0082dcac                t_getsockname
                0x0082deec                t_setsockopt
                0x0082e0c8                t_getsockopt
                0x0082e26c                t_recv
                0x0082e35c                t_recvfrom
                0x0082e4ac                t_sendto
                0x0082e6d8                t_send
                0x0082e900                t_shutdown
                0x0082e9e4                t_socketclose
                0x0082eb4c                t_errno
 .text          0x0082ebe8     0x2374 ../Webserver_bsp//libucosii_bsp.a(socket.o)
                0x0082ebe8                socreate
                0x0082edb4                sobind
                0x0082ee10                solisten
                0x0082ef00                sofree
                0x0082f030                soclose
                0x0082f324                soabort
                0x0082f374                soaccept
                0x0082f410                soconnect
                0x0082f4e4                sodisconnect
                0x0082f584                sosend
                0x0082fb8c                soreceive
                0x00830370                soshutdown
                0x00830418                sorflush
                0x00830518                sosetopt
                0x008309d8                sogetopt
                0x00830f18                sohasoutofband
 .text          0x00830f5c     0x1318 ../Webserver_bsp//libucosii_bsp.a(socket2.o)
                0x00830f5c                soisconnecting
                0x00830fc8                soisconnected
                0x008310c4                soisdisconnecting
                0x00831150                soisdisconnected
                0x0083120c                sonewconn
                0x00831428                soqinsque
                0x008314d4                soqremque
                0x008315f4                socantsendmore
                0x00831644                socantrcvmore
                0x00831694                sbselqueue
                0x008316cc                sbwait
                0x00831734                sbwakeup
                0x008317d0                soreserve
                0x00831850                sbreserve
                0x008318b0                sbrelease
                0x008318f8                sbappend
                0x008319a0                sbappendrecord
                0x00831a80                sbappendaddr
                0x00831c88                sbcompress
                0x00831e70                sbflush
                0x00831f00                sbdrop
                0x008320d0                sbdropend
                0x008321e0                sbdroprecord
 .text          0x00832274      0x914 ../Webserver_bsp//libucosii_bsp.a(soselect.o)
                0x00832274                t_select
                0x00832494                sock_selscan
                0x008325ec                sock_select
                0x00832800                in_pcbnotify
                0x008328cc                tcp_notify
                0x00832934                ifd_clr
                0x00832a24                ifd_set
                0x00832a98                ifd_isset
                0x00832b18                ifd_get
 .text          0x00832b88     0x2fe8 ../Webserver_bsp//libucosii_bsp.a(tcp_in.o)
                0x00832b88                tcp_reass
                0x00832f90                tcp_input
                0x008354e4                tcp_dooptions
                0x00835674                tcp_pulloutofband
                0x008357a0                tcp_xmit_timer
                0x00835a0c                ip4_tcpmss
                0x00835a54                tcp_mss
 .text          0x00835b70     0x1360 ../Webserver_bsp//libucosii_bsp.a(tcp_out.o)
                0x00835b70                tcp_output
                0x00836cec                tcp_setpersist
 .text          0x00836ed0      0x9e8 ../Webserver_bsp//libucosii_bsp.a(tcp_subr.o)
                0x00836ed0                tcp_init
                0x00836f28                tcp_template
                0x00837040                tcp_respond
                0x008374c8                tcp_newtcpcb
                0x008375e0                tcp_drop
                0x0083768c                tcp_close
                0x00837774                tcp_quench
                0x008377c0                tcp_putseq
                0x00837840                tcp_getseq
 .text          0x008378b8      0x798 ../Webserver_bsp//libucosii_bsp.a(tcp_timr.o)
                0x008378b8                tcp_slowtimo
                0x00837b58                tcp_canceltimers
                0x00837bb4                tcp_timers
 .text          0x00838050      0x9ec ../Webserver_bsp//libucosii_bsp.a(tcp_usr.o)
                0x00838050                tcp_usrreq
                0x00838754                tcp_attach
                0x00838888                tcp_disconnect
                0x0083895c                tcp_usrclosed
 .text          0x00838a3c       0x4c ../Webserver_bsp//libucosii_bsp.a(tcpport.o)
                0x00838a3c                tcpinit
 .text          0x00838a88      0xd20 ../Webserver_bsp//libucosii_bsp.a(udpsock.o)
                0x00838a88                udp_lookup
                0x00838af8                udp_soinput
                0x00838cb0                udp_usrreq
                0x00838f34                udp4_sockbind
                0x00839270                udp4_socksend
                0x0083964c                udp4_sockaddr
 .text          0x008397a8      0x154 ../Webserver_bsp//libucosii_bsp.a(alt_alarm_start.o)
                0x008397a8                alt_alarm_start
 .text          0x008398fc      0x14c ../Webserver_bsp//libucosii_bsp.a(alt_busy_sleep.o)
                0x008398fc                alt_busy_sleep
 .text          0x00839a48      0x15c ../Webserver_bsp//libucosii_bsp.a(alt_close.o)
                0x00839a48                alt_close
 .text          0x00839ba4       0x2c ../Webserver_bsp//libucosii_bsp.a(alt_dev.o)
 .text          0x00839bd0      0x114 ../Webserver_bsp//libucosii_bsp.a(alt_dev_llist_insert.o)
                0x00839bd0                alt_dev_llist_insert
 .text          0x00839ce4       0x64 ../Webserver_bsp//libucosii_bsp.a(alt_do_ctors.o)
                0x00839ce4                _do_ctors
 .text          0x00839d48       0x64 ../Webserver_bsp//libucosii_bsp.a(alt_do_dtors.o)
                0x00839d48                _do_dtors
 .text          0x00839dac        0x0 ../Webserver_bsp//libucosii_bsp.a(alt_errno.o)
 .text          0x00839dac       0x94 ../Webserver_bsp//libucosii_bsp.a(alt_find_dev.o)
                0x00839dac                alt_find_dev
 .text          0x00839e40      0x120 ../Webserver_bsp//libucosii_bsp.a(alt_find_file.o)
                0x00839e40                alt_find_file
 .text          0x00839f60       0x90 ../Webserver_bsp//libucosii_bsp.a(alt_fs_reg.o)
                0x00839f60                alt_fs_reg
 .text          0x00839ff0       0xf4 ../Webserver_bsp//libucosii_bsp.a(alt_get_fd.o)
                0x00839ff0                alt_get_fd
 .text          0x0083a0e4      0x1d4 ../Webserver_bsp//libucosii_bsp.a(alt_iic.o)
                0x0083a0e4                alt_ic_isr_register
                0x0083a134                alt_ic_irq_enable
                0x0083a1d0                alt_ic_irq_disable
                0x0083a270                alt_ic_irq_enabled
 .text          0x0083a2b8       0xf8 ../Webserver_bsp//libucosii_bsp.a(alt_iic_isr_register.o)
                0x0083a2b8                alt_iic_isr_register
 .text          0x0083a3b0      0x13c ../Webserver_bsp//libucosii_bsp.a(alt_io_redirect.o)
                0x0083a474                alt_io_redirect
 .text          0x0083a4ec        0x0 ../Webserver_bsp//libucosii_bsp.a(alt_irq_entry.o)
 .text          0x0083a4ec        0x0 ../Webserver_bsp//libucosii_bsp.a(alt_irq_handler.o)
 .text          0x0083a4ec      0x180 ../Webserver_bsp//libucosii_bsp.a(alt_read.o)
                0x0083a4ec                alt_read
 .text          0x0083a66c       0x38 ../Webserver_bsp//libucosii_bsp.a(alt_remap_cached.o)
                0x0083a66c                alt_remap_cached
 .text          0x0083a6a4       0x40 ../Webserver_bsp//libucosii_bsp.a(alt_remap_uncached.o)
                0x0083a6a4                alt_remap_uncached
 .text          0x0083a6e4      0x180 ../Webserver_bsp//libucosii_bsp.a(alt_write.o)
                0x0083a6e4                alt_write
 .text          0x0083a864       0x20 ../Webserver_bsp//libucosii_bsp.a(altera_nios2_qsys_irq.o)
                0x0083a864                altera_nios2_qsys_irq_init
 .text          0x0083a884       0xd0 ../Webserver_bsp//libucosii_bsp.a(os_cpu_a.o)
                0x0083a884                OSCtxSw
                0x0083a884                OSIntCtxSw
                0x0083a910                OSStartHighRdy
                0x0083a930                OSStartTsk
 .text          0x0083a954      0x424 ../Webserver_bsp//libucosii_bsp.a(os_cpu_c.o)
                0x0083a954                OSTaskStkInit
                0x0083ac64                OSTaskCreateHook
                0x0083ac84                OSTaskDelHook
                0x0083aca4                OSTaskSwHook
                0x0083acc0                OSTaskStatHook
                0x0083acdc                OSTimeTickHook
                0x0083ad04                OSInitHookBegin
                0x0083ad20                OSInitHookEnd
                0x0083ad3c                OSTaskIdleHook
                0x0083ad58                OSTCBInitHook
 .text          0x0083ad78      0x3d4 ../Webserver_bsp//libucosii_bsp.a(allports.o)
                0x0083ad78                netmain_init
                0x0083ae74                icmp_port_du
                0x0083aefc                station_state
                0x0083b048                sysuptime
                0x0083b084                packet_check
                0x0083b0d0                mcastlist
                0x0083b0f4                prep_modules
 .text          0x0083b14c      0x480 ../Webserver_bsp//libucosii_bsp.a(timeouts.o)
                0x0083b14c                inet_timer
                0x0083b3a8                in_timerset
                0x0083b524                in_timerkill
 .text          0x0083b5cc       0xa4 ../Webserver_bsp//libucosii_bsp.a(tk_misc.o)
                0x0083b5cc                create_apptasks
                0x0083b5f0                task_stats
 .text          0x0083b670       0xb0 ../Webserver_bsp//libucosii_bsp.a(alt_iniche_fcntl.o)
                0x0083b670                fcntl
 .text          0x0083b720     0x14a0 ../Webserver_bsp//libucosii_bsp.a(et_arp.o)
                0x0083b720                etainit
                0x0083b774                et_send
                0x0083b8f0                arp_free_pending
                0x0083b978                arp_send_pending
                0x0083b9ec                send_arp
                0x0083be84                find_oldest_arp
                0x0083c02c                make_arp_entry
                0x0083c140                arpReply
                0x0083c3d4                arprcv
                0x0083c634                send_via_arp
                0x0083c7dc                cb_arpent_tmo
                0x0083c8f4                grat_arp
 .text          0x0083cbc0      0x298 ../Webserver_bsp//libucosii_bsp.a(iface.o)
                0x0083cbc0                if_getbynum
                0x0083cc44                isbcast
                0x0083cd24                reg_type
                0x0083cdc0                if_killsocks
 .text          0x0083ce58     0x22a4 ../Webserver_bsp//libucosii_bsp.a(ip.o)
                0x0083ce58                ip_init
                0x0083cf54                ip_bldhead
                0x0083d0f8                ip_write_internal
                0x0083d878                ip_write
                0x0083dac0                ip_write2
                0x0083de70                ip_raw_write
                0x0083df48                ip_fragment_lc
                0x0083e3d0                ip_fragment
                0x0083e9f4                ip_mymach
                0x0083eaa0                ip_dump
                0x0083ed58                iproute
                0x0083efc4                ip_copypkt
 .text          0x0083f0fc     0x1d9c ../Webserver_bsp//libucosii_bsp.a(ip_reasm.o)
                0x0083f0fc                ip_reasm_match_frag_with_ire
                0x0083f1cc                ip_reasm_determine_type_of_frag
                0x0083f2b8                ip_reasm_check_mem_useage
                0x0083f350                ip_reasm_incr_mem_useage
                0x0083f3f8                ip_reasm_decr_mem_useage
                0x0083f498                ip_reasm_process_first_fragment
                0x0083f778                ip_reassm
                0x0083f818                ip_reasm_compute_overlap
                0x0083fda8                ip_reasm_process_subsequent_fragments
                0x0084033c                ip_reasm_find_ire
                0x008403a0                ip_reasm_copy_queued_fragments_into_reassy_buffer
                0x008406fc                ip_reasm_process_timer_tick
                0x008407e0                ip_reasm_delete_ire
                0x008409a8                ip_reasm_mark_compact_rfq
                0x00840af0                ipr_stats
                0x00840e44                ip_reasm_send_icmp_timex
 .text          0x00840e98      0xe3c ../Webserver_bsp//libucosii_bsp.a(ipdemux.o)
                0x00840e98                ip_rcv
                0x00841298                ip_rcv_phase2
                0x008418a4                ip_demux
 .text          0x00841cd4      0x2f0 ../Webserver_bsp//libucosii_bsp.a(ipmc.o)
                0x00841cd4                in_addmulti
                0x00841e3c                in_delmulti
                0x00841f54                lookup_mcast
 .text          0x00841fc4       0xe4 ../Webserver_bsp//libucosii_bsp.a(ipport.o)
                0x00841fc4                prep_ifaces
                0x00842058                netexit
                0x00842080                evtmap_setup
 .text          0x008420a8      0x550 ../Webserver_bsp//libucosii_bsp.a(ipraw.o)
                0x008420a8                ip_raw_open
                0x00842198                ip_raw_close
                0x00842258                ip_raw_input
                0x00842490                ip_raw_alloc
                0x0084255c                ip_raw_free
                0x0084259c                ip_raw_maxalloc
 .text          0x008425f8      0x6f0 ../Webserver_bsp//libucosii_bsp.a(iproute.o)
                0x008425f8                rt_lookup
                0x0084277c                add_route
                0x00842ba4                del_route
 .text          0x00842ce8      0xe3c ../Webserver_bsp//libucosii_bsp.a(udp.o)
                0x00842ce8                udpdemux
                0x00843540                udp_send
                0x008437f8                udpswap
                0x00843928                udp_socket
                0x008439f8                udp_alloc
                0x00843ab8                udp_maxalloc
                0x00843ae4                udp_free
 .text          0x00843b24      0x2e8 ../Webserver_bsp//libucosii_bsp.a(igmp.o)
                0x00843b24                igmpv1_input
 .text          0x00843e0c      0x7c0 ../Webserver_bsp//libucosii_bsp.a(igmp2.o)
                0x00843e0c                igmpv2_input
                0x00843f6c                igmpv2_process_report
                0x008440b8                igmpv2_process_query
                0x00844304                igmpv2_chk_set_timer
                0x0084445c                igmpv2_chk4_rtr_alert_opt
 .text          0x008445cc      0x8fc ../Webserver_bsp//libucosii_bsp.a(ipopt.o)
                0x008445cc                IPADDR_TO_NETP
                0x00844714                ip_setmoptions
                0x00844d04                ip_getmoptions
                0x00844e44                ip_freemoptions
 .text          0x00844ec8      0x6ac ../Webserver_bsp//libucosii_bsp.a(u_mctest.o)
                0x00844ec8                u_mctest_init
                0x00844ef8                u_mctest_run
 .text          0x00845574      0x38c ../Webserver_bsp//libucosii_bsp.a(dhcsetup.o)
                0x00845574                dhc_setup
                0x008457fc                dhc_main_ipset
 .text          0x00845900      0x40c ../Webserver_bsp//libucosii_bsp.a(memdev.o)
                0x00845900                init_memdev
                0x00845978                md_fopen
                0x008459a0                md_fclose
                0x008459c0                md_fread
                0x00845b40                md_fwrite
                0x00845bc0                md_fseek
                0x00845bec                md_ftell
                0x00845c10                md_fgetc
                0x00845ce8                md_unlink
 .text          0x00845d0c      0x810 ../Webserver_bsp//libucosii_bsp.a(parseip.o)
                0x00845d0c                parse_ipad
                0x00846028                inet_addr
                0x00846090                hextoa
                0x00846100                inet_pton
                0x008461ac                inet_ntop
                0x00846238                print46_addr
                0x00846298                inet46_addr
                0x0084635c                inet_setport
                0x008463d0                convert_ip
 .text          0x0084651c      0x1cc ../Webserver_bsp//libucosii_bsp.a(tcpcksum.o)
                0x0084651c                tcp_cksum
 .text          0x008466e8      0x900 ../Webserver_bsp//libucosii_bsp.a(in_pcb.o)
                0x008466e8                in_pcballoc
                0x0084677c                in_pcbdetach
                0x008467d0                in_pcbbind
                0x00846a24                in_pcbconnect
                0x00846c34                in_pcbdisconnect
                0x00846c94                in_setsockaddr
                0x00846d10                in_setpeeraddr
                0x00846d8c                in_pcblookup
 .text          0x00846fe8     0x1a74 ../Webserver_bsp//libucosii_bsp.a(vfsfiles.o)
                0x00846fe8                set_vfopen_error
                0x00847010                get_vfopen_error
                0x00847030                vf_alloc_and_link_vop
                0x008470ac                vf_alloc_buffer
                0x00847184                vf_free_buffer
                0x008471d4                vfopen_locked
                0x0084753c                vfopen
                0x0084758c                vfclose_locked
                0x00847734                vfclose
                0x00847774                vfflush
                0x008477bc                vfgets
                0x008478a0                vfeof
                0x008478f8                vunlink_flag_open_files
                0x00847954                vunlink
                0x00847b74                vfread
                0x00847d20                vfwrite_locked
                0x00848108                vfwrite
                0x00848168                vfseek
                0x008482e4                vftell
                0x00848418                vgetc_locked
                0x00848538                vgetc
                0x00848580                vfslookup_locked
                0x008486b8                vfslookup
                0x00848700                strippath
                0x008488e8                isvfile_locked
                0x0084894c                isvfile
                0x00848994                vferror
                0x00848a00                vclearerr
 .text          0x00848a5c       0x24 ../Webserver_bsp//libucosii_bsp.a(vfsport.o)
                0x00848a5c                prep_vfs
 .text          0x00848a80        0x0 ../Webserver_bsp//libucosii_bsp.a(alt_exception_entry.o)
 .text          0x00848a80      0x1b4 ../Webserver_bsp//libucosii_bsp.a(alt_fcntl.o)
                0x00848a80                alt_fcntl
 .text          0x00848c34     0x130c ../Webserver_bsp//libucosii_bsp.a(icmp.o)
                0x00848c34                icmprcv
                0x00849868                icmp_destun
                0x00849bb8                icmp_timex
                0x00849eec                icmp_du
 .text          0x00849f40       0x14 /OPT/altera/12.1/nios2eds/bin/gnu/H-i686-pc-linux-gnu/bin/../lib/gcc/nios2-elf/4.1.2/../../../../nios2-elf/lib/libc.a(lib_a-atexit.o)
                0x00849f40                atexit
 .text          0x00849f54       0x1c /OPT/altera/12.1/nios2eds/bin/gnu/H-i686-pc-linux-gnu/bin/../lib/gcc/nios2-elf/4.1.2/../../../../nios2-elf/lib/libc.a(lib_a-calloc.o)
                0x00849f54                calloc
 .text          0x00849f70       0x38 /OPT/altera/12.1/nios2eds/bin/gnu/H-i686-pc-linux-gnu/bin/../lib/gcc/nios2-elf/4.1.2/../../../../nios2-elf/lib/libc.a(lib_a-exit.o)
                0x00849f70                exit
 .text          0x00849fa8      0x128 /OPT/altera/12.1/nios2eds/bin/gnu/H-i686-pc-linux-gnu/bin/../lib/gcc/nios2-elf/4.1.2/../../../../nios2-elf/lib/libc.a(lib_a-getc.o)
                0x00849fa8                getc
                0x0084a040                _getc_r
 .text          0x0084a0d0       0x28 /OPT/altera/12.1/nios2eds/bin/gnu/H-i686-pc-linux-gnu/bin/../lib/gcc/nios2-elf/4.1.2/../../../../nios2-elf/lib/libc.a(lib_a-malloc.o)
                0x0084a0d0                free
                0x0084a0e4                malloc
 .text          0x0084a0f8       0x60 /OPT/altera/12.1/nios2eds/bin/gnu/H-i686-pc-linux-gnu/bin/../lib/gcc/nios2-elf/4.1.2/../../../../nios2-elf/lib/libc.a(lib_a-rget.o)
                0x0084a0f8                __srget_r
                0x0084a144                __srget
 .text          0x0084a158       0x34 /OPT/altera/12.1/nios2eds/bin/gnu/H-i686-pc-linux-gnu/bin/../lib/gcc/nios2-elf/4.1.2/../../../../nios2-elf/lib/libc.a(lib_a-vprintf.o)
                0x0084a158                _vprintf_r
                0x0084a16c                vprintf
 .text          0x0084a18c       0x74 /OPT/altera/12.1/nios2eds/bin/gnu/H-i686-pc-linux-gnu/bin/../lib/gcc/nios2-elf/4.1.2/../../../../nios2-elf/lib/libc.a(lib_a-vsprintf.o)
                0x0084a18c                _vsprintf_r
                0x0084a1dc                vsprintf
 .text          0x0084a200      0x134 /OPT/altera/12.1/nios2eds/bin/gnu/H-i686-pc-linux-gnu/bin/../lib/gcc/nios2-elf/4.1.2/../../../../nios2-elf/lib/libc.a(lib_a-__atexit.o)
                0x0084a200                __register_exitproc
 .text          0x0084a334      0x1b4 /OPT/altera/12.1/nios2eds/bin/gnu/H-i686-pc-linux-gnu/bin/../lib/gcc/nios2-elf/4.1.2/../../../../nios2-elf/lib/libc.a(lib_a-__call_atexit.o)
                0x0084a338                __call_exitprocs
 .text          0x0084a4e8       0x6c ../Webserver_bsp//libucosii_bsp.a(alt_exit.o)
                0x0084a528                _exit
 *(.gnu.warning.*)
 *(.fini)
                0x0084a554                PROVIDE (__etext, ABSOLUTE (.))
                0x0084a554                PROVIDE (_etext, ABSOLUTE (.))
                0x0084a554                PROVIDE (etext, ABSOLUTE (.))
 *(.eh_frame_hdr)
                0x0084a554                . = ALIGN (0x4)
                0x0084a554                PROVIDE (__preinit_array_start, ABSOLUTE (.))
 *(.preinit_array)
                0x0084a554                PROVIDE (__preinit_array_end, ABSOLUTE (.))
                0x0084a554                PROVIDE (__init_array_start, ABSOLUTE (.))
 *(.init_array)
                0x0084a554                PROVIDE (__init_array_end, ABSOLUTE (.))
                0x0084a554                PROVIDE (__fini_array_start, ABSOLUTE (.))
 *(.fini_array)
                0x0084a554                PROVIDE (__fini_array_end, ABSOLUTE (.))
 *(.eh_frame)
 *(.gcc_except_table)
 *(.dynamic)
                0x0084a554                PROVIDE (__CTOR_LIST__, ABSOLUTE (.))
 *(.ctors)
 *(SORT(.ctors.*))
 .ctors.65535   0x0084a554        0x4 /OPT/altera/12.1/nios2eds/bin/gnu/H-i686-pc-linux-gnu/bin/../lib/gcc/nios2-elf/4.1.2/../../../../nios2-elf/lib/libc.a(lib_a-__call_atexit.o)
                0x0084a558                PROVIDE (__CTOR_END__, ABSOLUTE (.))
                0x0084a558                PROVIDE (__DTOR_LIST__, ABSOLUTE (.))
 *(.dtors)
 *(SORT(.dtors.*))
                0x0084a558                PROVIDE (__DTOR_END__, ABSOLUTE (.))
 *(.jcr)
                0x0084a558                . = ALIGN (0x4)

.rodata         0x0084a558     0x420c
                0x0084a558                PROVIDE (__ram_rodata_start, ABSOLUTE (.))
                0x0084a558                . = ALIGN (0x4)
 *(.rodata .rodata.* .gnu.linkonce.r.*)
 .rodata        0x0084a558      0x654 obj/default/alt_error_handler.o
 .rodata        0x0084abac       0x64 obj/default/dm9000a.o
 .rodata        0x0084ac10      0x838 obj/default/http.o
 .rodata        0x0084b448      0x1a0 obj/default/network_utilities.o
 .rodata        0x0084b5e8      0x1ac obj/default/srec_flash.o
 .rodata        0x0084b794       0x34 obj/default/web_server.o
 .rodata        0x0084b7c8      0x281 /OPT/altera/12.1/nios2eds/bin/gnu/H-i686-pc-linux-gnu/bin/../lib/gcc/nios2-elf/4.1.2/../../../../nios2-elf/lib/libc.a(lib_a-ctype_.o)
                0x0084b7c8                _ctype_
 *fill*         0x0084ba49        0x3 00
 .rodata.str1.4
                0x0084ba4c        0x2 /OPT/altera/12.1/nios2eds/bin/gnu/H-i686-pc-linux-gnu/bin/../lib/gcc/nios2-elf/4.1.2/../../../../nios2-elf/lib/libc.a(lib_a-impure.o)
                                  0x4 (size before relaxing)
 *fill*         0x0084ba4e        0x2 00
 .rodata.str1.4
                0x0084ba50        0x3 /OPT/altera/12.1/nios2eds/bin/gnu/H-i686-pc-linux-gnu/bin/../lib/gcc/nios2-elf/4.1.2/../../../../nios2-elf/lib/libc.a(lib_a-perror.o)
                                  0x4 (size before relaxing)
 *fill*         0x0084ba53        0x1 00
 .rodata.str1.4
                0x0084ba54        0x2 /OPT/altera/12.1/nios2eds/bin/gnu/H-i686-pc-linux-gnu/bin/../lib/gcc/nios2-elf/4.1.2/../../../../nios2-elf/lib/libc.a(lib_a-puts.o)
                                  0x4 (size before relaxing)
 *fill*         0x0084ba56        0x2 00
 .rodata.str1.4
                0x0084ba58      0x7a2 /OPT/altera/12.1/nios2eds/bin/gnu/H-i686-pc-linux-gnu/bin/../lib/gcc/nios2-elf/4.1.2/../../../../nios2-elf/lib/libc.a(lib_a-strerror.o)
                                0x7a8 (size before relaxing)
 *fill*         0x0084c1fa        0x2 00
 .rodata.str1.4
                0x0084c1fc       0x5e /OPT/altera/12.1/nios2eds/bin/gnu/H-i686-pc-linux-gnu/bin/../lib/gcc/nios2-elf/4.1.2/../../../../nios2-elf/lib/libc.a(lib_a-vfprintf.o)
                                 0x60 (size before relaxing)
 .rodata        0x0084c25a       0x20 /OPT/altera/12.1/nios2eds/bin/gnu/H-i686-pc-linux-gnu/bin/../lib/gcc/nios2-elf/4.1.2/../../../../nios2-elf/lib/libc.a(lib_a-vfprintf.o)
 *fill*         0x0084c27a        0x2 00
 .rodata.str1.4
                0x0084c27c        0x5 /OPT/altera/12.1/nios2eds/bin/gnu/H-i686-pc-linux-gnu/bin/../lib/gcc/nios2-elf/4.1.2/../../../../nios2-elf/lib/libc.a(lib_a-vfscanf.o)
                                  0x8 (size before relaxing)
 *fill*         0x0084c281        0x1 00
 .rodata        0x0084c282       0x22 /OPT/altera/12.1/nios2eds/bin/gnu/H-i686-pc-linux-gnu/bin/../lib/gcc/nios2-elf/4.1.2/../../../../nios2-elf/lib/libc.a(lib_a-vfscanf.o)
 .rodata.str1.4
                0x0084c2a4       0x10 /OPT/altera/12.1/nios2eds/bin/gnu/H-i686-pc-linux-gnu/bin/../lib/gcc/nios2-elf/4.1.2/../../../../nios2-elf/lib/libc.a(lib_a-dtoa.o)
                                 0x14 (size before relaxing)
 .rodata.str1.4
                0x0084c2b4        0xf /OPT/altera/12.1/nios2eds/bin/gnu/H-i686-pc-linux-gnu/bin/../lib/gcc/nios2-elf/4.1.2/../../../../nios2-elf/lib/libc.a(lib_a-locale.o)
                                 0x18 (size before relaxing)
 *fill*         0x0084c2c3        0x1 00
 .rodata        0x0084c2c4       0x30 /OPT/altera/12.1/nios2eds/bin/gnu/H-i686-pc-linux-gnu/bin/../lib/gcc/nios2-elf/4.1.2/../../../../nios2-elf/lib/libc.a(lib_a-locale.o)
 .rodata.str1.4
                0x00000000        0x4 /OPT/altera/12.1/nios2eds/bin/gnu/H-i686-pc-linux-gnu/bin/../lib/gcc/nios2-elf/4.1.2/../../../../nios2-elf/lib/libc.a(lib_a-mbrtowc.o)
 .rodata        0x0084c2f4      0x124 /OPT/altera/12.1/nios2eds/bin/gnu/H-i686-pc-linux-gnu/bin/../lib/gcc/nios2-elf/4.1.2/../../../../nios2-elf/lib/libc.a(lib_a-mprec.o)
                0x0084c2f4                __mprec_tens
                0x0084c3bc                __mprec_bigtens
                0x0084c3e4                __mprec_tinytens
 .rodata.str1.4
                0x0084c418        0xf /OPT/altera/12.1/nios2eds/bin/gnu/H-i686-pc-linux-gnu/bin/../lib/gcc/nios2-elf/4.1.2/../../../../nios2-elf/lib/libc.a(lib_a-strtod.o)
                                 0x10 (size before relaxing)
 *fill*         0x0084c427        0x1 00
 .rodata        0x0084c428       0x28 /OPT/altera/12.1/nios2eds/bin/gnu/H-i686-pc-linux-gnu/bin/../lib/gcc/nios2-elf/4.1.2/../../../../nios2-elf/lib/libc.a(lib_a-strtod.o)
 .rodata.str1.4
                0x0084c450       0x1c /OPT/altera/12.1/nios2eds/bin/gnu/H-i686-pc-linux-gnu/bin/../lib/gcc/nios2-elf/4.1.2/../../../../nios2-elf/lib/libc.a(lib_a-gdtoa-gethex.o)
 .rodata        0x0084c46c       0x14 /OPT/altera/12.1/nios2eds/bin/gnu/H-i686-pc-linux-gnu/bin/../lib/gcc/nios2-elf/4.1.2/libgcc.a(_thenan_df.o)
                0x0084c46c                __thenan_df
 .rodata        0x0084c480      0x100 /OPT/altera/12.1/nios2eds/bin/gnu/H-i686-pc-linux-gnu/bin/../lib/gcc/nios2-elf/4.1.2/libgcc.a(_clz.o)
                0x0084c480                __clz_tab
 .rodata        0x0084c580       0x14 ../Webserver_bsp//libucosii_bsp.a(alt_main.o)
 .rodata        0x0084c594      0x120 ../Webserver_bsp//libucosii_bsp.a(os_core.o)
                0x0084c594                OSUnMapTbl
 .rodata        0x0084c6b4       0x88 ../Webserver_bsp//libucosii_bsp.a(alt_sys_init.o)
 .rodata        0x0084c73c       0xd8 ../Webserver_bsp//libucosii_bsp.a(ipnet.o)
 .rodata        0x0084c814       0xec ../Webserver_bsp//libucosii_bsp.a(ipstart.o)
 .rodata        0x0084c900      0x54c ../Webserver_bsp//libucosii_bsp.a(igmp_cmn.o)
 .rodata        0x0084ce4c       0xb8 ../Webserver_bsp//libucosii_bsp.a(in_utils.o)
 .rodata        0x0084cf04       0x34 ../Webserver_bsp//libucosii_bsp.a(netmain.o)
 .rodata        0x0084cf38      0x1a8 ../Webserver_bsp//libucosii_bsp.a(tk_crnos.o)
 .rodata        0x0084d0e0        0x8 ../Webserver_bsp//libucosii_bsp.a(dhcpclnt.o)
 .rodata        0x0084d0e8      0x118 ../Webserver_bsp//libucosii_bsp.a(pktalloc.o)
 .rodata        0x0084d200       0x84 ../Webserver_bsp//libucosii_bsp.a(udp_open.o)
 .rodata        0x0084d284       0x2c ../Webserver_bsp//libucosii_bsp.a(brdutils.o)
 .rodata        0x0084d2b0      0x26c ../Webserver_bsp//libucosii_bsp.a(osportco.o)
 .rodata        0x0084d51c       0xa0 ../Webserver_bsp//libucosii_bsp.a(targnios.o)
 .rodata        0x0084d5bc       0x90 ../Webserver_bsp//libucosii_bsp.a(nptcp.o)
 .rodata        0x0084d64c        0x8 ../Webserver_bsp//libucosii_bsp.a(sockcall.o)
 .rodata        0x0084d654       0x50 ../Webserver_bsp//libucosii_bsp.a(socket.o)
 .rodata        0x0084d6a4       0x40 ../Webserver_bsp//libucosii_bsp.a(socket2.o)
 .rodata        0x0084d6e4       0x20 ../Webserver_bsp//libucosii_bsp.a(tcp_in.o)
 .rodata        0x0084d704       0x40 ../Webserver_bsp//libucosii_bsp.a(tcp_out.o)
 .rodata        0x0084d744       0x24 ../Webserver_bsp//libucosii_bsp.a(tcp_subr.o)
 .rodata        0x0084d768       0x2c ../Webserver_bsp//libucosii_bsp.a(tcp_usr.o)
 .rodata        0x0084d794        0xc ../Webserver_bsp//libucosii_bsp.a(alt_dev.o)
 .rodata        0x0084d7a0        0x4 ../Webserver_bsp//libucosii_bsp.a(os_cpu_c.o)
 .rodata        0x0084d7a4      0x1d4 ../Webserver_bsp//libucosii_bsp.a(allports.o)
 .rodata        0x0084d978       0x34 ../Webserver_bsp//libucosii_bsp.a(tk_misc.o)
 .rodata        0x0084d9ac       0x44 ../Webserver_bsp//libucosii_bsp.a(et_arp.o)
 .rodata        0x0084d9f0      0x1dc ../Webserver_bsp//libucosii_bsp.a(ip.o)
 .rodata        0x0084dbcc      0x158 ../Webserver_bsp//libucosii_bsp.a(ip_reasm.o)
 .rodata        0x0084dd24      0x120 ../Webserver_bsp//libucosii_bsp.a(ipdemux.o)
 .rodata        0x0084de44       0x34 ../Webserver_bsp//libucosii_bsp.a(ipport.o)
 .rodata        0x0084de78       0x24 ../Webserver_bsp//libucosii_bsp.a(ipraw.o)
 .rodata        0x0084de9c       0x38 ../Webserver_bsp//libucosii_bsp.a(iproute.o)
 .rodata        0x0084ded4       0xe8 ../Webserver_bsp//libucosii_bsp.a(udp.o)
 .rodata        0x0084dfbc      0x2d0 ../Webserver_bsp//libucosii_bsp.a(u_mctest.o)
 .rodata        0x0084e28c       0xf8 ../Webserver_bsp//libucosii_bsp.a(dhcsetup.o)
 .rodata        0x0084e384       0x94 ../Webserver_bsp//libucosii_bsp.a(parseip.o)
 .rodata        0x0084e418       0x34 ../Webserver_bsp//libucosii_bsp.a(vfsfiles.o)
 .rodata        0x0084e44c      0x318 ../Webserver_bsp//libucosii_bsp.a(icmp.o)
 *(.rodata1)
                0x0084e764                . = ALIGN (0x4)
                0x0084e764                PROVIDE (__ram_rodata_end, ABSOLUTE (.))
                0x0084a558                PROVIDE (__flash_rodata_start, LOADADDR (.rodata))

.rwdata         0x0084e764     0x1ed0
                0x0084e764                PROVIDE (__ram_rwdata_start, ABSOLUTE (.))
                0x0084e764                . = ALIGN (0x4)
 *(.got.plt)
 *(.got)
 *(.data1)
 *(.data .data.* .gnu.linkonce.d.*)
 .data          0x0084e764        0x0 ../Webserver_bsp//obj/HAL/src/crt0.o
 .data          0x0084e764        0x0 obj/default/alt_error_handler.o
 .data          0x0084e764        0x0 obj/default/dm9000a.o
 .data          0x0084e764        0x0 obj/default/http.o
 .data          0x0084e764        0x0 obj/default/network_utilities.o
 .data          0x0084e764        0x0 obj/default/srec_flash.o
 .data          0x0084e764       0x18 obj/default/web_server.o
                0x0084e764                wstask
 .data          0x0084e77c        0x0 /OPT/altera/12.1/nios2eds/bin/gnu/H-i686-pc-linux-gnu/bin/../lib/gcc/nios2-elf/4.1.2/libgcc.a(lib2-divmod.o)
 .data          0x0084e77c        0x0 /OPT/altera/12.1/nios2eds/bin/gnu/H-i686-pc-linux-gnu/bin/../lib/gcc/nios2-elf/4.1.2/../../../../nios2-elf/lib/libc.a(lib_a-atoi.o)
 .data          0x0084e77c        0x0 /OPT/altera/12.1/nios2eds/bin/gnu/H-i686-pc-linux-gnu/bin/../lib/gcc/nios2-elf/4.1.2/../../../../nios2-elf/lib/libc.a(lib_a-ctype_.o)
 .data          0x0084e77c        0x0 /OPT/altera/12.1/nios2eds/bin/gnu/H-i686-pc-linux-gnu/bin/../lib/gcc/nios2-elf/4.1.2/../../../../nios2-elf/lib/libc.a(lib_a-fclose.o)
 .data          0x0084e77c        0x0 /OPT/altera/12.1/nios2eds/bin/gnu/H-i686-pc-linux-gnu/bin/../lib/gcc/nios2-elf/4.1.2/../../../../nios2-elf/lib/libc.a(lib_a-fflush.o)
 .data          0x0084e77c        0x0 /OPT/altera/12.1/nios2eds/bin/gnu/H-i686-pc-linux-gnu/bin/../lib/gcc/nios2-elf/4.1.2/../../../../nios2-elf/lib/libc.a(lib_a-fgetpos.o)
 .data          0x0084e77c        0x0 /OPT/altera/12.1/nios2eds/bin/gnu/H-i686-pc-linux-gnu/bin/../lib/gcc/nios2-elf/4.1.2/../../../../nios2-elf/lib/libc.a(lib_a-findfp.o)
 .data          0x0084e77c        0x0 /OPT/altera/12.1/nios2eds/bin/gnu/H-i686-pc-linux-gnu/bin/../lib/gcc/nios2-elf/4.1.2/../../../../nios2-elf/lib/libc.a(lib_a-fopen.o)
 .data          0x0084e77c        0x0 /OPT/altera/12.1/nios2eds/bin/gnu/H-i686-pc-linux-gnu/bin/../lib/gcc/nios2-elf/4.1.2/../../../../nios2-elf/lib/libc.a(lib_a-fprintf.o)
 .data          0x0084e77c        0x0 /OPT/altera/12.1/nios2eds/bin/gnu/H-i686-pc-linux-gnu/bin/../lib/gcc/nios2-elf/4.1.2/../../../../nios2-elf/lib/libc.a(lib_a-fread.o)
 .data          0x0084e77c        0x0 /OPT/altera/12.1/nios2eds/bin/gnu/H-i686-pc-linux-gnu/bin/../lib/gcc/nios2-elf/4.1.2/../../../../nios2-elf/lib/libc.a(lib_a-freer.o)
 .data          0x0084e77c        0x0 /OPT/altera/12.1/nios2eds/bin/gnu/H-i686-pc-linux-gnu/bin/../lib/gcc/nios2-elf/4.1.2/../../../../nios2-elf/lib/libc.a(lib_a-fseek.o)
 .data          0x0084e77c        0x0 /OPT/altera/12.1/nios2eds/bin/gnu/H-i686-pc-linux-gnu/bin/../lib/gcc/nios2-elf/4.1.2/../../../../nios2-elf/lib/libc.a(lib_a-fstatr.o)
 .data          0x0084e77c        0x0 /OPT/altera/12.1/nios2eds/bin/gnu/H-i686-pc-linux-gnu/bin/../lib/gcc/nios2-elf/4.1.2/../../../../nios2-elf/lib/libc.a(lib_a-ftell.o)
 .data          0x0084e77c        0x0 /OPT/altera/12.1/nios2eds/bin/gnu/H-i686-pc-linux-gnu/bin/../lib/gcc/nios2-elf/4.1.2/../../../../nios2-elf/lib/libc.a(lib_a-fwalk.o)
 .data          0x0084e77c        0x0 /OPT/altera/12.1/nios2eds/bin/gnu/H-i686-pc-linux-gnu/bin/../lib/gcc/nios2-elf/4.1.2/../../../../nios2-elf/lib/libc.a(lib_a-fwrite.o)
 .data          0x0084e77c      0x400 /OPT/altera/12.1/nios2eds/bin/gnu/H-i686-pc-linux-gnu/bin/../lib/gcc/nios2-elf/4.1.2/../../../../nios2-elf/lib/libc.a(lib_a-impure.o)
 .data          0x0084eb7c        0x0 /OPT/altera/12.1/nios2eds/bin/gnu/H-i686-pc-linux-gnu/bin/../lib/gcc/nios2-elf/4.1.2/../../../../nios2-elf/lib/libc.a(lib_a-int_errno.o)
 .data          0x0084eb7c        0x0 /OPT/altera/12.1/nios2eds/bin/gnu/H-i686-pc-linux-gnu/bin/../lib/gcc/nios2-elf/4.1.2/../../../../nios2-elf/lib/libc.a(lib_a-makebuf.o)