Archive member included because of file (symbol)

/OPT/altera/12.1/nios2eds/bin/gnu/H-i686-pc-linux-gnu/bin/../lib/gcc/nios2-elf/4.1.2/libgcc.a(lib2-divmod.o)
                              obj/default/srec_flash.o (__divsi3)
/OPT/altera/12.1/nios2eds/bin/gnu/H-i686-pc-linux-gnu/bin/../lib/gcc/nios2-elf/4.1.2/../../../../nios2-elf/lib/libc.a(lib_a-atoi.o)
                              obj/default/http.o (atoi)
/OPT/altera/12.1/nios2eds/bin/gnu/H-i686-pc-linux-gnu/bin/../lib/gcc/nios2-elf/4.1.2/../../../../nios2-elf/lib/libc.a(lib_a-ctype_.o)
                              obj/default/http.o (__ctype_ptr)
/OPT/altera/12.1/nios2eds/bin/gnu/H-i686-pc-linux-gnu/bin/../lib/gcc/nios2-elf/4.1.2/../../../../nios2-elf/lib/libc.a(lib_a-fclose.o)
                              obj/default/http.o (fclose)
/OPT/altera/12.1/nios2eds/bin/gnu/H-i686-pc-linux-gnu/bin/../lib/gcc/nios2-elf/4.1.2/../../../../nios2-elf/lib/libc.a(lib_a-fflush.o)
                              /OPT/altera/12.1/nios2eds/bin/gnu/H-i686-pc-linux-gnu/bin/../lib/gcc/nios2-elf/4.1.2/../../../../nios2-elf/lib/libc.a(lib_a-fclose.o) (_fflush_r)
/OPT/altera/12.1/nios2eds/bin/gnu/H-i686-pc-linux-gnu/bin/../lib/gcc/nios2-elf/4.1.2/../../../../nios2-elf/lib/libc.a(lib_a-fgetpos.o)
                              obj/default/http.o (fgetpos)
/OPT/altera/12.1/nios2eds/bin/gnu/H-i686-pc-linux-gnu/bin/../lib/gcc/nios2-elf/4.1.2/../../../../nios2-elf/lib/libc.a(lib_a-findfp.o)
                              /OPT/altera/12.1/nios2eds/bin/gnu/H-i686-pc-linux-gnu/bin/../lib/gcc/nios2-elf/4.1.2/../../../../nios2-elf/lib/libc.a(lib_a-fclose.o) (__sfp_lock_acquire)
/OPT/altera/12.1/nios2eds/bin/gnu/H-i686-pc-linux-gnu/bin/../lib/gcc/nios2-elf/4.1.2/../../../../nios2-elf/lib/libc.a(lib_a-fopen.o)
                              obj/default/http.o (fopen)
/OPT/altera/12.1/nios2eds/bin/gnu/H-i686-pc-linux-gnu/bin/../lib/gcc/nios2-elf/4.1.2/../../../../nios2-elf/lib/libc.a(lib_a-fprintf.o)
                              obj/default/alt_error_handler.o (fprintf)
/OPT/altera/12.1/nios2eds/bin/gnu/H-i686-pc-linux-gnu/bin/../lib/gcc/nios2-elf/4.1.2/../../../../nios2-elf/lib/libc.a(lib_a-fread.o)
                              obj/default/http.o (fread)
/OPT/altera/12.1/nios2eds/bin/gnu/H-i686-pc-linux-gnu/bin/../lib/gcc/nios2-elf/4.1.2/../../../../nios2-elf/lib/libc.a(lib_a-freer.o)
                              /OPT/altera/12.1/nios2eds/bin/gnu/H-i686-pc-linux-gnu/bin/../lib/gcc/nios2-elf/4.1.2/../../../../nios2-elf/lib/libc.a(lib_a-fclose.o) (_free_r)
/OPT/altera/12.1/nios2eds/bin/gnu/H-i686-pc-linux-gnu/bin/../lib/gcc/nios2-elf/4.1.2/../../../../nios2-elf/lib/libc.a(lib_a-fseek.o)
                              /OPT/altera/12.1/nios2eds/bin/gnu/H-i686-pc-linux-gnu/bin/../lib/gcc/nios2-elf/4.1.2/../../../../nios2-elf/lib/libc.a(lib_a-fopen.o) (_fseek_r)
/OPT/altera/12.1/nios2eds/bin/gnu/H-i686-pc-linux-gnu/bin/../lib/gcc/nios2-elf/4.1.2/../../../../nios2-elf/lib/libc.a(lib_a-fstatr.o)
                              /OPT/altera/12.1/nios2eds/bin/gnu/H-i686-pc-linux-gnu/bin/../lib/gcc/nios2-elf/4.1.2/../../../../nios2-elf/lib/libc.a(lib_a-fseek.o) (_fstat_r)
/OPT/altera/12.1/nios2eds/bin/gnu/H-i686-pc-linux-gnu/bin/../lib/gcc/nios2-elf/4.1.2/../../../../nios2-elf/lib/libc.a(lib_a-ftell.o)
                              /OPT/altera/12.1/nios2eds/bin/gnu/H-i686-pc-linux-gnu/bin/../lib/gcc/nios2-elf/4.1.2/../../../../nios2-elf/lib/libc.a(lib_a-fgetpos.o) (_ftell_r)
/OPT/altera/12.1/nios2eds/bin/gnu/H-i686-pc-linux-gnu/bin/../lib/gcc/nios2-elf/4.1.2/../../../../nios2-elf/lib/libc.a(lib_a-fwalk.o)
                              /OPT/altera/12.1/nios2eds/bin/gnu/H-i686-pc-linux-gnu/bin/../lib/gcc/nios2-elf/4.1.2/../../../../nios2-elf/lib/libc.a(lib_a-fflush.o) (_fwalk_reent)
/OPT/altera/12.1/nios2eds/bin/gnu/H-i686-pc-linux-gnu/bin/../lib/gcc/nios2-elf/4.1.2/../../../../nios2-elf/lib/libc.a(lib_a-fwrite.o)
                              obj/default/alt_error_handler.o (fwrite)
/OPT/altera/12.1/nios2eds/bin/gnu/H-i686-pc-linux-gnu/bin/../lib/gcc/nios2-elf/4.1.2/../../../../nios2-elf/lib/libc.a(lib_a-impure.o)
                              obj/default/alt_error_handler.o (_impure_ptr)
/OPT/altera/12.1/nios2eds/bin/gnu/H-i686-pc-linux-gnu/bin/../lib/gcc/nios2-elf/4.1.2/../../../../nios2-elf/lib/libc.a(lib_a-int_errno.o)
                              /OPT/altera/12.1/nios2eds/bin/gnu/H-i686-pc-linux-gnu/bin/../lib/gcc/nios2-elf/4.1.2/../../../../nios2-elf/lib/libc.a(lib_a-fstatr.o) (errno)
/OPT/altera/12.1/nios2eds/bin/gnu/H-i686-pc-linux-gnu/bin/../lib/gcc/nios2-elf/4.1.2/../../../../nios2-elf/lib/libc.a(lib_a-makebuf.o)
                              /OPT/altera/12.1/nios2eds/bin/gnu/H-i686-pc-linux-gnu/bin/../lib/gcc/nios2-elf/4.1.2/../../../../nios2-elf/lib/libc.a(lib_a-fseek.o) (__smakebuf_r)
/OPT/altera/12.1/nios2eds/bin/gnu/H-i686-pc-linux-gnu/bin/../lib/gcc/nios2-elf/4.1.2/../../../../nios2-elf/lib/libc.a(lib_a-mallocr.o)
[...]
Memory Configuration

Name             Origin             Length             Attributes
sdram_0          0x00800000         0x00800000
reset            0x01400000         0x00000020
generic_tristate_controller_0 0x01400020         0x003fffe0
onchip_memory2_0_BEFORE_EXCEPTION 0x01904000         0x00000020
onchip_memory2_0 0x01904020         0x00003fe0
*default*        0x00000000         0xffffffff

Linker script and memory map

LOAD ../Webserver_bsp//obj/HAL/src/crt0.o
LOAD obj/default/alt_error_handler.o
LOAD obj/default/dm9000a.o
LOAD obj/default/http.o
LOAD obj/default/network_utilities.o
LOAD obj/default/srec_flash.o
LOAD obj/default/web_server.o
LOAD /OPT/altera/12.1/nios2eds/bin/gnu/H-i686-pc-linux-gnu/bin/../lib/gcc/nios2-elf/4.1.2/../../../../nios2-elf/lib/libstdc++.a
LOAD /OPT/altera/12.1/nios2eds/bin/gnu/H-i686-pc-linux-gnu/bin/../lib/gcc/nios2-elf/4.1.2/../../../../nios2-elf/lib/libm.a
LOAD /OPT/altera/12.1/nios2eds/bin/gnu/H-i686-pc-linux-gnu/bin/../lib/gcc/nios2-elf/4.1.2/libgcc.a
START GROUP
LOAD /OPT/altera/12.1/nios2eds/bin/gnu/H-i686-pc-linux-gnu/bin/../lib/gcc/nios2-elf/4.1.2/../../../../nios2-elf/lib/libc.a
LOAD /OPT/altera/12.1/nios2eds/bin/gnu/H-i686-pc-linux-gnu/bin/../lib/gcc/nios2-elf/4.1.2/libgcc.a
LOAD ../Webserver_bsp//libucosii_bsp.a
END GROUP
LOAD /OPT/altera/12.1/nios2eds/bin/gnu/H-i686-pc-linux-gnu/bin/../lib/gcc/nios2-elf/4.1.2/libgcc.a
                0x00800000                __alt_mem_sdram_0 = 0x800000
                0x01400000                __alt_mem_generic_tristate_controller_0 = 0x1400000
                0x01904000                __alt_mem_onchip_memory2_0 = 0x1904000

.entry          0x01400000        0x0
 *(.entry)
 .entry         0x01400000        0x0 ../Webserver_bsp//obj/HAL/src/crt0.o
                0x01400000                __reset

.exceptions     0x01904020      0x19c
                0x01904020                PROVIDE (__ram_exceptions_start, ABSOLUTE (.))
                0x01904020                . = ALIGN (0x20)
 *(.irq)
 *(.exceptions.entry.label)
 .exceptions.entry.label
                0x01904020        0x0 ../Webserver_bsp//libucosii_bsp.a(alt_irq_entry.o)
                0x01904020                alt_irq_entry
 .exceptions.entry.label
                0x01904020        0x0 ../Webserver_bsp//libucosii_bsp.a(alt_exception_entry.o)
                0x01904020                alt_exception
 *(.exceptions.entry.user)
 *(.exceptions.entry)
 .exceptions.entry
                0x01904020       0x54 ../Webserver_bsp//libucosii_bsp.a(alt_exception_entry.o)
 *(.exceptions.irqtest.user)
 *(.exceptions.irqtest)
 .exceptions.irqtest
                0x01904074       0x10 ../Webserver_bsp//libucosii_bsp.a(alt_irq_entry.o)
 *(.exceptions.irqhandler.user)
 *(.exceptions.irqhandler)
 .exceptions.irqhandler
                0x01904084        0x4 ../Webserver_bsp//libucosii_bsp.a(alt_irq_entry.o)
 *(.exceptions.irqreturn.user)
 *(.exceptions.irqreturn)
 .exceptions.irqreturn
                0x01904088        0x4 ../Webserver_bsp//libucosii_bsp.a(alt_irq_entry.o)
 *(.exceptions.notirq.label)
 .exceptions.notirq.label
                0x0190408c        0x0 ../Webserver_bsp//libucosii_bsp.a(alt_irq_entry.o)
 *(.exceptions.notirq.user)
 *(.exceptions.notirq)
 .exceptions.notirq
                0x0190408c        0x8 ../Webserver_bsp//libucosii_bsp.a(alt_exception_entry.o)
 *(.exceptions.soft.user)
 *(.exceptions.soft)
 *(.exceptions.unknown.user)
 *(.exceptions.unknown)
 .exceptions.unknown
                0x01904094        0x4 ../Webserver_bsp//libucosii_bsp.a(alt_exception_entry.o)
 *(.exceptions.exit.label)
 .exceptions.exit.label
                0x01904098        0x0 ../Webserver_bsp//libucosii_bsp.a(alt_irq_entry.o)
 .exceptions.exit.label
                0x01904098        0x0 ../Webserver_bsp//libucosii_bsp.a(alt_exception_entry.o)
 *(.exceptions.exit.user)
 *(.exceptions.exit)
 .exceptions.exit
                0x01904098       0x54 ../Webserver_bsp//libucosii_bsp.a(alt_exception_entry.o)
 *(.exceptions)
 .exceptions    0x019040ec       0xd0 ../Webserver_bsp//libucosii_bsp.a(alt_irq_handler.o)
                0x019040ec                alt_irq_handler
                0x019041bc                PROVIDE (__ram_exceptions_end, ABSOLUTE (.))
                0x01904020                PROVIDE (__flash_exceptions_start, LOADADDR (.exceptions))

.text           0x00800000    0x4a938
                0x00800000                PROVIDE (stext, ABSOLUTE (.))
 *(.interp)
 *(.hash)
 *(.dynsym)
 *(.dynstr)
 *(.gnu.version)
 *(.gnu.version_d)
 *(.gnu.version_r)
 *(.rel.init)
 *(.rela.init)
 *(.rel.text .rel.text.* .rel.gnu.linkonce.t.*)
 *(.rela.text .rela.text.* .rela.gnu.linkonce.t.*)
 *(.rel.fini)
 *(.rela.fini)
 *(.rel.rodata .rel.rodata.* .rel.gnu.linkonce.r.*)
 *(.rela.rodata .rela.rodata.* .rela.gnu.linkonce.r.*)
 *(.rel.data .rel.data.* .rel.gnu.linkonce.d.*)
 *(.rela.data .rela.data.* .rela.gnu.linkonce.d.*)
 *(.rel.tdata .rel.tdata.* .rel.gnu.linkonce.td.*)
 *(.rela.tdata .rela.tdata.* .rela.gnu.linkonce.td.*)
 *(.rel.tbss .rel.tbss.* .rel.gnu.linkonce.tb.*)
 *(.rela.tbss .rela.tbss.* .rela.gnu.linkonce.tb.*)
 *(.rel.ctors)
 *(.rela.ctors)
 *(.rel.dtors)
 *(.rela.dtors)
 *(.rel.got)
 *(.rela.got)
 *(.rel.sdata .rel.sdata.* .rel.gnu.linkonce.s.*)
 *(.rela.sdata .rela.sdata.* .rela.gnu.linkonce.s.*)
 *(.rel.sbss .rel.sbss.* .rel.gnu.linkonce.sb.*)
 *(.rela.sbss .rela.sbss.* .rela.gnu.linkonce.sb.*)
 *(.rel.sdata2 .rel.sdata2.* .rel.gnu.linkonce.s2.*)
 *(.rela.sdata2 .rela.sdata2.* .rela.gnu.linkonce.s2.*)
 *(.rel.sbss2 .rel.sbss2.* .rel.gnu.linkonce.sb2.*)
 *(.rela.sbss2 .rela.sbss2.* .rela.gnu.linkonce.sb2.*)
 *(.rel.bss .rel.bss.* .rel.gnu.linkonce.b.*)
 *(.rela.bss .rela.bss.* .rela.gnu.linkonce.b.*)
 *(.rel.plt)
 *(.rela.plt)
 *(.rel.dyn)
 *(.init)
 *(.plt)
 *(.text .stub .text.* .gnu.linkonce.t.*)
 .text          0x00800000       0x48 ../Webserver_bsp//obj/HAL/src/crt0.o
                0x00800000                _start
 .text          0x00800048      0x624 obj/default/alt_error_handler.o
                0x00800048                alt_uCOSIIErrorHandler
 .text          0x0080066c      0xdf0 obj/default/dm9000a.o
                0x0080066c                dm9000a_iow
                0x008006c0                dm9000a_ior
                0x0080070c                phy_write
                0x008007a8                dm9000a_reset
                0x0080096c                TransmitPacket
                0x00800a88                prep_dm9000a
                0x00800c4c                dm9000a_init
                0x0080109c                dm9Ka_isr_wrap
                0x008010dc                dm9ka_init
                0x008011d4                dm9ka_close
                0x008012e4                dm9ka_stats
                0x00801340                dm9ka_pkt_send
 .text          0x0080145c     0x284c obj/default/http.o
                0x0080145c                print
                0x0080148c                sweep
                0x00801574                http_cleanup_lcd_text
                0x008015f8                lcd_output
                0x008016c0                http_parse_multipart_header
                0x00801910                file_upload
                0x00801b74                ProgFlashStub
                0x00801bc4                http_reset_connection
                0x00801cb4                http_manage_connection
                0x00801e60                http_handle_accept
                0x00801f88                http_read_line
                0x00802038                http_parse_type_boundary
                0x00802124                http_process_headers
                0x00802358                http_process_request
                0x0080264c                http_send_file_chunk
                0x008027f8                http_send_file_header
                0x00802f38                http_find_file
                0x008031b4                http_send_redirect
                0x008031e8                http_handle_post
                0x008034e0                http_prepare_response
                0x00803554                http_handle_receive
                0x00803910                http_handle_transmit
                0x00803970                WSTask
 .text          0x00803ca8      0x7a8 obj/default/network_utilities.o
                0x00803ca8                die_with_error
                0x00803cd8                get_serial_number
                0x00803ddc                generate_and_store_mac_addr
                0x00803f88                generate_mac_addr
                0x008040c4                get_board_mac_addr
                0x00804258                get_mac_addr
                0x008042b0                get_ip_addr
                0x0080430c                FindLastFlashSectorOffset
 .text          0x00804450      0x820 obj/default/srec_flash.o
                0x00804450                ProgFlash
                0x008046f4                ParseAndProgramLine
                0x008049b0                ParseSRECBuf
 .text          0x00804c70      0x5d8 obj/default/web_server.o
                0x00804c70                lcd_ip_addr
                0x00804e68                WSInitialTask
                0x00804ee4                main
                0x008050c8                lcd_output_text
                0x00805134                board_control_task
                0x008051cc                LED_task
 .text          0x00805248      0x14c /OPT/altera/12.1/nios2eds/bin/gnu/H-i686-pc-linux-gnu/bin/../lib/gcc/nios2-elf/4.1.2/libgcc.a(lib2-divmod.o)
                0x008052c4                __divsi3
                0x00805324                __modsi3
                0x00805384                __udivsi3
                0x0080538c                __umodsi3
 .text          0x00805394       0x18 /OPT/altera/12.1/nios2eds/bin/gnu/H-i686-pc-linux-gnu/bin/../lib/gcc/nios2-elf/4.1.2/../../../../nios2-elf/lib/libc.a(lib_a-atoi.o)
                0x00805394                _atoi_r
                0x008053a0                atoi
 .text          0x008053ac        0x0 /OPT/altera/12.1/nios2eds/bin/gnu/H-i686-pc-linux-gnu/bin/../lib/gcc/nios2-elf/4.1.2/../../../../nios2-elf/lib/libc.a(lib_a-ctype_.o)
 .text          0x008053ac      0x124 /OPT/altera/12.1/nios2eds/bin/gnu/H-i686-pc-linux-gnu/bin/../lib/gcc/nios2-elf/4.1.2/../../../../nios2-elf/lib/libc.a(lib_a-fclose.o)
                0x008053ac                _fclose_r
                0x008054bc                fclose
 .text          0x008054d0      0x230 /OPT/altera/12.1/nios2eds/bin/gnu/H-i686-pc-linux-gnu/bin/../lib/gcc/nios2-elf/4.1.2/../../../../nios2-elf/lib/libc.a(lib_a-fflush.o)
                0x008054d0                _fflush_r
                0x008056cc                fflush
 .text          0x00805700       0x48 /OPT/altera/12.1/nios2eds/bin/gnu/H-i686-pc-linux-gnu/bin/../lib/gcc/nios2-elf/4.1.2/../../../../nios2-elf/lib/libc.a(lib_a-fgetpos.o)
                0x00805700                _fgetpos_r
                0x0080572c                fgetpos
 .text          0x00805748      0x2c0 /OPT/altera/12.1/nios2eds/bin/gnu/H-i686-pc-linux-gnu/bin/../lib/gcc/nios2-elf/4.1.2/../../../../nios2-elf/lib/libc.a(lib_a-findfp.o)
                0x008057a0                __sfp_lock_acquire
                0x008057a4                __sfp_lock_release
                0x008057a8                __sinit_lock_acquire
                0x008057ac                __sinit_lock_release
                0x008057b0                __sinit
                0x00805864                __fp_unlock_all
                0x0080587c                __fp_lock_all
                0x00805894                _cleanup_r
                0x008058a0                _cleanup
                0x008058b0                __sfmoreglue
                0x00805918                __sfp
 .text          0x00805a08      0x110 /OPT/altera/12.1/nios2eds/bin/gnu/H-i686-pc-linux-gnu/bin/../lib/gcc/nios2-elf/4.1.2/../../../../nios2-elf/lib/libc.a(lib_a-fopen.o)
                0x00805a08                _fopen_r
                0x00805afc                fopen
 .text          0x00805b18       0x60 /OPT/altera/12.1/nios2eds/bin/gnu/H-i686-pc-linux-gnu/bin/../lib/gcc/nios2-elf/4.1.2/../../../../nios2-elf/lib/libc.a(lib_a-fprintf.o)
                0x00805b18                fprintf
                0x00805b44                _fprintf_r
 .text          0x00805b78      0x23c /OPT/altera/12.1/nios2eds/bin/gnu/H-i686-pc-linux-gnu/bin/../lib/gcc/nios2-elf/4.1.2/../../../../nios2-elf/lib/libc.a(lib_a-fread.o)
                0x00805b78                _fread_r
                0x00805d74                fread
 .text          0x00805db4      0x440 /OPT/altera/12.1/nios2eds/bin/gnu/H-i686-pc-linux-gnu/bin/../lib/gcc/nios2-elf/4.1.2/../../../../nios2-elf/lib/libc.a(lib_a-freer.o)
                0x00805db4                _malloc_trim_r
                0x00805ee0                _free_r
 .text          0x008061f4      0x460 /OPT/altera/12.1/nios2eds/bin/gnu/H-i686-pc-linux-gnu/bin/../lib/gcc/nios2-elf/4.1.2/../../../../nios2-elf/lib/libc.a(lib_a-fseek.o)
                0x008061f4                _fseek_r
                0x00806630                fseek
 .text          0x00806654       0x74 /OPT/altera/12.1/nios2eds/bin/gnu/H-i686-pc-linux-gnu/bin/../lib/gcc/nios2-elf/4.1.2/../../../../nios2-elf/lib/libc.a(lib_a-fstatr.o)
                0x00806654                _fstat_r
 .text          0x008066c8      0x10c /OPT/altera/12.1/nios2eds/bin/gnu/H-i686-pc-linux-gnu/bin/../lib/gcc/nios2-elf/4.1.2/../../../../nios2-elf/lib/libc.a(lib_a-ftell.o)
                0x008066c8                _ftell_r
                0x008067c0                ftell
 .text          0x008067d4      0x180 /OPT/altera/12.1/nios2eds/bin/gnu/H-i686-pc-linux-gnu/bin/../lib/gcc/nios2-elf/4.1.2/../../../../nios2-elf/lib/libc.a(lib_a-fwalk.o)
                0x008067d4                _fwalk_reent
                0x0080689c                _fwalk
 .text          0x00806954       0xdc /OPT/altera/12.1/nios2eds/bin/gnu/H-i686-pc-linux-gnu/bin/../lib/gcc/nios2-elf/4.1.2/../../../../nios2-elf/lib/libc.a(lib_a-fwrite.o)
                0x00806954                _fwrite_r
                0x008069f0                fwrite
 .text          0x00806a30        0x0 /OPT/altera/12.1/nios2eds/bin/gnu/H-i686-pc-linux-gnu/bin/../lib/gcc/nios2-elf/4.1.2/../../../../nios2-elf/lib/libc.a(lib_a-impure.o)
 .text          0x00806a30        0x0 /OPT/altera/12.1/nios2eds/bin/gnu/H-i686-pc-linux-gnu/bin/../lib/gcc/nios2-elf/4.1.2/../../../../nios2-elf/lib/libc.a(lib_a-int_errno.o)
 .text          0x00806a30      0x194 /OPT/altera/12.1/nios2eds/bin/gnu/H-i686-pc-linux-gnu/bin/../lib/gcc/nios2-elf/4.1.2/../../../../nios2-elf/lib/libc.a(lib_a-makebuf.o)
                0x00806a30                __smakebuf_r
 .text          0x00806bc4      0x740 /OPT/altera/12.1/nios2eds/bin/gnu/H-i686-pc-linux-gnu/bin/../lib/gcc/nios2-elf/4.1.2/../../../../nios2-elf/lib/libc.a(lib_a-mallocr.o)
                0x00806bc4                _malloc_r
 .text          0x00807304       0xa0 /OPT/altera/12.1/nios2eds/bin/gnu/H-i686-pc-linux-gnu/bin/../lib/gcc/nios2-elf/4.1.2/../../../../nios2-elf/lib/libc.a(lib_a-memcpy.o)
                0x00807304                memcpy
 .text          0x008073a4       0xe0 /OPT/altera/12.1/nios2eds/bin/gnu/H-i686-pc-linux-gnu/bin/../lib/gcc/nios2-elf/4.1.2/../../../../nios2-elf/lib/libc.a(lib_a-memmove.o)
                0x008073a4                memmove
 .text          0x00807484       0x98 /OPT/altera/12.1/nios2eds/bin/gnu/H-i686-pc-linux-gnu/bin/../lib/gcc/nios2-elf/4.1.2/../../../../nios2-elf/lib/libc.a(lib_a-memset.o)
                0x00807484                memset
 .text          0x0080751c       0x78 /OPT/altera/12.1/nios2eds/bin/gnu/H-i686-pc-linux-gnu/bin/../lib/gcc/nios2-elf/4.1.2/../../../../nios2-elf/lib/libc.a(lib_a-openr.o)
                0x0080751c                _open_r
 .text          0x00807594       0x80 /OPT/altera/12.1/nios2eds/bin/gnu/H-i686-pc-linux-gnu/bin/../lib/gcc/nios2-elf/4.1.2/../../../../nios2-elf/lib/libc.a(lib_a-perror.o)
                0x00807594                _perror_r
                0x00807600                perror
 .text          0x00807614       0x78 /OPT/altera/12.1/nios2eds/bin/gnu/H-i686-pc-linux-gnu/bin/../lib/gcc/nios2-elf/4.1.2/../../../../nios2-elf/lib/libc.a(lib_a-printf.o)
                0x00807614                printf
                0x00807658                _printf_r
 .text          0x0080768c       0xb4 /OPT/altera/12.1/nios2eds/bin/gnu/H-i686-pc-linux-gnu/bin/../lib/gcc/nios2-elf/4.1.2/../../../../nios2-elf/lib/libc.a(lib_a-puts.o)
                0x0080768c                _puts_r
                0x0080772c                puts
 .text          0x00807740      0x1e0 /OPT/altera/12.1/nios2eds/bin/gnu/H-i686-pc-linux-gnu/bin/../lib/gcc/nios2-elf/4.1.2/../../../../nios2-elf/lib/libc.a(lib_a-refill.o)
                0x00807740                __srefill_r
 .text          0x00807920       0x70 /OPT/altera/12.1/nios2eds/bin/gnu/H-i686-pc-linux-gnu/bin/../lib/gcc/nios2-elf/4.1.2/../../../../nios2-elf/lib/libc.a(lib_a-sbrkr.o)
                0x00807920                _sbrk_r
 .text          0x00807990      0x170 /OPT/altera/12.1/nios2eds/bin/gnu/H-i686-pc-linux-gnu/bin/../lib/gcc/nios2-elf/4.1.2/../../../../nios2-elf/lib/libc.a(lib_a-snprintf.o)
                0x00807990                snprintf
                0x00807a4c                _snprintf_r
 .text          0x00807b00       0xd4 /OPT/altera/12.1/nios2eds/bin/gnu/H-i686-pc-linux-gnu/bin/../lib/gcc/nios2-elf/4.1.2/../../../../nios2-elf/lib/libc.a(lib_a-sprintf.o)
                0x00807b00                sprintf
                0x00807b74                _sprintf_r
 .text          0x00807bd4      0x114 /OPT/altera/12.1/nios2eds/bin/gnu/H-i686-pc-linux-gnu/bin/../lib/gcc/nios2-elf/4.1.2/../../../../nios2-elf/lib/libc.a(lib_a-sscanf.o)
                0x00807bdc                _sscanf_r
                0x00807c64                sscanf
 .text          0x00807ce8      0x14c /OPT/altera/12.1/nios2eds/bin/gnu/H-i686-pc-linux-gnu/bin/../lib/gcc/nios2-elf/4.1.2/../../../../nios2-elf/lib/libc.a(lib_a-stdio.o)
                0x00807ce8                __sclose
                0x00807cf0                __sseek
                0x00807d58                __swrite
                0x00807dd4                __sread
 .text          0x00807e34       0xb0 /OPT/altera/12.1/nios2eds/bin/gnu/H-i686-pc-linux-gnu/bin/../lib/gcc/nios2-elf/4.1.2/../../../../nios2-elf/lib/libc.a(lib_a-strcasecmp.o)
                0x00807e34                strcasecmp
 .text          0x00807ee4       0x90 /OPT/altera/12.1/nios2eds/bin/gnu/H-i686-pc-linux-gnu/bin/../lib/gcc/nios2-elf/4.1.2/../../../../nios2-elf/lib/libc.a(lib_a-strcat.o)
                0x00807ee4                strcat
 .text          0x00807f74       0xe0 /OPT/altera/12.1/nios2eds/bin/gnu/H-i686-pc-linux-gnu/bin/../lib/gcc/nios2-elf/4.1.2/../../../../nios2-elf/lib/libc.a(lib_a-strchr.o)
                0x00807f74                strchr
 .text          0x00808054       0xbc /OPT/altera/12.1/nios2eds/bin/gnu/H-i686-pc-linux-gnu/bin/../lib/gcc/nios2-elf/4.1.2/../../../../nios2-elf/lib/libc.a(lib_a-strcmp.o)
                0x00808054                strcmp
 .text          0x00808110       0x8c /OPT/altera/12.1/nios2eds/bin/gnu/H-i686-pc-linux-gnu/bin/../lib/gcc/nios2-elf/4.1.2/../../../../nios2-elf/lib/libc.a(lib_a-strcpy.o)
                0x00808110                strcpy
 .text          0x0080819c      0x674 /OPT/altera/12.1/nios2eds/bin/gnu/H-i686-pc-linux-gnu/bin/../lib/gcc/nios2-elf/4.1.2/../../../../nios2-elf/lib/libc.a(lib_a-strerror.o)
                0x0080819c                strerror
 .text          0x00808810       0x74 /OPT/altera/12.1/nios2eds/bin/gnu/H-i686-pc-linux-gnu/bin/../lib/gcc/nios2-elf/4.1.2/../../../../nios2-elf/lib/libc.a(lib_a-strlen.o)
                0x00808810                strlen
 .text          0x00808884       0xf0 /OPT/altera/12.1/nios2eds/bin/gnu/H-i686-pc-linux-gnu/bin/../lib/gcc/nios2-elf/4.1.2/../../../../nios2-elf/lib/libc.a(lib_a-strncmp.o)
                0x00808884                strncmp
 .text          0x00808974       0xbc /OPT/altera/12.1/nios2eds/bin/gnu/H-i686-pc-linux-gnu/bin/../lib/gcc/nios2-elf/4.1.2/../../../../nios2-elf/lib/libc.a(lib_a-strncpy.o)
                0x00808974                strncpy
 .text          0x00808a30      0x794 /OPT/altera/12.1/nios2eds/bin/gnu/H-i686-pc-linux-gnu/bin/../lib/gcc/nios2-elf/4.1.2/../../../../nios2-elf/lib/libc.a(lib_a-strstr.o)
                0x00808b64                strstr
 .text          0x008091c4       0x18 /OPT/altera/12.1/nios2eds/bin/gnu/H-i686-pc-linux-gnu/bin/../lib/gcc/nios2-elf/4.1.2/../../../../nios2-elf/lib/libc.a(lib_a-strtok.o)
                0x008091c4                strtok
 .text          0x008091dc       0xac /OPT/altera/12.1/nios2eds/bin/gnu/H-i686-pc-linux-gnu/bin/../lib/gcc/nios2-elf/4.1.2/../../../../nios2-elf/lib/libc.a(lib_a-strtok_r.o)
                0x008091dc                __strtok_r
                0x00809280                strtok_r
 .text          0x00809288      0x268 /OPT/altera/12.1/nios2eds/bin/gnu/H-i686-pc-linux-gnu/bin/../lib/gcc/nios2-elf/4.1.2/../../../../nios2-elf/lib/libc.a(lib_a-strtol.o)
                0x00809288                _strtol_r
                0x008094cc                strtol
 .text          0x008094f0        0x8 /OPT/altera/12.1/nios2eds/bin/gnu/H-i686-pc-linux-gnu/bin/../lib/gcc/nios2-elf/4.1.2/../../../../nios2-elf/lib/libc.a(lib_a-u_strerr.o)
                0x008094f0                _user_strerror
 .text          0x008094f8     0x1f28 /OPT/altera/12.1/nios2eds/bin/gnu/H-i686-pc-linux-gnu/bin/../lib/gcc/nios2-elf/4.1.2/../../../../nios2-elf/lib/libc.a(lib_a-vfprintf.o)
                0x00809550                ___vfprintf_internal_r
                0x0080b3fc                __vfprintf_internal
 .text          0x0080b420     0x1780 /OPT/altera/12.1/nios2eds/bin/gnu/H-i686-pc-linux-gnu/bin/../lib/gcc/nios2-elf/4.1.2/../../../../nios2-elf/lib/libc.a(lib_a-vfscanf.o)
                0x0080b420                __svfscanf_r
                0x0080caa0                __svfscanf
                0x0080cac4                _vfscanf_r
                0x0080cb2c                vfscanf
 .text          0x0080cba0       0x78 /OPT/altera/12.1/nios2eds/bin/gnu/H-i686-pc-linux-gnu/bin/../lib/gcc/nios2-elf/4.1.2/../../../../nios2-elf/lib/libc.a(lib_a-writer.o)
                0x0080cba0                _write_r
 .text          0x0080cc18      0x13c /OPT/altera/12.1/nios2eds/bin/gnu/H-i686-pc-linux-gnu/bin/../lib/gcc/nios2-elf/4.1.2/../../../../nios2-elf/lib/libc.a(lib_a-wsetup.o)
                0x0080cc18                __swsetup_r
 .text          0x0080cd54       0x70 /OPT/altera/12.1/nios2eds/bin/gnu/H-i686-pc-linux-gnu/bin/../lib/gcc/nios2-elf/4.1.2/../../../../nios2-elf/lib/libc.a(lib_a-closer.o)
                0x0080cd54                _close_r
 .text          0x0080cdc4     0x17cc /OPT/altera/12.1/nios2eds/bin/gnu/H-i686-pc-linux-gnu/bin/../lib/gcc/nios2-elf/4.1.2/../../../../nios2-elf/lib/libc.a(lib_a-dtoa.o)
                0x0080cfdc                _dtoa_r
 .text          0x0080e590       0xa0 /OPT/altera/12.1/nios2eds/bin/gnu/H-i686-pc-linux-gnu/bin/../lib/gcc/nios2-elf/4.1.2/../../../../nios2-elf/lib/libc.a(lib_a-flags.o)
                0x0080e590                __sflags
 .text          0x0080e630       0xbc /OPT/altera/12.1/nios2eds/bin/gnu/H-i686-pc-linux-gnu/bin/../lib/gcc/nios2-elf/4.1.2/../../../../nios2-elf/lib/libc.a(lib_a-fputc.o)
                0x0080e630                fputc
                0x0080e694                _fputc_r
 .text          0x0080e6ec       0x90 /OPT/altera/12.1/nios2eds/bin/gnu/H-i686-pc-linux-gnu/bin/../lib/gcc/nios2-elf/4.1.2/../../../../nios2-elf/lib/libc.a(lib_a-fputs.o)
                0x0080e6ec                _fputs_r
                0x0080e760                fputs
 .text          0x0080e77c      0x49c /OPT/altera/12.1/nios2eds/bin/gnu/H-i686-pc-linux-gnu/bin/../lib/gcc/nios2-elf/4.1.2/../../../../nios2-elf/lib/libc.a(lib_a-fvwrite.o)
                0x0080e77c                __sfvwrite_r
 .text          0x0080ec18       0x70 /OPT/altera/12.1/nios2eds/bin/gnu/H-i686-pc-linux-gnu/bin/../lib/gcc/nios2-elf/4.1.2/../../../../nios2-elf/lib/libc.a(lib_a-isattyr.o)
                0x0080ec18                _isatty_r
 .text          0x0080ec88       0x2c /OPT/altera/12.1/nios2eds/bin/gnu/H-i686-pc-linux-gnu/bin/../lib/gcc/nios2-elf/4.1.2/../../../../nios2-elf/lib/libc.a(lib_a-iswspace.o)
                0x0080ec88                iswspace
 .text          0x0080ecb4       0xc4 /OPT/altera/12.1/nios2eds/bin/gnu/H-i686-pc-linux-gnu/bin/../lib/gcc/nios2-elf/4.1.2/../../../../nios2-elf/lib/libc.a(lib_a-locale.o)
                0x0080ecb4                __locale_charset
                0x0080ecbc                _localeconv_r
                0x0080ecc8                localeconv
                0x0080ecd8                _setlocale_r
                0x0080ed5c                setlocale
 .text          0x0080ed78       0x78 /OPT/altera/12.1/nios2eds/bin/gnu/H-i686-pc-linux-gnu/bin/../lib/gcc/nios2-elf/4.1.2/../../../../nios2-elf/lib/libc.a(lib_a-lseekr.o)
                0x0080ed78                _lseek_r
 .text          0x0080edf0       0xc0 /OPT/altera/12.1/nios2eds/bin/gnu/H-i686-pc-linux-gnu/bin/../lib/gcc/nios2-elf/4.1.2/../../../../nios2-elf/lib/libc.a(lib_a-mbrtowc.o)
                0x0080edf0                _mbrtowc_r
                0x0080ee70                mbrtowc
 .text          0x0080eeb0       0x40 /OPT/altera/12.1/nios2eds/bin/gnu/H-i686-pc-linux-gnu/bin/../lib/gcc/nios2-elf/4.1.2/../../../../nios2-elf/lib/libc.a(lib_a-mbtowc_r.o)
                0x0080eeb0                _mbtowc_r
 .text          0x0080eef0       0xe4 /OPT/altera/12.1/nios2eds/bin/gnu/H-i686-pc-linux-gnu/bin/../lib/gcc/nios2-elf/4.1.2/../../../../nios2-elf/lib/libc.a(lib_a-memchr.o)
                0x0080eef0                memchr
 .text          0x0080efd4       0x74 /OPT/altera/12.1/nios2eds/bin/gnu/H-i686-pc-linux-gnu/bin/../lib/gcc/nios2-elf/4.1.2/../../../../nios2-elf/lib/libc.a(lib_a-memcmp.o)
                0x0080efd4                memcmp
 .text          0x0080f048      0xff4 /OPT/altera/12.1/nios2eds/bin/gnu/H-i686-pc-linux-gnu/bin/../lib/gcc/nios2-elf/4.1.2/../../../../nios2-elf/lib/libc.a(lib_a-mprec.o)
                0x0080f048                _Bfree
                0x0080f070                __hi0bits
                0x0080f0e0                __lo0bits
                0x0080f1a4                __mcmp
                0x0080f204                __ulp
                0x0080f284                __b2d
                0x0080f3a4                __ratio
                0x0080f454                _mprec_log10
                0x0080f4e8                __copybits
                0x0080f540                __any_on
                0x0080f5c8                _Balloc
                0x0080f684                __d2b
                0x0080f800                __mdiff
                0x0080f98c                __lshift
                0x0080fad8                __multiply
                0x0080fcc0                __i2b
                0x0080fcfc                __multadd
                0x0080fdfc                __pow5mult
                0x0080ff1c                __s2b
 .text          0x0081003c      0x1ec /OPT/altera/12.1/nios2eds/bin/gnu/H-i686-pc-linux-gnu/bin/../lib/gcc/nios2-elf/4.1.2/../../../../nios2-elf/lib/libc.a(lib_a-putc.o)
                0x0081003c                putc
                0x00810140                _putc_r
 .text          0x00810228       0x78 /OPT/altera/12.1/nios2eds/bin/gnu/H-i686-pc-linux-gnu/bin/../lib/gcc/nios2-elf/4.1.2/../../../../nios2-elf/lib/libc.a(lib_a-readr.o)
                0x00810228                _read_r
 .text          0x008102a0      0x5f4 /OPT/altera/12.1/nios2eds/bin/gnu/H-i686-pc-linux-gnu/bin/../lib/gcc/nios2-elf/4.1.2/../../../../nios2-elf/lib/libc.a(lib_a-reallocr.o)
                0x008102a0                _realloc_r
 .text          0x00810894       0x40 /OPT/altera/12.1/nios2eds/bin/gnu/H-i686-pc-linux-gnu/bin/../lib/gcc/nios2-elf/4.1.2/../../../../nios2-elf/lib/libc.a(lib_a-s_isinfd.o)
                0x00810894                __isinfd
 .text          0x008108d4       0x30 /OPT/altera/12.1/nios2eds/bin/gnu/H-i686-pc-linux-gnu/bin/../lib/gcc/nios2-elf/4.1.2/../../../../nios2-elf/lib/libc.a(lib_a-s_isnand.o)
                0x008108d4                __isnand
 .text          0x00810904       0xc0 /OPT/altera/12.1/nios2eds/bin/gnu/H-i686-pc-linux-gnu/bin/../lib/gcc/nios2-elf/4.1.2/../../../../nios2-elf/lib/libc.a(lib_a-sccl.o)
                0x00810904                __sccl
 .text          0x008109c4        0x8 /OPT/altera/12.1/nios2eds/bin/gnu/H-i686-pc-linux-gnu/bin/../lib/gcc/nios2-elf/4.1.2/../../../../nios2-elf/lib/libc.a(lib_a-sf_nan.o)
                0x008109c4                nanf
 .text          0x008109cc     0x166c /OPT/altera/12.1/nios2eds/bin/gnu/H-i686-pc-linux-gnu/bin/../lib/gcc/nios2-elf/4.1.2/../../../../nios2-elf/lib/libc.a(lib_a-strtod.o)
                0x00810a14                _strtod_r
                0x00811ef8                strtof
                0x0081201c                strtod
 .text          0x00812038      0x318 /OPT/altera/12.1/nios2eds/bin/gnu/H-i686-pc-linux-gnu/bin/../lib/gcc/nios2-elf/4.1.2/../../../../nios2-elf/lib/libc.a(lib_a-strtoll_r.o)
                0x00812038                _strtoll_r
 .text          0x00812350      0x254 /OPT/altera/12.1/nios2eds/bin/gnu/H-i686-pc-linux-gnu/bin/../lib/gcc/nios2-elf/4.1.2/../../../../nios2-elf/lib/libc.a(lib_a-strtoul.o)
                0x00812350                _strtoul_r
                0x00812580                strtoul
 .text          0x008125a4      0x2f0 /OPT/altera/12.1/nios2eds/bin/gnu/H-i686-pc-linux-gnu/bin/../lib/gcc/nios2-elf/4.1.2/../../../../nios2-elf/lib/libc.a(lib_a-strtoull_r.o)
                0x008125a4                _strtoull_r
 .text          0x00812894      0x294 /OPT/altera/12.1/nios2eds/bin/gnu/H-i686-pc-linux-gnu/bin/../lib/gcc/nios2-elf/4.1.2/../../../../nios2-elf/lib/libc.a(lib_a-ungetc.o)
                0x00812894                __submore
                0x00812970                _ungetc_r
                0x00812b0c                ungetc
 .text          0x00812b28      0x14c /OPT/altera/12.1/nios2eds/bin/gnu/H-i686-pc-linux-gnu/bin/../lib/gcc/nios2-elf/4.1.2/../../../../nios2-elf/lib/libc.a(lib_a-wbuf.o)
                0x00812b28                __swbuf_r
                0x00812c58                __swbuf
 .text          0x00812c74       0xb4 /OPT/altera/12.1/nios2eds/bin/gnu/H-i686-pc-linux-gnu/bin/../lib/gcc/nios2-elf/4.1.2/../../../../nios2-elf/lib/libc.a(lib_a-callocr.o)
                0x00812c74                _calloc_r
 .text          0x00812d28      0x8f4 /OPT/altera/12.1/nios2eds/bin/gnu/H-i686-pc-linux-gnu/bin/../lib/gcc/nios2-elf/4.1.2/../../../../nios2-elf/lib/libc.a(lib_a-gdtoa-gethex.o)
                0x00812d4c                __hexdig_init
                0x00812e64                __gethex
 .text          0x0081361c      0x294 /OPT/altera/12.1/nios2eds/bin/gnu/H-i686-pc-linux-gnu/bin/../lib/gcc/nios2-elf/4.1.2/../../../../nios2-elf/lib/libc.a(lib_a-gdtoa-hexnan.o)
                0x00813668                __hexnan
 .text          0x008138b0       0x98 /OPT/altera/12.1/nios2eds/bin/gnu/H-i686-pc-linux-gnu/bin/../lib/gcc/nios2-elf/4.1.2/libgcc.a(_muldi3.o)
                0x008138b0                __muldi3
 .text          0x00813948       0xa4 /OPT/altera/12.1/nios2eds/bin/gnu/H-i686-pc-linux-gnu/bin/../lib/gcc/nios2-elf/4.1.2/libgcc.a(_fixunsdfsi.o)
                0x00813948                __fixunsdfsi
 .text          0x008139ec      0x5dc /OPT/altera/12.1/nios2eds/bin/gnu/H-i686-pc-linux-gnu/bin/../lib/gcc/nios2-elf/4.1.2/libgcc.a(_udivdi3.o)
                0x008139ec                __udivdi3
 .text          0x00813fc8      0x5b0 /OPT/altera/12.1/nios2eds/bin/gnu/H-i686-pc-linux-gnu/bin/../lib/gcc/nios2-elf/4.1.2/libgcc.a(_umoddi3.o)
                0x00813fc8                __umoddi3
 .text          0x00814578       0x78 /OPT/altera/12.1/nios2eds/bin/gnu/H-i686-pc-linux-gnu/bin/../lib/gcc/nios2-elf/4.1.2/libgcc.a(_ne_sf.o)
                0x00814578                __nesf2
 .text          0x008145f0       0x78 /OPT/altera/12.1/nios2eds/bin/gnu/H-i686-pc-linux-gnu/bin/../lib/gcc/nios2-elf/4.1.2/libgcc.a(_gt_sf.o)
                0x008145f0                __gtsf2
 .text          0x00814668       0x78 /OPT/altera/12.1/nios2eds/bin/gnu/H-i686-pc-linux-gnu/bin/../lib/gcc/nios2-elf/4.1.2/libgcc.a(_lt_sf.o)
                0x00814668                __ltsf2
 .text          0x008146e0      0x504 /OPT/altera/12.1/nios2eds/bin/gnu/H-i686-pc-linux-gnu/bin/../lib/gcc/nios2-elf/4.1.2/libgcc.a(_addsub_df.o)
                0x00814af0                __subdf3
                0x00814b70                __adddf3
 .text          0x00814be4      0x3c4 /OPT/altera/12.1/nios2eds/bin/gnu/H-i686-pc-linux-gnu/bin/../lib/gcc/nios2-elf/4.1.2/libgcc.a(_mul_df.o)
                0x00814be4                __muldf3
 .text          0x00814fa8      0x258 /OPT/altera/12.1/nios2eds/bin/gnu/H-i686-pc-linux-gnu/bin/../lib/gcc/nios2-elf/4.1.2/libgcc.a(_div_df.o)
                0x00814fa8                __divdf3
 .text          0x00815200       0x88 /OPT/altera/12.1/nios2eds/bin/gnu/H-i686-pc-linux-gnu/bin/../lib/gcc/nios2-elf/4.1.2/libgcc.a(_eq_df.o)
                0x00815200                __eqdf2
 .text          0x00815288       0x88 /OPT/altera/12.1/nios2eds/bin/gnu/H-i686-pc-linux-gnu/bin/../lib/gcc/nios2-elf/4.1.2/libgcc.a(_ne_df.o)
                0x00815288                __nedf2
 .text          0x00815310       0x88 /OPT/altera/12.1/nios2eds/bin/gnu/H-i686-pc-linux-gnu/bin/../lib/gcc/nios2-elf/4.1.2/libgcc.a(_gt_df.o)
                0x00815310                __gtdf2
 .text          0x00815398       0x88 /OPT/altera/12.1/nios2eds/bin/gnu/H-i686-pc-linux-gnu/bin/../lib/gcc/nios2-elf/4.1.2/libgcc.a(_ge_df.o)
                0x00815398                __gedf2
 .text          0x00815420       0x88 /OPT/altera/12.1/nios2eds/bin/gnu/H-i686-pc-linux-gnu/bin/../lib/gcc/nios2-elf/4.1.2/libgcc.a(_lt_df.o)
                0x00815420                __ltdf2
 .text          0x008154a8       0x88 /OPT/altera/12.1/nios2eds/bin/gnu/H-i686-pc-linux-gnu/bin/../lib/gcc/nios2-elf/4.1.2/libgcc.a(_le_df.o)
                0x008154a8                __ledf2
 .text          0x00815530       0xf8 /OPT/altera/12.1/nios2eds/bin/gnu/H-i686-pc-linux-gnu/bin/../lib/gcc/nios2-elf/4.1.2/libgcc.a(_si_to_df.o)
                0x00815530                __floatsidf
 .text          0x00815628       0xd8 /OPT/altera/12.1/nios2eds/bin/gnu/H-i686-pc-linux-gnu/bin/../lib/gcc/nios2-elf/4.1.2/libgcc.a(_df_to_si.o)
                0x00815628                __fixdfsi
 .text          0x00815700       0x74 /OPT/altera/12.1/nios2eds/bin/gnu/H-i686-pc-linux-gnu/bin/../lib/gcc/nios2-elf/4.1.2/libgcc.a(_df_to_sf.o)
                0x00815700                __truncdfsf2
 .text          0x00815774        0x0 /OPT/altera/12.1/nios2eds/bin/gnu/H-i686-pc-linux-gnu/bin/../lib/gcc/nios2-elf/4.1.2/libgcc.a(_thenan_df.o)
 .text          0x00815774      0x194 /OPT/altera/12.1/nios2eds/bin/gnu/H-i686-pc-linux-gnu/bin/../lib/gcc/nios2-elf/4.1.2/libgcc.a(_usi_to_df.o)
                0x00815774                __floatunsidf
 .text          0x00815908        0x0 /OPT/altera/12.1/nios2eds/bin/gnu/H-i686-pc-linux-gnu/bin/../lib/gcc/nios2-elf/4.1.2/libgcc.a(_clz.o)
 .text          0x00815908       0x80 /OPT/altera/12.1/nios2eds/bin/gnu/H-i686-pc-linux-gnu/bin/../lib/gcc/nios2-elf/4.1.2/libgcc.a(_clzsi2.o)
                0x00815908                __clzsi2
 .text          0x00815988       0xc8 /OPT/altera/12.1/nios2eds/bin/gnu/H-i686-pc-linux-gnu/bin/../lib/gcc/nios2-elf/4.1.2/libgcc.a(_unpack_sf.o)
                0x00815988                __unpack_f
 .text          0x00815a50       0xa8 /OPT/altera/12.1/nios2eds/bin/gnu/H-i686-pc-linux-gnu/bin/../lib/gcc/nios2-elf/4.1.2/libgcc.a(_fpcmp_parts_sf.o)
                0x00815a50                __fpcmp_parts_f
 .text          0x00815af8       0x2c /OPT/altera/12.1/nios2eds/bin/gnu/H-i686-pc-linux-gnu/bin/../lib/gcc/nios2-elf/4.1.2/libgcc.a(_make_sf.o)
                0x00815af8                __make_fp
 .text          0x00815b24      0x314 /OPT/altera/12.1/nios2eds/bin/gnu/H-i686-pc-linux-gnu/bin/../lib/gcc/nios2-elf/4.1.2/libgcc.a(_pack_df.o)
                0x00815b24                __pack_d
 .text          0x00815e38      0x138 /OPT/altera/12.1/nios2eds/bin/gnu/H-i686-pc-linux-gnu/bin/../lib/gcc/nios2-elf/4.1.2/libgcc.a(_unpack_df.o)
                0x00815e38                __unpack_d
 .text          0x00815f70       0xc8 /OPT/altera/12.1/nios2eds/bin/gnu/H-i686-pc-linux-gnu/bin/../lib/gcc/nios2-elf/4.1.2/libgcc.a(_fpcmp_parts_df.o)
                0x00815f70                __fpcmp_parts_d
 .text          0x00816038      0x160 /OPT/altera/12.1/nios2eds/bin/gnu/H-i686-pc-linux-gnu/bin/../lib/gcc/nios2-elf/4.1.2/libgcc.a(_pack_sf.o)
                0x00816038                __pack_f
 .text          0x00816198       0x78 ../Webserver_bsp//libucosii_bsp.a(alt_dcache_flush.o)
                0x00816198                alt_dcache_flush
 .text          0x00816210       0xd0 ../Webserver_bsp//libucosii_bsp.a(alt_flash_dev.o)
                0x00816210                alt_flash_open_dev
                0x0081628c                alt_flash_close_dev
 .text          0x008162e0      0x134 ../Webserver_bsp//libucosii_bsp.a(alt_fstat.o)
                0x008162e0                fstat
 .text          0x00816414      0x1c0 ../Webserver_bsp//libucosii_bsp.a(alt_irq_register.o)
                0x00816414                alt_irq_register
 .text          0x008165d4        0x0 ../Webserver_bsp//libucosii_bsp.a(alt_irq_vars.o)
 .text          0x008165d4      0x120 ../Webserver_bsp//libucosii_bsp.a(alt_isatty.o)
                0x008165d4                isatty
 .text          0x008166f4      0x150 ../Webserver_bsp//libucosii_bsp.a(alt_lseek.o)
                0x008166f4                lseek
 .text          0x00816844       0xc8 ../Webserver_bsp//libucosii_bsp.a(alt_main.o)
                0x00816844                alt_main
 .text          0x0081690c      0x2c4 ../Webserver_bsp//libucosii_bsp.a(alt_open.o)
                0x008169e8                open
 .text          0x00816bd0       0x60 ../Webserver_bsp//libucosii_bsp.a(alt_release_fd.o)
                0x00816bd0                alt_release_fd
 .text          0x00816c30       0xbc ../Webserver_bsp//libucosii_bsp.a(alt_sbrk.o)
                0x00816c30                sbrk
 .text          0x00816cec      0x1a8 ../Webserver_bsp//libucosii_bsp.a(alt_tick.o)
                0x00816cec                alt_alarm_stop
                0x00816d84                alt_tick
 .text          0x00816e94      0x118 ../Webserver_bsp//libucosii_bsp.a(alt_usleep.o)
                0x00816e94                usleep
 .text          0x00816fac      0x108 ../Webserver_bsp//libucosii_bsp.a(alt_env_lock.o)
                0x00816fac                __env_lock
                0x00817058                __env_unlock
 .text          0x008170b4      0x1d8 ../Webserver_bsp//libucosii_bsp.a(alt_malloc_lock.o)
                0x008170b4                __malloc_lock
                0x008171bc                __malloc_unlock
 .text          0x0081728c     0x2128 ../Webserver_bsp//libucosii_bsp.a(os_core.o)
                0x0081728c                OSEventNameGet
                0x008173bc                OSEventNameSet
                0x00817500                OSEventPendMulti
                0x00817bb4                OSInit
                0x00817c08                OSIntEnter
                0x00817c84                OSIntExit
                0x00817d84                OSSchedLock
                0x00817e10                OSSchedUnlock
                0x00817ef4                OSStart
                0x00817f64                OSStatInit
                0x00818010                OSTimeTick
                0x00818250                OSVersion
                0x00818270                OS_Dummy
                0x0081828c                OS_EventTaskRdy
                0x00818420                OS_EventTaskWait
                0x00818530                OS_EventTaskWaitMulti
                0x00818684                OS_EventTaskRemove
                0x0081873c                OS_EventTaskRemoveMulti
                0x00818840                OS_EventWaitListInit
                0x00818c0c                OS_MemClr
                0x00818c60                OS_MemCopy
                0x00818ccc                OS_Sched
                0x00818e10                OS_StrCopy
                0x00818e90                OS_StrLen
                0x00818ee8                OS_TaskIdle
                0x00818f44                OS_TaskStat
                0x0081900c                OS_TaskStatStkChk
                0x008190d4                OS_TCBInit
 .text          0x008193b4      0x18c ../Webserver_bsp//libucosii_bsp.a(os_dbg.o)
                0x008193b4                OSDebugInit
 .text          0x00819540     0x193c ../Webserver_bsp//libucosii_bsp.a(os_flag.o)
                0x00819540                OSFlagAccept
                0x00819874                OSFlagCreate
                0x008199b0                OSFlagDel
                0x00819c58                OSFlagNameGet
                0x00819d9c                OSFlagNameSet
                0x00819ef0                OSFlagPend
                0x0081a534                OSFlagPendGetFlagsRdy
                0x0081a59c                OSFlagPost
                0x0081a944                OSFlagQuery
                0x0081abdc                OS_FlagInit
                0x0081add0                OS_FlagUnlink
 .text          0x0081ae7c      0xc8c ../Webserver_bsp//libucosii_bsp.a(os_mbox.o)
                0x0081ae7c                OSMboxAccept
                0x0081af20                OSMboxCreate
                0x0081b034                OSMboxDel
                0x0081b2d4                OSMboxPend
                0x0081b59c                OSMboxPendAbort
                0x0081b718                OSMboxPost
                0x0081b84c                OSMboxPostOpt
                0x0081b9d8                OSMboxQuery
 .text          0x0081bb08      0x808 ../Webserver_bsp//libucosii_bsp.a(os_mem.o)
                0x0081bb08                OSMemCreate
                0x0081bd24                OSMemGet
                0x0081be28                OSMemNameGet
                0x0081bf34                OSMemNameSet
                0x0081c054                OSMemPut
                0x0081c144                OSMemQuery
                0x0081c240                OS_MemInit
 .text          0x0081c310     0x1334 ../Webserver_bsp//libucosii_bsp.a(os_q.o)
                0x0081c310                OSQAccept
                0x0081c464                OSQCreate
                0x0081c678                OSQDel
                0x0081c978                OSQFlush
                0x0081ca40                OSQPend
                0x0081cd60                OSQPendAbort
                0x0081cedc                OSQPost
                0x0081d05c                OSQPostFront
                0x0081d1e4                OSQPostOpt
                0x0081d418                OSQQuery
                0x0081d598                OS_QInit
 .text          0x0081d644      0xbc8 ../Webserver_bsp//libucosii_bsp.a(os_sem.o)
                0x0081d644                OSSemAccept
                0x0081d704                OSSemCreate
                0x0081d818                OSSemDel
                0x0081dab8                OSSemPend
                0x0081dd34                OSSemPendAbort
                0x0081deb0                OSSemPost
                0x0081dfd8                OSSemQuery
                0x0081e108                OSSemSet
 .text          0x0081e20c     0x1a40 ../Webserver_bsp//libucosii_bsp.a(os_task.o)
                0x0081e20c                OSTaskChangePrio
                0x0081e780                OSTaskCreate
                0x0081e954                OSTaskCreateExt
                0x0081eb54                OSTaskDel
                0x0081ef60                OSTaskDelReq
                0x0081f0d0                OSTaskNameGet
                0x0081f288                OSTaskNameSet
                0x0081f44c                OSTaskResume
                0x0081f664                OSTaskStkChk
                0x0081f860                OSTaskSuspend
                0x0081fa8c                OSTaskQuery
                0x0081fbd0                OS_TaskStkClr
 .text          0x0081fc4c      0x598 ../Webserver_bsp//libucosii_bsp.a(os_time.o)
                0x0081fc4c                OSTimeDly
                0x0081fd98                OSTimeDlyHMSM
                0x0081ff0c                OSTimeDlyResume
                0x0082011c                OSTimeGet
                0x00820180                OSTimeSet
 .text          0x008201e4      0x304 ../Webserver_bsp//libucosii_bsp.a(alt_sys_init.o)
                0x008201e4                alt_irq_init
                0x00820218                alt_sys_init
 .text          0x008204e8      0x148 ../Webserver_bsp//libucosii_bsp.a(altera_avalon_jtag_uart_fd.o)
                0x008204e8                altera_avalon_jtag_uart_read_fd
                0x00820540                altera_avalon_jtag_uart_write_fd
                0x00820598                altera_avalon_jtag_uart_close_fd
                0x008205e0                altera_avalon_jtag_uart_ioctl_fd
 .text          0x00820630      0x584 ../Webserver_bsp//libucosii_bsp.a(altera_avalon_jtag_uart_init.o)
                0x00820630                altera_avalon_jtag_uart_init
                0x00820b40                altera_avalon_jtag_uart_close
 .text          0x00820bb4       0xf4 ../Webserver_bsp//libucosii_bsp.a(altera_avalon_jtag_uart_ioctl.o)
                0x00820bb4                altera_avalon_jtag_uart_ioctl
 .text          0x00820ca8      0x2c0 ../Webserver_bsp//libucosii_bsp.a(altera_avalon_jtag_uart_read.o)
                0x00820ca8                altera_avalon_jtag_uart_read
 .text          0x00820f68      0x2dc ../Webserver_bsp//libucosii_bsp.a(altera_avalon_jtag_uart_write.o)
                0x00820f68                altera_avalon_jtag_uart_write
 .text          0x00821244      0x100 ../Webserver_bsp//libucosii_bsp.a(altera_avalon_timer_sc.o)
                0x008212b4                alt_avalon_timer_sc_init
 .text          0x00821344      0xb70 ../Webserver_bsp//libucosii_bsp.a(altera_ro_zipfs.o)
                0x008215b8                check_directory_header
                0x00821b10                alt_ro_zipfs_open
                0x00821ba8                alt_ro_zipfs_read
                0x00821ca4                alt_ro_zipfs_seek
                0x00821dec                alt_ro_zipfs_fstat
                0x00821e5c                alt_ro_zipfs_check_valid
 .text          0x00821eb4      0x530 ../Webserver_bsp//libucosii_bsp.a(altera_up_avalon_character_lcd.o)
                0x00821eb4                get_DDRAM_addr
                0x00821f30                alt_up_character_lcd_send_cmd
                0x00821f64                alt_up_character_lcd_init
                0x00821f98                alt_up_character_lcd_open_dev
                0x00821fd8                alt_up_character_lcd_write
                0x00822050                alt_up_character_lcd_string
                0x008220c8                alt_up_character_lcd_write_fd
                0x00822114                alt_up_character_lcd_set_cursor_pos
                0x0082218c                alt_up_character_lcd_shift_cursor
                0x0082223c                alt_up_character_lcd_shift_display
                0x008222ec                alt_up_character_lcd_erase_pos
                0x0082237c                alt_up_character_lcd_cursor_off
                0x008223b0                alt_up_character_lcd_cursor_blink_on
 .text          0x008223e4       0x54 ../Webserver_bsp//libucosii_bsp.a(alt_iniche_close.o)
                0x008223e4                close
 .text          0x00822438      0x144 ../Webserver_bsp//libucosii_bsp.a(alt_iniche_dev.o)
                0x00822438                iniche_devices_init
 .text          0x0082257c       0x78 ../Webserver_bsp//libucosii_bsp.a(alt_iniche_read.o)
                0x0082257c                read
 .text          0x008225f4       0x70 ../Webserver_bsp//libucosii_bsp.a(alt_iniche_write.o)
                0x008225f4                write
 .text          0x00822664      0xedc ../Webserver_bsp//libucosii_bsp.a(ipnet.o)
                0x00822664                Netinit
                0x00822cb0                fixup_subnet_mask
                0x00822e10                netclose
                0x00822ef8                pktdemux
                0x008232cc                c_older
                0x0082339c                ip2mac
 .text          0x00823540      0x4b0 ../Webserver_bsp//libucosii_bsp.a(ipstart.o)
                0x00823540                ip_startup
                0x00823824                exit_hook
                0x00823890                ip_exit
                0x00823960                if_netnumber
 .text          0x008239f0     0x1010 ../Webserver_bsp//libucosii_bsp.a(igmp_cmn.o)
                0x008239f0                igmp_init
                0x00823aa0                igmp_input
                0x00823b98                igmp_fasttimo
                0x00823d34                igmp_send
                0x00823fdc                igmp_joingroup
                0x00824248                igmp_leavegroup
                0x008242c4                igmp_validate
                0x00824620                igmp_print_stats
 .text          0x00824a00      0xb50 ../Webserver_bsp//libucosii_bsp.a(bsdsock.o)
                0x00824a00                bsd_accept
                0x00824b38                bsd_getpeername
                0x00824c64                bsd_getsockname
                0x00824d90                bsd_i_sockoptlen
                0x00824f48                bsd_getsockopt
                0x00825068                bsd_ioctl
                0x0082516c                bsd_inet_ntoa
                0x0082519c                bsd_recvfrom
                0x008252fc                bsd_select
                0x00825464                bsd_setsockopt
 .text          0x00825550      0x118 ../Webserver_bsp//libucosii_bsp.a(cksum.o)
                0x00825550                ccksum
                0x00825600                cksum
 .text          0x00825668      0xa9c ../Webserver_bsp//libucosii_bsp.a(in_utils.o)
                0x00825668                do_trap
                0x00825694                nextarg
                0x00825710                hexdump
                0x00825858                print_ipad
                0x008258cc                print_uptime
                0x008259f8                panic
                0x00825a3c                print_eth
                0x00825ba0                uslash
                0x00825c20                ns_printf
                0x00825da4                std_out
                0x00825de8                con_page
                0x00825ed8                parse_args
 .text          0x00826104      0x1c8 ../Webserver_bsp//libucosii_bsp.a(netmain.o)
                0x00826104                netmain
                0x008261f8                tk_netmain
                0x00826280                tk_nettick
 .text          0x008262cc      0x5e8 ../Webserver_bsp//libucosii_bsp.a(tk_crnos.o)
                0x008262cc                TK_OSTimeDly
                0x008262f8                TK_OSTaskResume
                0x00826368                tcp_sleep
                0x00826508                tcp_wakeup
                0x0082660c                TK_OSTaskQuery
                0x00826680                tk_yield
                0x008266ac                tk_stats
 .text          0x008268b4     0x2f40 ../Webserver_bsp//libucosii_bsp.a(dhcpclnt.o)
                0x008268b4                dhc_get_srv_ipaddr
                0x00826944                dhc_init
                0x00826a00                dhc_set_callback
                0x00826a44                dhc_upcall
                0x00827274                dhc_buildheader
                0x00827490                dhc_discover
                0x008279a8                dhc_rx_offer
                0x00827aac                dhc_request
                0x008285e8                dhc_setip
                0x00828868                dhc_resetip
                0x0082894c                dhc_decline
                0x00828b30                dhc_extract_opts
                0x00828dec                dhc_second
                0x00829388                dhc_halt
                0x00829410                dhc_reclaim
                0x008295e0                dhc_state_init
                0x00829640                dhc_alldone
                0x008296d0                dhc_ifacedone
                0x00829744                dhc_set_state
 .text          0x008297f4       0xcc ../Webserver_bsp//libucosii_bsp.a(dhcputil.o)
                0x008297f4                find_opt
 .text          0x008298c0      0x79c ../Webserver_bsp//libucosii_bsp.a(pktalloc.o)
                0x008298c0                pk_init
                0x00829b50                pk_alloc
                0x00829c2c                pk_validate
                0x00829ee4                pk_free
                0x00829f90                pk_get_max_intrsafe_buf_len
                0x00829fb0                dump_buf_estats
 .text          0x0082a05c      0x288 ../Webserver_bsp//libucosii_bsp.a(q.o)
                0x0082a05c                getq
                0x0082a124                putq
                0x0082a1d4                qdel
 .text          0x0082a2e4      0x31c ../Webserver_bsp//libucosii_bsp.a(udp_open.o)
                0x0082a2e4                udp_open
                0x0082a51c                udp_close
 .text          0x0082a600      0x194 ../Webserver_bsp//libucosii_bsp.a(asm_cksum.o)
                0x0082a600                asm_cksum
 .text          0x0082a794      0x2a0 ../Webserver_bsp//libucosii_bsp.a(brdutils.o)
                0x0082a794                dtrap
                0x0082a7c4                kbhit
                0x0082a870                getch
                0x0082a8d0                clock_init
                0x0082a90c                clock_c
                0x0082a928                cticks_hook
                0x0082a994                irq_Mask
                0x0082a9f0                irq_Unmask
 .text          0x0082aa34      0x488 ../Webserver_bsp//libucosii_bsp.a(osportco.o)
                0x0082aa34                LOCK_NET_RESOURCE
                0x0082aaf4                UNLOCK_NET_RESOURCE
                0x0082ab7c                TK_NEWTASK
                0x0082ad90                wait_app_sem
                0x0082ae44                post_app_sem
 .text          0x0082aebc      0x568 ../Webserver_bsp//libucosii_bsp.a(targnios.o)
                0x0082aebc                alt_iniche_init
                0x0082b0d8                pre_task_setup
                0x0082b14c                post_task_setup
                0x0082b16c                prep_armintcp
                0x0082b1a4                calloc2
                0x0082b1d8                npalloc
                0x0082b2cc                npfree
                0x0082b384                ncpalloc
                0x0082b3d8                ncpfree
 .text          0x0082b424     0x197c ../Webserver_bsp//libucosii_bsp.a(nptcp.o)
                0x0082b424                pffindtype
                0x0082b4c4                pffindproto
                0x0082b594                m_getnbuf
                0x0082b73c                m_free
                0x0082b870                m_freem
                0x0082b8b4                m_copy
                0x0082bbd8                m_adj
                0x0082bda8                mbuf_len
                0x0082be00                dtom
                0x0082bea8                remque
                0x0082bf18                insque
                0x0082bf94                nptcp_init
                0x0082c0b8                tcp_rcv
                0x0082c2a4                ip_output
                0x0082c89c                in_broadcast
                0x0082c8dc                np_stripoptions
                0x0082c9c4                so_icmpdu
                0x0082cd1c                tcp_tick
 .text          0x0082cda0      0xa2c ../Webserver_bsp//libucosii_bsp.a(rawsock.o)
                0x0082cda0                rawip_lookup
                0x0082ce10                rawip_soinput
                0x0082cfe4                rawip_usrreq
 .text          0x0082d7cc     0x17fc ../Webserver_bsp//libucosii_bsp.a(sockcall.o)
                0x0082d7cc                DOMAIN_CHECK
                0x0082d818                t_socket
                0x0082d8a8                t_bind
                0x0082da24                t_listen
                0x0082db08                t_accept
                0x0082dda0                t_connect
                0x0082e048                t_getpeername
                0x0082e08c                t_getsockname
                0x0082e2cc                t_setsockopt
                0x0082e4a8                t_getsockopt
                0x0082e64c                t_recv
                0x0082e73c                t_recvfrom
                0x0082e88c                t_sendto
                0x0082eab8                t_send
                0x0082ece0                t_shutdown
                0x0082edc4                t_socketclose
                0x0082ef2c                t_errno
 .text          0x0082efc8     0x2374 ../Webserver_bsp//libucosii_bsp.a(socket.o)
                0x0082efc8                socreate
                0x0082f194                sobind
                0x0082f1f0                solisten
                0x0082f2e0                sofree
                0x0082f410                soclose
                0x0082f704                soabort
                0x0082f754                soaccept
                0x0082f7f0                soconnect
                0x0082f8c4                sodisconnect
                0x0082f964                sosend
                0x0082ff6c                soreceive
                0x00830750                soshutdown
                0x008307f8                sorflush
                0x008308f8                sosetopt
                0x00830db8                sogetopt
                0x008312f8                sohasoutofband
 .text          0x0083133c     0x1318 ../Webserver_bsp//libucosii_bsp.a(socket2.o)
                0x0083133c                soisconnecting
                0x008313a8                soisconnected
                0x008314a4                soisdisconnecting
                0x00831530                soisdisconnected
                0x008315ec                sonewconn
                0x00831808                soqinsque
                0x008318b4                soqremque
                0x008319d4                socantsendmore
                0x00831a24                socantrcvmore
                0x00831a74                sbselqueue
                0x00831aac                sbwait
                0x00831b14                sbwakeup
                0x00831bb0                soreserve
                0x00831c30                sbreserve
                0x00831c90                sbrelease
                0x00831cd8                sbappend
                0x00831d80                sbappendrecord
                0x00831e60                sbappendaddr
                0x00832068                sbcompress
                0x00832250                sbflush
                0x008322e0                sbdrop
                0x008324b0                sbdropend
                0x008325c0                sbdroprecord
 .text          0x00832654      0x914 ../Webserver_bsp//libucosii_bsp.a(soselect.o)
                0x00832654                t_select
                0x00832874                sock_selscan
                0x008329cc                sock_select
                0x00832be0                in_pcbnotify
                0x00832cac                tcp_notify
                0x00832d14                ifd_clr
                0x00832e04                ifd_set
                0x00832e78                ifd_isset
                0x00832ef8                ifd_get
 .text          0x00832f68     0x2fe8 ../Webserver_bsp//libucosii_bsp.a(tcp_in.o)
                0x00832f68                tcp_reass
                0x00833370                tcp_input
                0x008358c4                tcp_dooptions
                0x00835a54                tcp_pulloutofband
                0x00835b80                tcp_xmit_timer
                0x00835dec                ip4_tcpmss
                0x00835e34                tcp_mss
 .text          0x00835f50     0x1360 ../Webserver_bsp//libucosii_bsp.a(tcp_out.o)
                0x00835f50                tcp_output
                0x008370cc                tcp_setpersist
 .text          0x008372b0      0x9e8 ../Webserver_bsp//libucosii_bsp.a(tcp_subr.o)
                0x008372b0                tcp_init
                0x00837308                tcp_template
                0x00837420                tcp_respond
                0x008378a8                tcp_newtcpcb
                0x008379c0                tcp_drop
                0x00837a6c                tcp_close
                0x00837b54                tcp_quench
                0x00837ba0                tcp_putseq
                0x00837c20                tcp_getseq
 .text          0x00837c98      0x798 ../Webserver_bsp//libucosii_bsp.a(tcp_timr.o)
                0x00837c98                tcp_slowtimo
                0x00837f38                tcp_canceltimers
                0x00837f94                tcp_timers
 .text          0x00838430      0x9ec ../Webserver_bsp//libucosii_bsp.a(tcp_usr.o)
                0x00838430                tcp_usrreq
                0x00838b34                tcp_attach
                0x00838c68                tcp_disconnect
                0x00838d3c                tcp_usrclosed
 .text          0x00838e1c       0x4c ../Webserver_bsp//libucosii_bsp.a(tcpport.o)
                0x00838e1c                tcpinit
 .text          0x00838e68      0xd20 ../Webserver_bsp//libucosii_bsp.a(udpsock.o)
                0x00838e68                udp_lookup
                0x00838ed8                udp_soinput
                0x00839090                udp_usrreq
                0x00839314                udp4_sockbind
                0x00839650                udp4_socksend
                0x00839a2c                udp4_sockaddr
 .text          0x00839b88      0x154 ../Webserver_bsp//libucosii_bsp.a(alt_alarm_start.o)
                0x00839b88                alt_alarm_start
 .text          0x00839cdc      0x14c ../Webserver_bsp//libucosii_bsp.a(alt_busy_sleep.o)
                0x00839cdc                alt_busy_sleep
 .text          0x00839e28      0x15c ../Webserver_bsp//libucosii_bsp.a(alt_close.o)
                0x00839e28                alt_close
 .text          0x00839f84       0x2c ../Webserver_bsp//libucosii_bsp.a(alt_dev.o)
 .text          0x00839fb0      0x114 ../Webserver_bsp//libucosii_bsp.a(alt_dev_llist_insert.o)
                0x00839fb0                alt_dev_llist_insert
 .text          0x0083a0c4       0x64 ../Webserver_bsp//libucosii_bsp.a(alt_do_ctors.o)
                0x0083a0c4                _do_ctors
 .text          0x0083a128       0x64 ../Webserver_bsp//libucosii_bsp.a(alt_do_dtors.o)
                0x0083a128                _do_dtors
 .text          0x0083a18c        0x0 ../Webserver_bsp//libucosii_bsp.a(alt_errno.o)
 .text          0x0083a18c       0x94 ../Webserver_bsp//libucosii_bsp.a(alt_find_dev.o)
                0x0083a18c                alt_find_dev
 .text          0x0083a220      0x120 ../Webserver_bsp//libucosii_bsp.a(alt_find_file.o)
                0x0083a220                alt_find_file
 .text          0x0083a340       0x90 ../Webserver_bsp//libucosii_bsp.a(alt_fs_reg.o)
                0x0083a340                alt_fs_reg
 .text          0x0083a3d0       0xf4 ../Webserver_bsp//libucosii_bsp.a(alt_get_fd.o)
                0x0083a3d0                alt_get_fd
 .text          0x0083a4c4      0x1d4 ../Webserver_bsp//libucosii_bsp.a(alt_iic.o)
                0x0083a4c4                alt_ic_isr_register
                0x0083a514                alt_ic_irq_enable
                0x0083a5b0                alt_ic_irq_disable
                0x0083a650                alt_ic_irq_enabled
 .text          0x0083a698       0xf8 ../Webserver_bsp//libucosii_bsp.a(alt_iic_isr_register.o)
                0x0083a698                alt_iic_isr_register
 .text          0x0083a790      0x13c ../Webserver_bsp//libucosii_bsp.a(alt_io_redirect.o)
                0x0083a854                alt_io_redirect
 .text          0x0083a8cc        0x0 ../Webserver_bsp//libucosii_bsp.a(alt_irq_entry.o)
 .text          0x0083a8cc        0x0 ../Webserver_bsp//libucosii_bsp.a(alt_irq_handler.o)
 .text          0x0083a8cc      0x180 ../Webserver_bsp//libucosii_bsp.a(alt_read.o)
                0x0083a8cc                alt_read
 .text          0x0083aa4c       0x38 ../Webserver_bsp//libucosii_bsp.a(alt_remap_cached.o)
                0x0083aa4c                alt_remap_cached
 .text          0x0083aa84       0x40 ../Webserver_bsp//libucosii_bsp.a(alt_remap_uncached.o)
                0x0083aa84                alt_remap_uncached
 .text          0x0083aac4      0x180 ../Webserver_bsp//libucosii_bsp.a(alt_write.o)
                0x0083aac4                alt_write
 .text          0x0083ac44       0x20 ../Webserver_bsp//libucosii_bsp.a(altera_nios2_qsys_irq.o)
                0x0083ac44                altera_nios2_qsys_irq_init
 .text          0x0083ac64       0xd0 ../Webserver_bsp//libucosii_bsp.a(os_cpu_a.o)
                0x0083ac64                OSCtxSw
                0x0083ac64                OSIntCtxSw
                0x0083acf0                OSStartHighRdy
                0x0083ad10                OSStartTsk
 .text          0x0083ad34      0x424 ../Webserver_bsp//libucosii_bsp.a(os_cpu_c.o)
                0x0083ad34                OSTaskStkInit
                0x0083b044                OSTaskCreateHook
                0x0083b064                OSTaskDelHook
                0x0083b084                OSTaskSwHook
                0x0083b0a0                OSTaskStatHook
                0x0083b0bc                OSTimeTickHook
                0x0083b0e4                OSInitHookBegin
                0x0083b100                OSInitHookEnd
                0x0083b11c                OSTaskIdleHook
                0x0083b138                OSTCBInitHook
 .text          0x0083b158      0x3d4 ../Webserver_bsp//libucosii_bsp.a(allports.o)
                0x0083b158                netmain_init
                0x0083b254                icmp_port_du
                0x0083b2dc                station_state
                0x0083b428                sysuptime
                0x0083b464                packet_check
                0x0083b4b0                mcastlist
                0x0083b4d4                prep_modules
 .text          0x0083b52c      0x480 ../Webserver_bsp//libucosii_bsp.a(timeouts.o)
                0x0083b52c                inet_timer
                0x0083b788                in_timerset
                0x0083b904                in_timerkill
 .text          0x0083b9ac       0xa4 ../Webserver_bsp//libucosii_bsp.a(tk_misc.o)
                0x0083b9ac                create_apptasks
                0x0083b9d0                task_stats
 .text          0x0083ba50       0xb0 ../Webserver_bsp//libucosii_bsp.a(alt_iniche_fcntl.o)
                0x0083ba50                fcntl
 .text          0x0083bb00     0x14a0 ../Webserver_bsp//libucosii_bsp.a(et_arp.o)
                0x0083bb00                etainit
                0x0083bb54                et_send
                0x0083bcd0                arp_free_pending
                0x0083bd58                arp_send_pending
                0x0083bdcc                send_arp
                0x0083c264                find_oldest_arp
                0x0083c40c                make_arp_entry
                0x0083c520                arpReply
                0x0083c7b4                arprcv
                0x0083ca14                send_via_arp
                0x0083cbbc                cb_arpent_tmo
                0x0083ccd4                grat_arp
 .text          0x0083cfa0      0x298 ../Webserver_bsp//libucosii_bsp.a(iface.o)
                0x0083cfa0                if_getbynum
                0x0083d024                isbcast
                0x0083d104                reg_type
                0x0083d1a0                if_killsocks
 .text          0x0083d238     0x22a4 ../Webserver_bsp//libucosii_bsp.a(ip.o)
                0x0083d238                ip_init
                0x0083d334                ip_bldhead
                0x0083d4d8                ip_write_internal
                0x0083dc58                ip_write
                0x0083dea0                ip_write2
                0x0083e250                ip_raw_write
                0x0083e328                ip_fragment_lc
                0x0083e7b0                ip_fragment
                0x0083edd4                ip_mymach
                0x0083ee80                ip_dump
                0x0083f138                iproute
                0x0083f3a4                ip_copypkt
 .text          0x0083f4dc     0x1d9c ../Webserver_bsp//libucosii_bsp.a(ip_reasm.o)
                0x0083f4dc                ip_reasm_match_frag_with_ire
                0x0083f5ac                ip_reasm_determine_type_of_frag
                0x0083f698                ip_reasm_check_mem_useage
                0x0083f730                ip_reasm_incr_mem_useage
                0x0083f7d8                ip_reasm_decr_mem_useage
                0x0083f878                ip_reasm_process_first_fragment
                0x0083fb58                ip_reassm
                0x0083fbf8                ip_reasm_compute_overlap
                0x00840188                ip_reasm_process_subsequent_fragments
                0x0084071c                ip_reasm_find_ire
                0x00840780                ip_reasm_copy_queued_fragments_into_reassy_buffer
                0x00840adc                ip_reasm_process_timer_tick
                0x00840bc0                ip_reasm_delete_ire
                0x00840d88                ip_reasm_mark_compact_rfq
                0x00840ed0                ipr_stats
                0x00841224                ip_reasm_send_icmp_timex
 .text          0x00841278      0xe3c ../Webserver_bsp//libucosii_bsp.a(ipdemux.o)
                0x00841278                ip_rcv
                0x00841678                ip_rcv_phase2
                0x00841c84                ip_demux
 .text          0x008420b4      0x2f0 ../Webserver_bsp//libucosii_bsp.a(ipmc.o)
                0x008420b4                in_addmulti
                0x0084221c                in_delmulti
                0x00842334                lookup_mcast
 .text          0x008423a4       0xe4 ../Webserver_bsp//libucosii_bsp.a(ipport.o)
                0x008423a4                prep_ifaces
                0x00842438                netexit
                0x00842460                evtmap_setup
 .text          0x00842488      0x550 ../Webserver_bsp//libucosii_bsp.a(ipraw.o)
                0x00842488                ip_raw_open
                0x00842578                ip_raw_close
                0x00842638                ip_raw_input
                0x00842870                ip_raw_alloc
                0x0084293c                ip_raw_free
                0x0084297c                ip_raw_maxalloc
 .text          0x008429d8      0x6f0 ../Webserver_bsp//libucosii_bsp.a(iproute.o)
                0x008429d8                rt_lookup
                0x00842b5c                add_route
                0x00842f84                del_route
 .text          0x008430c8      0xe3c ../Webserver_bsp//libucosii_bsp.a(udp.o)
                0x008430c8                udpdemux
                0x00843920                udp_send
                0x00843bd8                udpswap
                0x00843d08                udp_socket
                0x00843dd8                udp_alloc
                0x00843e98                udp_maxalloc
                0x00843ec4                udp_free
 .text          0x00843f04      0x2e8 ../Webserver_bsp//libucosii_bsp.a(igmp.o)
                0x00843f04                igmpv1_input
 .text          0x008441ec      0x7c0 ../Webserver_bsp//libucosii_bsp.a(igmp2.o)
                0x008441ec                igmpv2_input
                0x0084434c                igmpv2_process_report
                0x00844498                igmpv2_process_query
                0x008446e4                igmpv2_chk_set_timer
                0x0084483c                igmpv2_chk4_rtr_alert_opt
 .text          0x008449ac      0x8fc ../Webserver_bsp//libucosii_bsp.a(ipopt.o)
                0x008449ac                IPADDR_TO_NETP
                0x00844af4                ip_setmoptions
                0x008450e4                ip_getmoptions
                0x00845224                ip_freemoptions
 .text          0x008452a8      0x6ac ../Webserver_bsp//libucosii_bsp.a(u_mctest.o)
                0x008452a8                u_mctest_init
                0x008452d8                u_mctest_run
 .text          0x00845954      0x38c ../Webserver_bsp//libucosii_bsp.a(dhcsetup.o)
                0x00845954                dhc_setup
                0x00845bdc                dhc_main_ipset
 .text          0x00845ce0      0x40c ../Webserver_bsp//libucosii_bsp.a(memdev.o)
                0x00845ce0                init_memdev
                0x00845d58                md_fopen
                0x00845d80                md_fclose
                0x00845da0                md_fread
                0x00845f20                md_fwrite
                0x00845fa0                md_fseek
                0x00845fcc                md_ftell
                0x00845ff0                md_fgetc
                0x008460c8                md_unlink
 .text          0x008460ec      0x810 ../Webserver_bsp//libucosii_bsp.a(parseip.o)
                0x008460ec                parse_ipad
                0x00846408                inet_addr
                0x00846470                hextoa
                0x008464e0                inet_pton
                0x0084658c                inet_ntop
                0x00846618                print46_addr
                0x00846678                inet46_addr
                0x0084673c                inet_setport
                0x008467b0                convert_ip
 .text          0x008468fc      0x1cc ../Webserver_bsp//libucosii_bsp.a(tcpcksum.o)
                0x008468fc                tcp_cksum
 .text          0x00846ac8      0x900 ../Webserver_bsp//libucosii_bsp.a(in_pcb.o)
                0x00846ac8                in_pcballoc
                0x00846b5c                in_pcbdetach
                0x00846bb0                in_pcbbind
                0x00846e04                in_pcbconnect
                0x00847014                in_pcbdisconnect
                0x00847074                in_setsockaddr
                0x008470f0                in_setpeeraddr
                0x0084716c                in_pcblookup
 .text          0x008473c8     0x1a74 ../Webserver_bsp//libucosii_bsp.a(vfsfiles.o)
                0x008473c8                set_vfopen_error
                0x008473f0                get_vfopen_error
                0x00847410                vf_alloc_and_link_vop
                0x0084748c                vf_alloc_buffer
                0x00847564                vf_free_buffer
                0x008475b4                vfopen_locked
                0x0084791c                vfopen
                0x0084796c                vfclose_locked
                0x00847b14                vfclose
                0x00847b54                vfflush
                0x00847b9c                vfgets
                0x00847c80                vfeof
                0x00847cd8                vunlink_flag_open_files
                0x00847d34                vunlink
                0x00847f54                vfread
                0x00848100                vfwrite_locked
                0x008484e8                vfwrite
                0x00848548                vfseek
                0x008486c4                vftell
                0x008487f8                vgetc_locked
                0x00848918                vgetc
                0x00848960                vfslookup_locked
                0x00848a98                vfslookup
                0x00848ae0                strippath
                0x00848cc8                isvfile_locked
                0x00848d2c                isvfile
                0x00848d74                vferror
                0x00848de0                vclearerr
 .text          0x00848e3c       0x24 ../Webserver_bsp//libucosii_bsp.a(vfsport.o)
                0x00848e3c                prep_vfs
 .text          0x00848e60        0x0 ../Webserver_bsp//libucosii_bsp.a(alt_exception_entry.o)
 .text          0x00848e60      0x1b4 ../Webserver_bsp//libucosii_bsp.a(alt_fcntl.o)
                0x00848e60                alt_fcntl
 .text          0x00849014     0x130c ../Webserver_bsp//libucosii_bsp.a(icmp.o)
                0x00849014                icmprcv
                0x00849c48                icmp_destun
                0x00849f98                icmp_timex
                0x0084a2cc                icmp_du
 .text          0x0084a320       0x14 /OPT/altera/12.1/nios2eds/bin/gnu/H-i686-pc-linux-gnu/bin/../lib/gcc/nios2-elf/4.1.2/../../../../nios2-elf/lib/libc.a(lib_a-atexit.o)
                0x0084a320                atexit
 .text          0x0084a334       0x1c /OPT/altera/12.1/nios2eds/bin/gnu/H-i686-pc-linux-gnu/bin/../lib/gcc/nios2-elf/4.1.2/../../../../nios2-elf/lib/libc.a(lib_a-calloc.o)
                0x0084a334                calloc
 .text          0x0084a350       0x38 /OPT/altera/12.1/nios2eds/bin/gnu/H-i686-pc-linux-gnu/bin/../lib/gcc/nios2-elf/4.1.2/../../../../nios2-elf/lib/libc.a(lib_a-exit.o)
                0x0084a350                exit
 .text          0x0084a388      0x128 /OPT/altera/12.1/nios2eds/bin/gnu/H-i686-pc-linux-gnu/bin/../lib/gcc/nios2-elf/4.1.2/../../../../nios2-elf/lib/libc.a(lib_a-getc.o)
                0x0084a388                getc
                0x0084a420                _getc_r
 .text          0x0084a4b0       0x28 /OPT/altera/12.1/nios2eds/bin/gnu/H-i686-pc-linux-gnu/bin/../lib/gcc/nios2-elf/4.1.2/../../../../nios2-elf/lib/libc.a(lib_a-malloc.o)
                0x0084a4b0                free
                0x0084a4c4                malloc
 .text          0x0084a4d8       0x60 /OPT/altera/12.1/nios2eds/bin/gnu/H-i686-pc-linux-gnu/bin/../lib/gcc/nios2-elf/4.1.2/../../../../nios2-elf/lib/libc.a(lib_a-rget.o)
                0x0084a4d8                __srget_r
                0x0084a524                __srget
 .text          0x0084a538       0x34 /OPT/altera/12.1/nios2eds/bin/gnu/H-i686-pc-linux-gnu/bin/../lib/gcc/nios2-elf/4.1.2/../../../../nios2-elf/lib/libc.a(lib_a-vprintf.o)
                0x0084a538                _vprintf_r
                0x0084a54c                vprintf
 .text          0x0084a56c       0x74 /OPT/altera/12.1/nios2eds/bin/gnu/H-i686-pc-linux-gnu/bin/../lib/gcc/nios2-elf/4.1.2/../../../../nios2-elf/lib/libc.a(lib_a-vsprintf.o)
                0x0084a56c                _vsprintf_r
                0x0084a5bc                vsprintf
 .text          0x0084a5e0      0x134 /OPT/altera/12.1/nios2eds/bin/gnu/H-i686-pc-linux-gnu/bin/../lib/gcc/nios2-elf/4.1.2/../../../../nios2-elf/lib/libc.a(lib_a-__atexit.o)
                0x0084a5e0                __register_exitproc
 .text          0x0084a714      0x1b4 /OPT/altera/12.1/nios2eds/bin/gnu/H-i686-pc-linux-gnu/bin/../lib/gcc/nios2-elf/4.1.2/../../../../nios2-elf/lib/libc.a(lib_a-__call_atexit.o)
                0x0084a718                __call_exitprocs
 .text          0x0084a8c8       0x6c ../Webserver_bsp//libucosii_bsp.a(alt_exit.o)
                0x0084a908                _exit
 *(.gnu.warning.*)
 *(.fini)
                0x0084a934                PROVIDE (__etext, ABSOLUTE (.))
                0x0084a934                PROVIDE (_etext, ABSOLUTE (.))
                0x0084a934                PROVIDE (etext, ABSOLUTE (.))
 *(.eh_frame_hdr)
                0x0084a934                . = ALIGN (0x4)
                0x0084a934                PROVIDE (__preinit_array_start, ABSOLUTE (.))
 *(.preinit_array)
                0x0084a934                PROVIDE (__preinit_array_end, ABSOLUTE (.))
                0x0084a934                PROVIDE (__init_array_start, ABSOLUTE (.))
 *(.init_array)
                0x0084a934                PROVIDE (__init_array_end, ABSOLUTE (.))
                0x0084a934                PROVIDE (__fini_array_start, ABSOLUTE (.))
 *(.fini_array)
                0x0084a934                PROVIDE (__fini_array_end, ABSOLUTE (.))
 *(.eh_frame)
 *(.gcc_except_table)
 *(.dynamic)
                0x0084a934                PROVIDE (__CTOR_LIST__, ABSOLUTE (.))
 *(.ctors)
 *(SORT(.ctors.*))
 .ctors.65535   0x0084a934        0x4 /OPT/altera/12.1/nios2eds/bin/gnu/H-i686-pc-linux-gnu/bin/../lib/gcc/nios2-elf/4.1.2/../../../../nios2-elf/lib/libc.a(lib_a-__call_atexit.o)
                0x0084a938                PROVIDE (__CTOR_END__, ABSOLUTE (.))
                0x0084a938                PROVIDE (__DTOR_LIST__, ABSOLUTE (.))
 *(.dtors)
 *(SORT(.dtors.*))
                0x0084a938                PROVIDE (__DTOR_END__, ABSOLUTE (.))
 *(.jcr)
                0x0084a938                . = ALIGN (0x4)

.rodata         0x0084a938     0x424c
                0x0084a938                PROVIDE (__ram_rodata_start, ABSOLUTE (.))
                0x0084a938                . = ALIGN (0x4)
 *(.rodata .rodata.* .gnu.linkonce.r.*)
 .rodata        0x0084a938      0x654 obj/default/alt_error_handler.o
 .rodata        0x0084af8c       0x64 obj/default/dm9000a.o
 .rodata        0x0084aff0      0x838 obj/default/http.o
 .rodata        0x0084b828      0x1a0 obj/default/network_utilities.o
 .rodata        0x0084b9c8      0x1ac obj/default/srec_flash.o
 .rodata        0x0084bb74       0x74 obj/default/web_server.o
 .rodata        0x0084bbe8      0x281 /OPT/altera/12.1/nios2eds/bin/gnu/H-i686-pc-linux-gnu/bin/../lib/gcc/nios2-elf/4.1.2/../../../../nios2-elf/lib/libc.a(lib_a-ctype_.o)
                0x0084bbe8                _ctype_
 *fill*         0x0084be69        0x3 00
 .rodata.str1.4
                0x0084be6c        0x2 /OPT/altera/12.1/nios2eds/bin/gnu/H-i686-pc-linux-gnu/bin/../lib/gcc/nios2-elf/4.1.2/../../../../nios2-elf/lib/libc.a(lib_a-impure.o)
                                  0x4 (size before relaxing)
 *fill*         0x0084be6e        0x2 00
 .rodata.str1.4
                0x0084be70        0x3 /OPT/altera/12.1/nios2eds/bin/gnu/H-i686-pc-linux-gnu/bin/../lib/gcc/nios2-elf/4.1.2/../../../../nios2-elf/lib/libc.a(lib_a-perror.o)
                                  0x4 (size before relaxing)
 *fill*         0x0084be73        0x1 00
 .rodata.str1.4
                0x0084be74        0x2 /OPT/altera/12.1/nios2eds/bin/gnu/H-i686-pc-linux-gnu/bin/../lib/gcc/nios2-elf/4.1.2/../../../../nios2-elf/lib/libc.a(lib_a-puts.o)
                                  0x4 (size before relaxing)
 *fill*         0x0084be76        0x2 00
 .rodata.str1.4
                0x0084be78      0x7a2 /OPT/altera/12.1/nios2eds/bin/gnu/H-i686-pc-linux-gnu/bin/../lib/gcc/nios2-elf/4.1.2/../../../../nios2-elf/lib/libc.a(lib_a-strerror.o)
                                0x7a8 (size before relaxing)
 *fill*         0x0084c61a        0x2 00
 .rodata.str1.4
                0x0084c61c       0x5e /OPT/altera/12.1/nios2eds/bin/gnu/H-i686-pc-linux-gnu/bin/../lib/gcc/nios2-elf/4.1.2/../../../../nios2-elf/lib/libc.a(lib_a-vfprintf.o)
                                 0x60 (size before relaxing)
 .rodata        0x0084c67a       0x20 /OPT/altera/12.1/nios2eds/bin/gnu/H-i686-pc-linux-gnu/bin/../lib/gcc/nios2-elf/4.1.2/../../../../nios2-elf/lib/libc.a(lib_a-vfprintf.o)
 *fill*         0x0084c69a        0x2 00
 .rodata.str1.4
                0x0084c69c        0x5 /OPT/altera/12.1/nios2eds/bin/gnu/H-i686-pc-linux-gnu/bin/../lib/gcc/nios2-elf/4.1.2/../../../../nios2-elf/lib/libc.a(lib_a-vfscanf.o)
                                  0x8 (size before relaxing)
 *fill*         0x0084c6a1        0x1 00
 .rodata        0x0084c6a2       0x22 /OPT/altera/12.1/nios2eds/bin/gnu/H-i686-pc-linux-gnu/bin/../lib/gcc/nios2-elf/4.1.2/../../../../nios2-elf/lib/libc.a(lib_a-vfscanf.o)
 .rodata.str1.4
                0x0084c6c4       0x10 /OPT/altera/12.1/nios2eds/bin/gnu/H-i686-pc-linux-gnu/bin/../lib/gcc/nios2-elf/4.1.2/../../../../nios2-elf/lib/libc.a(lib_a-dtoa.o)
                                 0x14 (size before relaxing)
 .rodata.str1.4
                0x0084c6d4        0xf /OPT/altera/12.1/nios2eds/bin/gnu/H-i686-pc-linux-gnu/bin/../lib/gcc/nios2-elf/4.1.2/../../../../nios2-elf/lib/libc.a(lib_a-locale.o)
                                 0x18 (size before relaxing)
 *fill*         0x0084c6e3        0x1 00
 .rodata        0x0084c6e4       0x30 /OPT/altera/12.1/nios2eds/bin/gnu/H-i686-pc-linux-gnu/bin/../lib/gcc/nios2-elf/4.1.2/../../../../nios2-elf/lib/libc.a(lib_a-locale.o)
 .rodata.str1.4
                0x00000000        0x4 /OPT/altera/12.1/nios2eds/bin/gnu/H-i686-pc-linux-gnu/bin/../lib/gcc/nios2-elf/4.1.2/../../../../nios2-elf/lib/libc.a(lib_a-mbrtowc.o)
 .rodata        0x0084c714      0x124 /OPT/altera/12.1/nios2eds/bin/gnu/H-i686-pc-linux-gnu/bin/../lib/gcc/nios2-elf/4.1.2/../../../../nios2-elf/lib/libc.a(lib_a-mprec.o)
                0x0084c714                __mprec_tens
                0x0084c7dc                __mprec_bigtens
                0x0084c804                __mprec_tinytens
 .rodata.str1.4
                0x0084c838        0xf /OPT/altera/12.1/nios2eds/bin/gnu/H-i686-pc-linux-gnu/bin/../lib/gcc/nios2-elf/4.1.2/../../../../nios2-elf/lib/libc.a(lib_a-strtod.o)
                                 0x10 (size before relaxing)
 *fill*         0x0084c847        0x1 00
 .rodata        0x0084c848       0x28 /OPT/altera/12.1/nios2eds/bin/gnu/H-i686-pc-linux-gnu/bin/../lib/gcc/nios2-elf/4.1.2/../../../../nios2-elf/lib/libc.a(lib_a-strtod.o)
 .rodata.str1.4
                0x0084c870       0x1c /OPT/altera/12.1/nios2eds/bin/gnu/H-i686-pc-linux-gnu/bin/../lib/gcc/nios2-elf/4.1.2/../../../../nios2-elf/lib/libc.a(lib_a-gdtoa-gethex.o)
 .rodata        0x0084c88c       0x14 /OPT/altera/12.1/nios2eds/bin/gnu/H-i686-pc-linux-gnu/bin/../lib/gcc/nios2-elf/4.1.2/libgcc.a(_thenan_df.o)
                0x0084c88c                __thenan_df
 .rodata        0x0084c8a0      0x100 /OPT/altera/12.1/nios2eds/bin/gnu/H-i686-pc-linux-gnu/bin/../lib/gcc/nios2-elf/4.1.2/libgcc.a(_clz.o)
                0x0084c8a0                __clz_tab
 .rodata        0x0084c9a0       0x14 ../Webserver_bsp//libucosii_bsp.a(alt_main.o)
 .rodata        0x0084c9b4      0x120 ../Webserver_bsp//libucosii_bsp.a(os_core.o)
                0x0084c9b4                OSUnMapTbl
 .rodata        0x0084cad4       0x88 ../Webserver_bsp//libucosii_bsp.a(alt_sys_init.o)
 .rodata        0x0084cb5c       0xd8 ../Webserver_bsp//libucosii_bsp.a(ipnet.o)
 .rodata        0x0084cc34       0xec ../Webserver_bsp//libucosii_bsp.a(ipstart.o)
 .rodata        0x0084cd20      0x54c ../Webserver_bsp//libucosii_bsp.a(igmp_cmn.o)
 .rodata        0x0084d26c       0xb8 ../Webserver_bsp//libucosii_bsp.a(in_utils.o)
 .rodata        0x0084d324       0x34 ../Webserver_bsp//libucosii_bsp.a(netmain.o)
 .rodata        0x0084d358      0x1a8 ../Webserver_bsp//libucosii_bsp.a(tk_crnos.o)
 .rodata        0x0084d500        0x8 ../Webserver_bsp//libucosii_bsp.a(dhcpclnt.o)
 .rodata        0x0084d508      0x118 ../Webserver_bsp//libucosii_bsp.a(pktalloc.o)
 .rodata        0x0084d620       0x84 ../Webserver_bsp//libucosii_bsp.a(udp_open.o)
 .rodata        0x0084d6a4       0x2c ../Webserver_bsp//libucosii_bsp.a(brdutils.o)
 .rodata        0x0084d6d0      0x26c ../Webserver_bsp//libucosii_bsp.a(osportco.o)
 .rodata        0x0084d93c       0xa0 ../Webserver_bsp//libucosii_bsp.a(targnios.o)
 .rodata        0x0084d9dc       0x90 ../Webserver_bsp//libucosii_bsp.a(nptcp.o)
 .rodata        0x0084da6c        0x8 ../Webserver_bsp//libucosii_bsp.a(sockcall.o)
 .rodata        0x0084da74       0x50 ../Webserver_bsp//libucosii_bsp.a(socket.o)
 .rodata        0x0084dac4       0x40 ../Webserver_bsp//libucosii_bsp.a(socket2.o)
 .rodata        0x0084db04       0x20 ../Webserver_bsp//libucosii_bsp.a(tcp_in.o)
 .rodata        0x0084db24       0x40 ../Webserver_bsp//libucosii_bsp.a(tcp_out.o)
 .rodata        0x0084db64       0x24 ../Webserver_bsp//libucosii_bsp.a(tcp_subr.o)
 .rodata        0x0084db88       0x2c ../Webserver_bsp//libucosii_bsp.a(tcp_usr.o)
 .rodata        0x0084dbb4        0xc ../Webserver_bsp//libucosii_bsp.a(alt_dev.o)
 .rodata        0x0084dbc0        0x4 ../Webserver_bsp//libucosii_bsp.a(os_cpu_c.o)
 .rodata        0x0084dbc4      0x1d4 ../Webserver_bsp//libucosii_bsp.a(allports.o)
 .rodata        0x0084dd98       0x34 ../Webserver_bsp//libucosii_bsp.a(tk_misc.o)
 .rodata        0x0084ddcc       0x44 ../Webserver_bsp//libucosii_bsp.a(et_arp.o)
 .rodata        0x0084de10      0x1dc ../Webserver_bsp//libucosii_bsp.a(ip.o)
 .rodata        0x0084dfec      0x158 ../Webserver_bsp//libucosii_bsp.a(ip_reasm.o)
 .rodata        0x0084e144      0x120 ../Webserver_bsp//libucosii_bsp.a(ipdemux.o)
 .rodata        0x0084e264       0x34 ../Webserver_bsp//libucosii_bsp.a(ipport.o)
 .rodata        0x0084e298       0x24 ../Webserver_bsp//libucosii_bsp.a(ipraw.o)
 .rodata        0x0084e2bc       0x38 ../Webserver_bsp//libucosii_bsp.a(iproute.o)
 .rodata        0x0084e2f4       0xe8 ../Webserver_bsp//libucosii_bsp.a(udp.o)
 .rodata        0x0084e3dc      0x2d0 ../Webserver_bsp//libucosii_bsp.a(u_mctest.o)
 .rodata        0x0084e6ac       0xf8 ../Webserver_bsp//libucosii_bsp.a(dhcsetup.o)
 .rodata        0x0084e7a4       0x94 ../Webserver_bsp//libucosii_bsp.a(parseip.o)
 .rodata        0x0084e838       0x34 ../Webserver_bsp//libucosii_bsp.a(vfsfiles.o)
 .rodata        0x0084e86c      0x318 ../Webserver_bsp//libucosii_bsp.a(icmp.o)
 *(.rodata1)
                0x0084eb84                . = ALIGN (0x4)
                0x0084eb84                PROVIDE (__ram_rodata_end, ABSOLUTE (.))
                0x0084a938                PROVIDE (__flash_rodata_start, LOADADDR (.rodata))

.rwdata         0x0084eb84     0x1ed0
                0x0084eb84                PROVIDE (__ram_rwdata_start, ABSOLUTE (.))
                0x0084eb84                . = ALIGN (0x4)
 *(.got.plt)
 *(.got)
 *(.data1)
 *(.data .data.* .gnu.linkonce.d.*)
 .data          0x0084eb84        0x0 ../Webserver_bsp//obj/HAL/src/crt0.o
 .data          0x0084eb84        0x0 obj/default/alt_error_handler.o
 .data          0x0084eb84        0x0 obj/default/dm9000a.o
 .data          0x0084eb84        0x0 obj/default/http.o
 .data          0x0084eb84        0x0 obj/default/network_utilities.o
 .data          0x0084eb84        0x0 obj/default/srec_flash.o
 .data          0x0084eb84       0x18 obj/default/web_server.o
                0x0084eb84                wstask
 .data          0x0084eb9c        0x0 /OPT/altera/12.1/nios2eds/bin/gnu/H-i686-pc-linux-gnu/bin/../lib/gcc/nios2-elf/4.1.2/libgcc.a(lib2-divmod.o)
 .data          0x0084eb9c        0x0 /OPT/altera/12.1/nios2eds/bin/gnu/H-i686-pc-linux-gnu/bin/../lib/gcc/nios2-elf/4.1.2/../../../../nios2-elf/lib/libc.a(lib_a-atoi.o)
 .data          0x0084eb9c        0x0 /OPT/altera/12.1/nios2eds/bin/gnu/H-i686-pc-linux-gnu/bin/../lib/gcc/nios2-elf/4.1.2/../../../../nios2-elf/lib/libc.a(lib_a-ctype_.o)
 .data          0x0084eb9c        0x0 /OPT/altera/12.1/nios2eds/bin/gnu/H-i686-pc-linux-gnu/bin/../lib/gcc/nios2-elf/4.1.2/../../../../nios2-elf/lib/libc.a(lib_a-fclose.o)
 .data          0x0084eb9c        0x0 /OPT/altera/12.1/nios2eds/bin/gnu/H-i686-pc-linux-gnu/bin/../lib/gcc/nios2-elf/4.1.2/../../../../nios2-elf/lib/libc.a(lib_a-fflush.o)
 .data          0x0084eb9c        0x0 /OPT/altera/12.1/nios2eds/bin/gnu/H-i686-pc-linux-gnu/bin/../lib/gcc/nios2-elf/4.1.2/../../../../nios2-elf/lib/libc.a(lib_a-fgetpos.o)
 .data          0x0084eb9c        0x0 /OPT/altera/12.1/nios2eds/bin/gnu/H-i686-pc-linux-gnu/bin/../lib/gcc/nios2-elf/4.1.2/../../../../nios2-elf/lib/libc.a(lib_a-findfp.o)
 .data          0x0084eb9c        0x0 /OPT/altera/12.1/nios2eds/bin/gnu/H-i686-pc-linux-gnu/bin/../lib/gcc/nios2-elf/4.1.2/../../../../nios2-elf/lib/libc.a(lib_a-fopen.o)
 .data          0x0084eb9c        0x0 /OPT/altera/12.1/nios2eds/bin/gnu/H-i686-pc-linux-gnu/bin/../lib/gcc/nios2-elf/4.1.2/../../../../nios2-elf/lib/libc.a(lib_a-fprintf.o)
 .data          0x0084eb9c        0x0 /OPT/altera/12.1/nios2eds/bin/gnu/H-i686-pc-linux-gnu/bin/../lib/gcc/nios2-elf/4.1.2/../../../../nios2-elf/lib/libc.a(lib_a-fread.o)
 .data          0x0084eb9c        0x0 /OPT/altera/12.1/nios2eds/bin/gnu/H-i686-pc-linux-gnu/bin/../lib/gcc/nios2-elf/4.1.2/../../../../nios2-elf/lib/libc.a(lib_a-freer.o)
 .data          0x0084eb9c        0x0 /OPT/altera/12.1/nios2eds/bin/gnu/H-i686-pc-linux-gnu/bin/../lib/gcc/nios2-elf/4.1.2/../../../../nios2-elf/lib/libc.a(lib_a-fseek.o)
 .data          0x0084eb9c        0x0 /OPT/altera/12.1/nios2eds/bin/gnu/H-i686-pc-linux-gnu/bin/../lib/gcc/nios2-elf/4.1.2/../../../../nios2-elf/lib/libc.a(lib_a-fstatr.o)
 .data          0x0084eb9c        0x0 /OPT/altera/12.1/nios2eds/bin/gnu/H-i686-pc-linux-gnu/bin/../lib/gcc/nios2-elf/4.1.2/../../../../nios2-elf/lib/libc.a(lib_a-ftell.o)
 .data          0x0084eb9c        0x0 /OPT/altera/12.1/nios2eds/bin/gnu/H-i686-pc-linux-gnu/bin/../lib/gcc/nios2-elf/4.1.2/../../../../nios2-elf/lib/libc.a(lib_a-fwalk.o)
 .data          0x0084eb9c        0x0 /OPT/altera/12.1/nios2eds/bin/gnu/H-i686-pc-linux-gnu/bin/../lib/gcc/nios2-elf/4.1.2/../../../../nios2-elf/lib/libc.a(lib_a-fwrite.o)
 .data          0x0084eb9c      0x400 /OPT/altera/12.1/nios2eds/bin/gnu/H-i686-pc-linux-gnu/bin/../lib/gcc/nios2-elf/4.1.2/../../../../nios2-elf/lib/libc.a(lib_a-impure.o)